08-02 10:58:56.364   656  7049 D ACDB-LOADER: ACDB -> send_audio_cal, acdb_id = 15, path = 0, app id = 0x11131, sample rate = 48000
08-02 10:58:56.364   656  7049 D ACDB-LOADER: ACDB -> send_asm_topology
08-02 10:58:56.364   656  7049 D ACDB-LOADER: ACDB -> ACDB_CMD_GET_AUDPROC_STREAM_TOPOLOGY_ID
08-02 10:58:56.365   656  7049 D ACDB-LOADER: ACDB -> send_adm_topology
08-02 10:58:56.365   656  7049 D ACDB-LOADER: ACDB -> ACDB_CMD_GET_AUDPROC_COMMON_TOPOLOGY_ID
08-02 10:58:56.365   656  7049 D ACDB-LOADER: ACDB -> send_audtable
08-02 10:58:56.365   656  7049 D ACDB-LOADER: ACDB -> ACDB_CMD_GET_AUDPROC_COMMON_TABLE_SIZE
08-02 10:58:56.365   656  7049 D ACDB-LOADER: ACDB -> ACDB_CMD_GET_AUDPROC_COMMON_TABLE
08-02 10:58:56.365   656  7049 D ACDB-LOADER: ACDB -> AUDIO_SET_AUDPROC_CAL
08-02 10:58:56.365   656  7049 D ACDB-LOADER: ACDB -> send_audvoltable
08-02 10:58:56.365   656  7049 D ACDB-LOADER: ACDB -> ACDB_CMD_GET_AUDPROC_VOL_STEP_TABLE_SIZE
08-02 10:58:56.365   656  7049 D ACDB-LOADER: ACDB -> ACDB_CMD_GET_AUDPROC_GAIN_DEP_STEP_TABLE, vol index 0
08-02 10:58:56.365   656  7049 D ACDB-LOADER: ACDB -> AUDIO_SET_VOL_CAL cal type = 12
08-02 10:58:56.365   656  7049 D ACDB-LOADER: ACDB -> ACDB_CMD_GET_AUDPROC_STREAM_TABLE_SIZE
08-02 10:58:56.365   656  7049 D ACDB-LOADER: ACDB -> send_audstrmtable
08-02 10:58:56.365   656  7049 D ACDB-LOADER: ACDB -> ACDB_CMD_GET_AUDPROC_STREAM_TABLE_V2
08-02 10:58:56.365   656  7049 D ACDB-LOADER: ACDB -> audstrm_cal->cal_type.cal_data.cal_size = 16
08-02 10:58:56.365   656  7049 D ACDB-LOADER: ACDB -> send_afe_topology
08-02 10:58:56.365   656  7049 D ACDB-LOADER: ACDB -> ACDB_CMD_GET_AFE_TOPOLOGY_ID
08-02 10:58:56.365   656  7049 D ACDB-LOADER: ACDB -> GET_AFE_TOPOLOGY_ID for adcd_id 15, Topology Id 1025e
08-02 10:58:56.365   656  7049 D ACDB-LOADER: ACDB -> send_afe_cal
08-02 10:58:56.365   656  7049 D ACDB-LOADER: ACDB -> ACDB_CMD_GET_AFE_COMMON_TABLE_SIZE
08-02 10:58:56.365   656  7049 D ACDB-LOADER: ACDB -> ACDB_CMD_GET_AFE_COMMON_TABLE
08-02 10:58:56.365   656  7049 D ACDB-LOADER: ACDB -> AUDIO_SET_AFE_CAL
08-02 10:58:56.365   656  7049 D ACDB-LOADER: ACDB -> send_hw_delay : acdb_id = 15 path = 0
08-02 10:58:56.365   656  7049 D ACDB-LOADER: ACDB -> ACDB_AVSYNC_INFO: ACDB_CMD_GET_DEVICE_PROPERTY
08-02 10:58:56.365   656  7049 D audio_hw_primary: enable_audio_route: apply mixer and update path: low-latency-playback
08-02 10:58:56.365   656  7049 D audio_route: Apply path: low-latency-playback
08-02 10:58:56.366   656  7049 E msm8916_platform: platform_get_snd_device_acdb_id: Invalid snd_device = 0
08-02 10:58:56.366   656  7049 D audio_hw_primary: select_devices: acdb_id_in: -22   |  acdb_id_out: 15 speaker
08-02 10:58:56.366   656  7049 D audio_hw_primary: select_devices: done
08-02 10:58:56.368   656  7049 D msm8916_platform: platform_set_channel_map mixer_ctl_name:Playback Channel Map12
08-02 10:58:56.368   656  7049 D msm8916_platform: platform_set_channel_map: set mapping(1 2 0 0 0 0 0 0) for channel:2
08-02 10:58:56.417   656  7049 D audio_hw_primary: start_output_stream: exit
08-02 10:58:56.417   656  7049 D msm8916_platform: platform_set_swap_channels: will not swap due to it is not stereo spkr
08-02 10:58:56.443  3224  3261 I DCS-NetHelper: isOppoCtaUpdateServiceOn val:true
08-02 10:58:56.497  1882  2129 I DisplayPowerController: Blocking screen off
08-02 10:58:56.497  1882  2129 I DisplayPowerController: Unblocked screen off after 1 ms
08-02 10:58:56.511  4442  4536 I Launcher.LauncherTraceUtil: writeLauncherStateToFile. The mStateTrace is null!
08-02 10:58:56.514  1882  2129 D AutomaticBrightnessController: setLightSensorEnabled: enable=false, mLightSensorEnabled=true, mAmbientLuxValid=false, mResetAmbientLuxAfterWarmUpConfig=true
08-02 10:58:56.515   669  2390 E qti_sensors_hal: batch:sensor(android.sensor.light) handle:2 enabled:1 flags:0x0 period_ns 500000000
08-02 10:58:56.515   669  2390 E qti_sensors_hal: batch:sensor(android.sensor.light) sample_rate=15.000000Hz report_rate_f=0.000000Hz curr sample rate:15.000000 cur rpt rate:0 max:15.000000 min:0.015259
08-02 10:58:56.515   669  2390 E qti_sensors_hal: thresh enable ,handle=57, en=0
08-02 10:58:56.517  1882  3139 I chatty  : uid=1000(system) PhotonicModulat expire 8 lines
08-02 10:58:56.517  1882  2093 I DisplayManagerService: Display device changed state: "", OFF
08-02 10:58:56.518   697   697 D SurfaceFlinger: Set power mode=0, type=0 flinger=0x709905f000
08-02 10:58:56.521   664   664 I SDM     : DisplayBase::SetDisplayState: Set state = 0, display 0
08-02 10:58:56.545  3275  3590 I chatty  : uid=1000(system) SoundPool expire 3 lines
08-02 10:58:56.632  1135  1366 D APM_AudioPolicyManager: stopOutput() output 13, stream 1, session 41
08-02 10:58:56.632  1135  1366 D APM_AudioPolicyManager: setOutputDevice() output 13 device 0000 force 0 delayMs 96
08-02 10:58:56.762   697   697 D SurfaceFlinger: Set power mode=0, type=0 done
08-02 10:58:56.762   762   804 E libnav  : AbaSuspend skips SVI deactivate: state was 3
08-02 10:58:56.763  1882  2412 I chatty  : uid=1000(system) HwBinder:1882_2 expire 1 line
08-02 10:58:56.764   668   668 I QTI PowerHAL: Got set_interactive hint
08-02 10:58:56.764   668   668 I QTI PowerHAL: Got set_interactive hint on= 0, count= 6
08-02 10:58:56.764   668   668 E QTI PowerHAL: Error opening /sys/kernel/hbtp/display_pwr: No such file or directory
08-02 10:58:56.765  1882  2129 I PowerManagerService: Sleeping (uid 1000)...
08-02 10:58:56.768  1882  1882 I BatteryService: action received : android.intent.action.SCREEN_OFF
08-02 10:58:56.784  1882  4721 I StatusBarManagerService: disable, what:19398656, pkg:com.android.systemui token:android.os.BinderProxy@7b75f98
08-02 10:58:56.784  1882  4721 I StatusBarManagerService: disableLocked, what:1280000, pkg:com.android.systemui userId: 0 token:android.os.BinderProxy@7b75f98 net1:1280000 net2:0
08-02 10:58:56.811  3215  3215 E wpa_supplicant: wpa_driver_nl80211_enable_filter: enable: 1, filter cnt: 12
08-02 10:58:56.830  1882  4748 I StatusBarManagerService: disable, what:19398656, pkg:com.android.systemui token:android.os.BinderProxy@7b75f98
08-02 10:58:56.845  1882  4721 V WindowManager: Changing focus from Window{fb6c1ce u0 com.oppo.launcher/com.oppo.launcher.Launcher} to Window{9034441 u0 StatusBar}
08-02 10:58:56.846  1882  4721 I StatusBarManagerService: disableLocked, what:c00000, pkg:Window{9034441 u0 StatusBar} userId: 0 token:android.os.Binder@9e1a4a7 net1:1e80000 net2:0
08-02 10:58:56.897  1882  4748 I StatusBarManagerService: disable, what:19398656, pkg:com.android.systemui token:android.os.BinderProxy@7b75f98
08-02 10:58:56.984   656  1360 D audio_hw_primary: adev_set_parameters: enter: screen_state=off
08-02 10:58:56.984   656  1360 D audio_engineer_test: init_acdb_calibration: already finish
08-02 10:58:56.984   656  1360 D audio_hw_extn: audio_extn_set_anc_parameters: anc_enabled:0
08-02 10:58:56.984   656  1360 D audio_hw_spkr_prot: audio_extn_fbsp_set_parameters: Speaker protection disabled
08-02 10:58:56.998  1882  2027 I chatty  : uid=1000(system) android.bg expire 13 lines
08-02 10:58:56.908  1882  4748 I StatusBarManagerService: disable, what:19398656, pkg:com.android.systemui token:android.os.BinderProxy@7b75f98
08-02 10:58:57.000  1882  2027 D OppoPowerMonitor: getScreenOffBatteryInfo mScreenOffBatteryLevel = 97
08-02 10:58:57.000  1882  2027 D OppoPowerMonitor: getScreenOffBatteryInfo mBatteryCapacityScreenOff = 3977
08-02 10:58:57.000  1882  2027 D OppoPowerMonitor: getScreenOffBatteryInfo mBatteryJumpSocScreenOff = 0
08-02 10:58:57.002  1882  2027 D OppoPowerMonitor: /proc/wlan_wakeup_log not exists
08-02 10:58:57.008  3393  3509 I QCNEJ/CndHalConnector: -> SND notifyScreenStateChanged(false)
08-02 10:58:57.009  3393  3509 I QCNEJ/CndHalConnector: -> SND notifyScreenStateChanged(false)
08-02 10:58:57.015  4149  4155 W elsa    : WARNING  UidStatisticGlobal::flushRecordToFile, line = 471, Record = 0
08-02 10:58:57.024  3186  3186 I AppProtectService: onReceive() Intent.ACTION_USER_PRESENT
08-02 10:58:57.030  1882  4747 D ActivityManager: bringUpService for proc:com.coloros.safecenter, isolated:false
08-02 10:58:57.034  4408 13802 D ColorServicesMonitor: start OppoAutoClearService in 3 minutes  3048421/3048425/3048426
08-02 10:58:57.046  1882  4663 I chatty  : uid=1000(system) IzatProvider expire 14 lines
08-02 10:58:57.046   676   676 V LocSvc_HIDL_IzatSubscription: [screenStatusUpdate][575] [HS] <<<<= [HC]
08-02 10:58:57.059  4558  5335 I Choreographer: frameHandleService pause to monitor
08-02 10:58:57.086  1882  3062 V NetworkPolicy: updateNetworkEnabledNL()
08-02 10:58:57.086  1882  3062 V NetworkPolicy: updateNotificationsNL()
08-02 10:58:57.089 10776 10776 V UploadJobSchedulerService: action : android.intent.action.SCREEN_OFF
08-02 10:58:57.090 10776 10776 V UploadJobSchedulerService: no music
08-02 10:58:59.556   656  3088 D audio_hw_primary: out_standby: enter: stream (0xea794000) usecase(1: low-latency-playback)
08-02 10:58:59.652   656  3088 D audio_hw_primary: disable_audio_route: reset and update mixer path: low-latency-playback
08-02 10:58:59.656   656  3088 E soundtrigger: audio_extn_sound_trigger_update_stream_status: invalid input device 0x0, for event 2
08-02 10:58:59.656   656  3088 D soundtrigger: audio_extn_sound_trigger_update_stream_status: uc_info->id 1 of type 0 for Event 2, with Raise=0
08-02 10:58:59.656   656  3088 D hardware_info: hw_info_append_hw_type : device_name = speaker
08-02 10:58:59.656   656  3088 D audio_hw_primary: disable_snd_device: snd_device(2: speaker)
08-02 10:58:59.656   656  3088 D msm8916_platform: platform_split_snd_device: snd_device(2) num devices(0) new_snd_devices(0)
08-02 10:58:59.665   656  3088 D audio_hw_primary: out_standby: exit
08-02 10:59:21.262  3444  3444 D QtiCarrierConfigHelper: WARNING, no carrier configs on phone Id: 0
08-02 10:59:21.263  1882  1882 D OppoEngineerService: onReceive intent = Intent { act=android.intent.action.BATTERY_CHANGED flg=0x60000010 (has extras) }
08-02 10:59:24.780 13789 13790 E rutils  : releaseProcess gCount = 0
08-02 10:59:24.792   463   463 I ServiceManager: service 'oppo.com.IRUtils' died
08-02 10:59:26.325  1882  5018 D NetworkPolicy: uid 10027 is allowed on unmetered network
08-02 10:59:37.070  9641 13684 V NativeCrypto: Read error: ssl=0xdec228c8: I/O error during system call, Connection reset by peer
08-02 10:59:37.073  9641 13684 V NativeCrypto: Write error: ssl=0xdec228c8: I/O error during system call, Broken pipe
08-02 10:59:37.074  9641 13684 V NativeCrypto: Write error: ssl=0xdec228c8: I/O error during system call, Broken pipe
08-02 10:59:37.075  9641 13684 V NativeCrypto: SSL shutdown failed: ssl=0xdec228c8: I/O error during system call, Success
08-02 10:59:46.523  1882 13839 I chatty  : uid=1000 system_server expire 1 line
08-02 10:59:46.525  1882 13840 I chatty  : uid=1000 system_server expire 1 line
08-02 10:59:46.527  1882 13841 I chatty  : uid=1000 system_server expire 1 line
08-02 10:59:57.010  1882  2027 D OppoService: getCurrentFlashLightState:6
08-02 11:00:28.730  1882  1882 D OppoEngineerService: onReceive intent = Intent { act=android.intent.action.BATTERY_CHANGED flg=0x60000010 (has extras) }
08-02 11:00:28.738  3444  3444 D QtiCarrierConfigHelper: WARNING, no carrier configs on phone Id: 0
08-02 11:00:32.199  4442  4488 W zygote64: Checksum mismatch for dex OppoSmallWeatherWidget.apk
08-02 11:00:32.199  4442  4488 W zygote64: Checksum mismatch for dex OppoSmallWeatherWidget.apk
08-02 11:00:32.203  4442  4488 W zygote64: Checksum mismatch for dex OppoLauncher.apk
08-02 11:00:32.203  4442  4488 W zygote64: Checksum mismatch for dex OppoLauncher.apk
08-02 11:00:53.653 13691 13691 I Process : Sending signal. PID: 13691 SIG: 9
08-02 11:00:53.723  1882  1919 I ActivityManager: Process com.oppo.market:dcs (pid 13691) has died: fore SVC 
08-02 11:00:53.727  1882  1919 W ActivityManager: app.persistent false app.isolated false app.removed false app ProcessRecord{8fae5e5 13691:com.oppo.market:dcs/u0a70}
08-02 11:00:56.326  1882  5027 D NetworkPolicy: uid 10027 is allowed on unmetered network
08-02 11:01:03.691  3444  3444 D QtiCarrierConfigHelper: WARNING, no carrier configs on phone Id: 0
08-02 11:01:03.701  1882  1882 D OppoEngineerService: onReceive intent = Intent { act=android.intent.action.BATTERY_CHANGED flg=0x60000010 (has extras) }
08-02 11:01:35.853  1882  3472 D NetworkPolicy: uid 10068 is allowed on unmetered network
08-02 11:02:26.326  1882  4747 D NetworkPolicy: uid 10027 is allowed on unmetered network
08-02 11:02:36.666  1882 13899 I chatty  : uid=1000 system_server expire 1 line
08-02 11:02:36.667  1882 13898 I chatty  : uid=1000 system_server expire 1 line
08-02 11:02:36.669  1882 13897 I chatty  : uid=1000 system_server expire 1 line
08-02 11:03:48.938  1882 13918 I chatty  : uid=1000 system_server expire 1 line
08-02 11:03:48.940  1882 13917 I chatty  : uid=1000 system_server expire 1 line
08-02 11:03:48.946  1882 13919 I chatty  : uid=1000 system_server expire 1 line
08-02 11:03:56.327  1882  5027 D NetworkPolicy: uid 10027 is allowed on unmetered network
08-02 11:03:57.042  1882  1882 I ActivityManager: Start proc 13925:com.coloros.gallery3d/u0a39 for service com.coloros.gallery3d/com.oppo.gallery3d.tags.GalleryScanService
08-02 11:03:57.077  1135 10803 D AudioFlinger: getActiveAudioPids pids = 
08-02 11:03:57.106 13925 13925 I zygote  : The ClassLoaderContext is a special shared library.
08-02 11:03:57.109 13925 13925 I zygote  : The ClassLoaderContext is a special shared library.
08-02 11:03:57.125 13925 13925 I MultiDex: VM with version 2.1.0 has multidex support
08-02 11:03:57.126 13925 13925 I MultiDex: Installing application
08-02 11:03:57.126 13925 13925 I MultiDex: VM has multidex support, MultiDex support library is disabled.
08-02 11:03:57.130 13925 13925 W GalleryUtils: getContainerUserStatus exception:java.lang.ClassNotFoundException: com.thundersoft.security.ContainerManager
08-02 11:03:57.181 10776 13213 V UploadJobSchedulerService: handle : 1001
08-02 11:03:57.181 10776 13213 V UploadJobSchedulerService: startUpload
08-02 11:03:57.181 10776 13213 V UploadJobSchedulerService: nothing to upload
08-02 11:03:57.181 10776 13213 V UploadJobSchedulerService: destoryService
08-02 11:03:57.182 10776 13213 V UploadJobSchedulerService: cancel
08-02 11:03:57.183 10776 13213 V UploadJobSchedulerService: finish job
08-02 11:03:57.184  1882  5019 D NetworkPolicy: uid 10039 is allowed on unmetered network
08-02 11:03:57.204 13925 13925 D OppoUsbEnvironmentSys: getVolumes: sInternalSdDir=/storage/emulated/0
08-02 11:03:57.208 13925 13925 D OppoUsbEnvironmentSys: update: registerReceiver sVolumeStateReceiver
08-02 11:03:57.211 13925 13925 W RecycleProvider: DatabaseHelper: /.ColorOSGalleryRecycler
08-02 11:03:57.216 13925 13925 W AlbumsProvider: attachInfo
08-02 11:03:57.255 13925 13943 W LabelCloudHelper: isExistCloudDictionary, path is not directory!
08-02 11:03:57.184  1882  5019 D NetworkPolicy: uid 10039 is allowed on unmetered network
08-02 11:03:57.289  1882  5026 D NetworkPolicy: uid 10039 is allowed on unmetered network
08-02 11:03:57.290  1882  5026 D NetworkPolicy: uid 10039 is allowed on unmetered network
08-02 11:03:57.317  1882  5027 D JobServiceContext: scheduleOpTimeOut set oppo job timeout to 2 hour
08-02 11:03:57.319  1882  5027 D NetworkPolicy: uid 10039 is allowed on unmetered network
08-02 11:03:57.384 13925 13925 V media_breakpad_jni: registerBreakpad
08-02 11:03:57.385 13925 13956 W GalleryScanSyncTaskManager: handleScanMsg triggerType =2,scanType =30
08-02 11:03:57.319  1882  5027 D NetworkPolicy: uid 10039 is allowed on unmetered network
08-02 11:03:57.386  1882  5018 D JobServiceContext: scheduleOpTimeOut set oppo job timeout to 2 hour
08-02 11:03:57.387  1882  5018 D JobServiceContext: scheduleOpTimeOut set oppo job timeout to 2 hour
08-02 11:03:57.393  1882  5018 I JobSchedulerService: getRescheduleJobForFailureLocked set job delay 30000
08-02 11:03:57.456  1882  5027 D JobServiceContext: scheduleOpTimeOut set oppo job timeout to 2 hour
08-02 11:03:57.559 13925 13956 I OpenCV  : calling android_getCpuFeatures() ...
08-02 11:03:57.559 13925 13956 I OpenCV  : calling android_getCpuFeatures() ... Done (1f7ff)
08-02 11:03:57.567 13925 13956 I FaceAttributeDetectJNI: [native_setDebugEnabled] debug mode has already disabled
08-02 11:03:57.578  1882  5019 I chatty  : uid=1000(system) Binder:1882_1E expire 8 lines
08-02 11:03:57.585 13925 13956 W GalleryScanSyncTaskManager: handleMessage, last scan has executed within one hour, we give up this scan to avoid endless loop!
08-02 11:03:57.588 13925 13956 W GalleryScanSyncTaskManager: handleMessage, last scan has executed within one hour, we give up this scan to avoid endless loop!
08-02 11:03:57.588 13925 13930 I zygote  : Do partial code cache collection, code=27KB, data=25KB
08-02 11:03:57.588 13925 13930 I zygote  : After code cache collection, code=27KB, data=25KB
08-02 11:03:57.589 13925 13930 I zygote  : Increasing code cache capacity to 128KB
08-02 11:03:57.589 13925 13956 W GalleryScanSyncTaskManager: handleMessage, last scan has executed within one hour, we give up this scan to avoid endless loop!
08-02 11:03:57.590 13925 13956 W GalleryScanSyncTaskManager: handleMessage, last scan has executed within one hour, we give up this scan to avoid endless loop!
08-02 11:03:58.343 13925 13945 W MemoriesProviderHelper: syncMeta, metaList is empty!
08-02 11:03:58.345 13925 13945 W MemoriesProviderHelper: syncSet, setCursor is null!
08-02 11:03:58.381 13925 13945 W GalleryScanProviderHelper: deleteMediaFile, fileList is empty!
08-02 11:03:58.382 13925 13945 W GalleryTraceUtil: bulkTraceStatistics, fileList is empty!
08-02 11:03:58.383 13925 13945 E RecycleDataManager: notifyDirty image&video uri
08-02 11:03:58.384 13925 13956 W GalleryScanProviderHelper: deleteImage, imageList is empty!
08-02 11:03:58.385 13925 13956 W GalleryScanProviderHelper: updateImageInvalid, imageList is empty!
08-02 11:03:58.385 13925 13956 W GalleryScanProviderHelper: updateImageInvalidWithMediaId, imageList is empty!
08-02 11:03:58.406 13925 13956 W GalleryScanProviderHelper: deleteClassifyImage, imageList is empty!
08-02 11:03:58.406 13925 13956 W GalleryScanProviderHelper: updateClassifyImageInvalid, imageList is empty!
08-02 11:03:58.427 13925 13956 W GalleryScanProviderHelper: deleteOcrScanImage, imageList is empty!
08-02 11:03:58.428 13925 13956 W GalleryScanProviderHelper: updateOcrScanImageInvalid, imageList is empty!
08-02 11:03:58.923 13925 13964 W BucketHelper: loadBucketEntries, loadTime: 15
08-02 11:03:58.937 13925 13964 W MemoriesHelper: loadAllMemoriesEntries: cursor is null!
08-02 11:04:02.114 13925 13940 I zygote  : Waiting for a blocking GC ProfileSaver
08-02 11:04:02.136 13925 13940 I zygote  : WaitForGcToComplete blocked ProfileSaver on HeapTrim for 22.730ms
08-02 11:04:02.138 13925 13933 W SQLiteConnectionPool: A SQLiteConnection object for database '/data/user/0/com.coloros.gallery3d/databases/geo.db' was leaked!  Please fix your application to end transactions in progress properly and to close the database when it is no longer needed.
08-02 11:04:02.139 13925 13933 W SQLiteConnectionPool: A SQLiteConnection object for database '/data/user/0/com.coloros.gallery3d/databases/geo.db' was leaked!  Please fix your application to end transactions in progress properly and to close the database when it is no longer needed.
08-02 11:04:48.736  1882  2070 I chatty  : uid=1000(system) batterystats-wo expire 12 lines
08-02 11:04:48.744  3946  3946 I Cloud.SyncPolicy: onChargingStateChanged
08-02 11:04:48.745  3444  3444 D QtiCarrierConfigHelper: WARNING, no carrier configs on phone Id: 0
08-02 11:04:48.748  1882  1882 D OppoEngineerService: onReceive intent = Intent { act=android.intent.action.BATTERY_CHANGED flg=0x60000010 (has extras) }
08-02 11:04:48.768  1882  4712 D NetworkPolicy: uid 10049 is allowed on unmetered network
08-02 11:04:48.770  3946  3946 W Cloud.SyncPolicy: loopTaskPools qualifiedRequests is empty
08-02 11:04:48.791  1882  2070 E BatteryExternalStatsWorker: no controller energy info supplied for bluetooth
08-02 11:04:51.695  1882 13982 I chatty  : uid=1000 system_server expire 1 line
08-02 11:04:51.757  1882 13983 I chatty  : uid=1000 system_server expire 1 line
08-02 11:04:51.761  1882 13981 I chatty  : uid=1000 system_server expire 1 line
08-02 11:05:26.329  1882  4747 D NetworkPolicy: uid 10027 is allowed on unmetered network
08-02 11:05:32.127  3275  3603 I chatty  : uid=1000(system) SysUiBg expire 4 lines
08-02 11:05:48.733  1882  1882 D OppoEngineerService: onReceive intent = Intent { act=android.intent.action.BATTERY_CHANGED flg=0x60000010 (has extras) }
08-02 11:05:48.733  3444  3444 D QtiCarrierConfigHelper: WARNING, no carrier configs on phone Id: 0
08-02 11:06:35.958  1882  4464 D NetworkPolicy: uid 10068 is allowed on unmetered network
08-02 11:06:56.330  1882  4509 D NetworkPolicy: uid 10027 is allowed on unmetered network
08-02 11:07:30.681  1882  4509 I ActivityManager: Killing 11070:com.coloros.wirelesssettings/1000 (adj 906): empty #17
08-02 11:07:30.710  9265  9265 I WeatherS_AutoUpdateWeatherService: onStartJob JobId:1346254910
08-02 11:07:30.712  1882  4397 D NetworkPolicy: uid 10083 is allowed on unmetered network
08-02 11:07:30.716  9265  9265 I WeatherS_ServiceAutoUpdateWeather: launchUpdateWeatherServiceInDelayTime delay time:5399781, list size = 1
08-02 11:07:30.720  9265  9265 I WeatherS_AutoUpdateWeatherService: doUpdateNow = false
08-02 11:07:30.721  9265  9265 I WeatherS_AutoUpdateWeatherService: updateWeather mCurrentJob = null
08-02 11:07:30.772  1882  4397 W ActivityManager: app.persistent false app.isolated false app.removed false app ProcessRecord{4dc5ca3 11070:com.coloros.wirelesssettings/1000}
08-02 11:07:39.335  1882 14040 I chatty  : uid=1000 system_server expire 1 line
08-02 11:07:39.386  1882 14042 I chatty  : uid=1000 system_server expire 1 line
08-02 11:07:39.394  1882 14041 I chatty  : uid=1000 system_server expire 1 line
08-02 11:07:53.694  3444  3444 D QtiCarrierConfigHelper: WARNING, no carrier configs on phone Id: 0
08-02 11:07:53.697  1882  1882 D OppoEngineerService: onReceive intent = Intent { act=android.intent.action.BATTERY_CHANGED flg=0x60000010 (has extras) }
08-02 11:08:08.703  1882  2070 E BatteryExternalStatsWorker: no controller energy info supplied for bluetooth
08-02 11:08:26.332  1882  5027 D NetworkPolicy: uid 10027 is allowed on unmetered network
08-02 11:08:26.415 12084 12099 W zygote64: Checksum mismatch for dex PackageInstaller.apk
08-02 11:08:26.415 12084 12099 W zygote64: Checksum mismatch for dex PackageInstaller.apk
08-02 11:08:41.885  1882 14075 I chatty  : uid=1000 system_server expire 1 line
08-02 11:08:41.885  1882 14077 I chatty  : uid=1000 system_server expire 1 line
08-02 11:08:41.886  1882 14076 I chatty  : uid=1000 system_server expire 1 line
08-02 11:08:45.638  1124  1149 D         : doReadCriticalData::CriticalLogServiceManager = 0x713002d0e0
08-02 11:08:45.639  1124  1149 D         : charger_monitor : RTC not feed_back yet
08-02 11:08:57.179  1135 10803 D AudioFlinger: getActiveAudioPids pids = 
08-02 11:09:56.332  1882  5027 D NetworkPolicy: uid 10027 is allowed on unmetered network
08-02 11:11:26.333  1882  3246 D NetworkPolicy: uid 10027 is allowed on unmetered network
08-02 11:11:32.016  1882 14131 I chatty  : uid=1000 system_server expire 1 line
08-02 11:11:32.018  1882 14130 I chatty  : uid=1000 system_server expire 1 line
08-02 11:11:32.030  1882 14132 I chatty  : uid=1000 system_server expire 1 line
08-02 11:11:36.065  1882  4907 D NetworkPolicy: uid 10068 is allowed on unmetered network
08-02 11:11:54.398  1882  5019 D NetworkPolicy: uid 10068 is allowed on unmetered network
08-02 11:11:54.435  1882  5019 I chatty  : uid=1000(system) Binder:1882_1E identical 1 line
08-02 11:11:54.440  1882  5019 D NetworkPolicy: uid 10068 is allowed on unmetered network
08-02 11:12:15.991  1882  2027 I ProcessStatsService: Pruning old procstats: /data/system/procstats/state-2019-07-31-12-12-31.bin
08-02 11:12:56.334  1882  4721 D NetworkPolicy: uid 10027 is allowed on unmetered network
08-02 11:13:44.045  1882 14165 I chatty  : uid=1000 system_server expire 1 line
08-02 11:13:44.045  1882 14166 I chatty  : uid=1000 system_server expire 1 line
08-02 11:13:44.045  1882 14167 I chatty  : uid=1000 system_server expire 1 line
08-02 11:13:57.243  1135 10803 D AudioFlinger: getActiveAudioPids pids = 
08-02 11:14:26.335  1882  3455 D NetworkPolicy: uid 10027 is allowed on unmetered network
08-02 11:14:47.098  1882 14201 I chatty  : uid=1000 system_server expire 1 line
08-02 11:14:47.158  1882 14200 I chatty  : uid=1000 system_server expire 1 line
08-02 11:14:47.160  1882 14202 I chatty  : uid=1000 system_server expire 1 line
08-02 11:14:58.855  1882  1882 D OppoEngineerService: onReceive intent = Intent { act=android.intent.action.BATTERY_CHANGED flg=0x60000010 (has extras) }
08-02 11:14:58.856  3946  3946 I Cloud.SyncPolicy: onChargingStateChanged
08-02 11:14:58.860  3444  3444 D QtiCarrierConfigHelper: WARNING, no carrier configs on phone Id: 0
08-02 11:14:58.878  1882  4747 D NetworkPolicy: uid 10049 is allowed on unmetered network
08-02 11:14:58.881  3946  3946 W Cloud.SyncPolicy: loopTaskPools qualifiedRequests is empty
08-02 11:14:58.918  1882  2070 E BatteryExternalStatsWorker: no controller energy info supplied for bluetooth
08-02 11:15:33.008  1882  2027 I UsageStatsService: User[0] Flushing usage stats to disk
08-02 11:15:56.336  1882  4712 D NetworkPolicy: uid 10027 is allowed on unmetered network
08-02 11:15:58.859  3946  3946 I Cloud.SyncPolicy: onChargingStateChanged
08-02 11:15:58.859  3444  3444 D QtiCarrierConfigHelper: WARNING, no carrier configs on phone Id: 0
08-02 11:15:58.862  1882  1882 D OppoEngineerService: onReceive intent = Intent { act=android.intent.action.BATTERY_CHANGED flg=0x60000010 (has extras) }
08-02 11:15:58.874  1882  5027 D NetworkPolicy: uid 10049 is allowed on unmetered network
08-02 11:15:58.877  3946  3946 W Cloud.SyncPolicy: loopTaskPools qualifiedRequests is empty
08-02 11:15:58.914  1882  2070 E BatteryExternalStatsWorker: no controller energy info supplied for bluetooth
08-02 11:16:03.814  3444  3444 D QtiCarrierConfigHelper: WARNING, no carrier configs on phone Id: 0
08-02 11:16:03.820  1882  1882 D OppoEngineerService: onReceive intent = Intent { act=android.intent.action.BATTERY_CHANGED flg=0x60000010 (has extras) }
08-02 11:16:04.003  3275  3282 I chatty  : uid=1000(system) Jit thread pool expire 2 lines
08-02 11:16:36.169  1882  4719 D NetworkPolicy: uid 10068 is allowed on unmetered network
08-02 11:17:26.337  1882  5026 D NetworkPolicy: uid 10027 is allowed on unmetered network
08-02 11:18:02.325  1882 14272 I chatty  : uid=1000 system_server expire 1 line
08-02 11:18:02.327  1882 14273 I chatty  : uid=1000 system_server expire 1 line
08-02 11:18:02.328  1882 14274 I chatty  : uid=1000 system_server expire 1 line
08-02 11:18:56.338  1882  5019 D NetworkPolicy: uid 10027 is allowed on unmetered network
08-02 11:18:57.281  1135 10803 D AudioFlinger: getActiveAudioPids pids = 
08-02 11:19:09.704  3444  3444 D QtiCarrierConfigHelper: WARNING, no carrier configs on phone Id: 0
08-02 11:19:09.711  1882  1882 D OppoEngineerService: onReceive intent = Intent { act=android.intent.action.BATTERY_CHANGED flg=0x60000010 (has extras) }
08-02 11:19:50.674  1882 14302 I chatty  : uid=1000 system_server expire 1 line
08-02 11:19:50.738  1882 14301 I chatty  : uid=1000 system_server expire 1 line
08-02 11:19:50.745  1882 14303 I chatty  : uid=1000 system_server expire 1 line
08-02 11:20:26.339  1882  1919 D NetworkPolicy: uid 10027 is allowed on unmetered network
08-02 11:20:52.437  1882 14335 I chatty  : uid=1000 system_server expire 1 line
08-02 11:20:52.437  1882 14337 I chatty  : uid=1000 system_server expire 1 line
08-02 11:20:52.439  1882 14336 I chatty  : uid=1000 system_server expire 1 line
08-02 11:21:36.276  1882  2119 D NetworkPolicy: uid 10068 is allowed on unmetered network
08-02 11:21:56.340  1882  4712 D NetworkPolicy: uid 10027 is allowed on unmetered network
08-02 11:23:26.341  1882  5027 D NetworkPolicy: uid 10027 is allowed on unmetered network
08-02 11:23:42.572  1882 14393 I chatty  : uid=1000 system_server expire 1 line
08-02 11:23:42.573  1882 14394 I chatty  : uid=1000 system_server expire 1 line
08-02 11:23:42.578  1882 14395 I chatty  : uid=1000 system_server expire 1 line
08-02 11:23:57.352  1135 10803 D AudioFlinger: getActiveAudioPids pids = 
08-02 11:24:56.342  1882  4958 D NetworkPolicy: uid 10027 is allowed on unmetered network
08-02 11:25:55.419  1882 14427 I chatty  : uid=1000 system_server expire 1 line
08-02 11:25:55.420  1882 14428 I chatty  : uid=1000 system_server expire 1 line
08-02 11:25:55.426  1882 14429 I chatty  : uid=1000 system_server expire 1 line
08-02 11:26:26.343  1882  5027 D NetworkPolicy: uid 10027 is allowed on unmetered network
08-02 11:26:30.032  1882  3062 V NetworkPolicy: updateNetworkEnabledNL()
08-02 11:26:30.032  1882  3062 V NetworkPolicy: updateNotificationsNL()
08-02 11:26:36.328  1882  4958 D NetworkPolicy: uid 10068 is allowed on unmetered network
08-02 11:26:54.541  1882  4748 D NetworkPolicy: uid 10068 is allowed on unmetered network
08-02 11:27:32.714  1882 14469 I chatty  : uid=1000 system_server expire 1 line
08-02 11:27:32.715  1882 14470 I chatty  : uid=1000 system_server expire 1 line
08-02 11:27:32.718  1882 14471 I chatty  : uid=1000 system_server expire 1 line
08-02 11:26:54.550  1882  4748 D NetworkPolicy: uid 10068 is allowed on unmetered network
08-02 11:27:56.344  1882  4719 D NetworkPolicy: uid 10027 is allowed on unmetered network
08-02 11:28:57.360  1135 10803 D AudioFlinger: getActiveAudioPids pids = 
08-02 11:29:26.344  1882  3471 D NetworkPolicy: uid 10027 is allowed on unmetered network
08-02 11:30:22.831  1882 14525 I chatty  : uid=1000 system_server expire 1 line
08-02 11:30:22.832  1882 14526 I chatty  : uid=1000 system_server expire 1 line
08-02 11:30:22.840  1882 14527 I chatty  : uid=1000 system_server expire 1 line
08-02 11:30:56.346  1882  3246 D NetworkPolicy: uid 10027 is allowed on unmetered network
08-02 11:30:57.945  1882 14538 I chatty  : uid=1000 system_server expire 1 line
08-02 11:30:58.009  1882 14539 I chatty  : uid=1000 system_server expire 1 line
08-02 11:30:58.015  1882 14540 I chatty  : uid=1000 system_server expire 1 line
08-02 11:31:36.432  1882  4719 D NetworkPolicy: uid 10068 is allowed on unmetered network
08-02 11:32:02.859  1882 14557 I chatty  : uid=1000 system_server expire 1 line
08-02 11:32:02.861  1882 14558 I chatty  : uid=1000 system_server expire 1 line
08-02 11:32:02.928  1882 14561 I chatty  : uid=1000 system_server expire 1 line
08-02 11:32:26.346  1882  4719 D NetworkPolicy: uid 10027 is allowed on unmetered network
08-02 11:33:14.095  1882  2401 I ActivityManager: Killing 13618:com.oppo.quicksearchbox/u0a34 (adj 904): empty for 2107s
08-02 11:33:14.098  1882  2401 I ActivityManager: Killing 13593:com.coloros.providers.fileinfo/u0a59 (adj 904): empty for 2107s
08-02 11:33:14.098  1882  2031 I chatty  : uid=1000(system) ActivityManager expire 44 lines
08-02 11:33:14.102  1882  2401 I ActivityManager: Killing 10203:com.coloros.speechassist/u0a37 (adj 906): empty for 2108s
08-02 11:33:14.103  1882  2401 I ActivityManager: Killing 13580:com.coloros.oppomultiapp/1000 (adj 906): empty for 2108s
08-02 11:33:14.105  1882  2401 I ActivityManager: Killing 13539:com.coloros.childrenspace/1000 (adj 906): empty for 2108s
08-02 11:33:14.106  1882  2401 I ActivityManager: Killing 13524:com.android.keychain/1000 (adj 906): empty for 2108s
08-02 11:33:14.107  1882  2401 I ActivityManager: Killing 13250:com.android.settings/1000 (adj 906): empty for 2133s
08-02 11:33:14.131  1882  4958 D OppoUsageService: isSystemApp system app, uid =1000
08-02 11:33:14.151  9265  9265 I WeatherS_AutoUpdateWeatherService: onStartJob JobId:1347154974
08-02 11:33:14.152  1882  4958 D NetworkPolicy: uid 10083 is allowed on unmetered network
08-02 11:33:14.175  1882  5027 I ActivityManager: Start proc 14594:com.coloros.mcs:dcs/1000 for service com.coloros.mcs/.statistics.upload.UploadJobService
08-02 11:33:14.177  9265  9265 I WeatherS_ServiceAutoUpdateWeather: launchUpdateWeatherServiceInDelayTime delay time:3856340, list size = 1
08-02 11:33:14.188  9265  9265 I WeatherS_AutoUpdateWeatherService: doUpdateNow = false
08-02 11:33:14.188  9265  9265 I WeatherS_AutoUpdateWeatherService: updateWeather mCurrentJob = null
08-02 11:33:14.226  1882  5018 W ActivityManager: app.persistent false app.isolated false app.removed false app ProcessRecord{f34d01d 13524:com.android.keychain/1000}
08-02 11:33:14.243  1882  4958 I chatty  : uid=1000(system) Binder:1882_1C expire 8 lines
08-02 11:33:14.245  1882  4907 W ActivityManager: app.persistent false app.isolated false app.removed false app ProcessRecord{453a292 13618:com.oppo.quicksearchbox/u0a34}
08-02 11:33:14.249  1882  4747 W ActivityManager: app.persistent false app.isolated false app.removed false app ProcessRecord{210e463 13539:com.coloros.childrenspace/1000}
08-02 11:33:14.253  1882  4905 W ActivityManager: app.persistent false app.isolated false app.removed false app ProcessRecord{e599860 10203:com.coloros.speechassist/u0a37}
08-02 11:33:14.256 14594 14594 I zygote64: The ClassLoaderContext is a special shared library.
08-02 11:33:14.259 14594 14594 I zygote64: The ClassLoaderContext is a special shared library.
08-02 11:33:14.264  1882  4786 W ActivityManager: app.persistent false app.isolated false app.removed false app ProcessRecord{2d35119 13593:com.coloros.providers.fileinfo/u0a59}
08-02 11:33:14.268  1882  4095 W ActivityManager: app.persistent false app.isolated false app.removed false app ProcessRecord{90555de 13580:com.coloros.oppomultiapp/1000}
08-02 11:33:14.272 14594 14594 D McsApplication: MCS- onCreate...
08-02 11:33:14.276 14594 14594 D McsApplication: MCS- start other process...14594
08-02 11:33:14.291  1882  4095 I ActivityManager: Killing 8967:com.daemon.shelper/1000 (adj 906): empty for 2108s
08-02 11:33:14.308  1882  4907 W ActivityManager: app.persistent false app.isolated false app.removed false app ProcessRecord{d8ee77b 13250:com.android.settings/1000}
08-02 11:33:14.315  1882  2093 W ActivityManager: setHasOverlayUi called on unknown pid: 13250
08-02 11:33:14.383  1882  4095 W ActivityManager: app.persistent false app.isolated false app.removed false app ProcessRecord{f2363bf 8967:com.daemon.shelper/1000}
08-02 11:33:30.798 10464 14624 I batch   : start BatchUpdateInfoTransaction
08-02 11:33:30.818 10464 14593 D libc-netbsd: [getaddrinfo]:  hostname=thefatherofsalmon.com;  servname=(null);  app_pid=10464;  app_uid=10067;  ai_flags=1024;  ai_family=0; ai_socktype=1 from prox result 0
08-02 11:33:30.840  1882  2119 D NetworkPolicy: uid 10067 is allowed on unmetered network
08-02 11:33:30.840  1882  5026 D NetworkPolicy: uid 10067 is allowed on unmetered network
08-02 11:33:30.880 10464 14628 W ActivityThread: ClassLoader.loadClass: The class loader returned by Thread.getContextClassLoader() may fail for processes that host multiple applications. You should explicitly specify a context class loader. For example: Thread.setContextClassLoader(getClass().getClassLoader());
08-02 11:33:30.984 10464 14624 W network : [, , 0]:CokaIO-3|https://epoch.cdo.oppomobile.com/soporcollect/appevent/v1/event
08-02 11:33:30.985 10464 14624 W network : CokaIO-3|https://epoch.cdo.oppomobile.com/soporcollect/appevent/v1/event
08-02 11:33:31.139 10464 14624 V NativeCrypto: Registering org/conscrypt/NativeCrypto's 284 native methods...
08-02 11:33:31.316 10464 14624 W network : [, , 0]:CokaIO-3|https://epoch.cdo.oppomobile.com/soporcollect/appevent/v1/event
08-02 11:33:31.317 10464 14624 W network : CokaIO-3|https://epoch.cdo.oppomobile.com/soporcollect/appevent/v1/event
08-02 11:33:31.357 10464 10495 W httpdns : [, , 0]:HttpDnsThread|HttpDnsQuerier::query
08-02 11:33:31.357 10464 10495 W httpdns : HttpDnsThread|HttpDnsQuerier::query
08-02 11:33:31.404 10464 14633 W NetMonitor: [, , 0]:CokaIO-5|CallStart seq: 20950 retry: 0 method: POST url: https://gslb.cdo.oppomobile.com/gslb/d/v2 port: 443 originDn: gslb.cdo.oppomobile.com httpDnsIp: null
08-02 11:33:31.404 10464 14624 W NetMonitor: [, , 0]:CokaIO-3|CallStart seq: 20948 retry: 0 method: POST url: https://epoch.cdo.oppomobile.com/soporcollect/appevent/v1/event port: 443 originDn: epoch.cdo.oppomobile.com httpDnsIp: null
08-02 11:33:31.404 10464 14630 W NetMonitor: [, , 0]:CokaIO-4|CallStart seq: 20949 retry: 0 method: POST url: https://epoch.cdo.oppomobile.com/soporcollect/appevent/v1/event port: 443 originDn: epoch.cdo.oppomobile.com httpDnsIp: null
08-02 11:33:31.468 10464 14633 D libc-netbsd: [getaddrinfo]:  hostname=gslb.cdo.oppomobile.com;  servname=(null);  app_pid=10464;  app_uid=10067;  ai_flags=1024;  ai_family=0; ai_socktype=1 from prox result 0
08-02 11:33:31.468 10464 14624 D libc-netbsd: [getaddrinfo]:  hostname=epoch.cdo.oppomobile.com;  servname=(null);  app_pid=10464;  app_uid=10067;  ai_flags=1024;  ai_family=0; ai_socktype=1 from prox result 0
08-02 11:33:31.468 10464 14630 D libc-netbsd: [getaddrinfo]:  hostname=epoch.cdo.oppomobile.com;  servname=(null);  app_pid=10464;  app_uid=10067;  ai_flags=1024;  ai_family=0; ai_socktype=1 from prox result 0
08-02 11:33:31.610 10464 14633 W NetMonitor: [, , 0]:CokaIO-5|ConnSucc seq: 20950 retry: 0 result: 1 costtime: 207 detail:
08-02 11:33:31.610 10464 14633 W NetMonitor:  	(20950)DNS[1|63|gslb.cdo.oppomobile.com|1]
08-02 11:33:31.610 10464 14633 W NetMonitor:  	(20950)SOCKET[1|36|125.254.133.34:443|null]
08-02 11:33:31.610 10464 14633 W NetMonitor:  	(20950)TSL[1|83|TLSv1.2|49199|null]
08-02 11:33:31.614 10464 14633 W NetMonitor: [, , 0]:CokaIO-5|ConnAcquired seq: 20950 retry: 0 address: 125.254.133.34:443 hashcode: 86795405 proto: http/1.1 costtime: 211
08-02 11:33:31.623  1882  5026 D NetworkPolicy: uid 10067 is allowed on unmetered network
08-02 11:33:31.629 10464 14633 W NetMonitor: [, , 0]:CokaIO-5|SendReq seq: 20950 retry: 0 code: 1 contentLength: 49 msg: null
08-02 11:33:31.649 10464 14633 W NetMonitor: [, , 0]:CokaIO-5|RecvResp seq: 20950 retry: 0 code: 1 httpCode: 200 contentLength: -1 costtime: 22 msg: null
08-02 11:33:31.650 10464 14633 W NetMonitor: [, , 0]:CokaIO-5|refreshClientIp: 114.241.68.36
08-02 11:33:31.651 10464 14633 I RemoteConfig: RemoteConfig updateRemoteConfig
08-02 11:33:31.675 10464 14630 W NetMonitor: [, , 0]:CokaIO-4|ConnSucc seq: 20949 retry: 0 result: 1 costtime: 272 detail:
08-02 11:33:31.675 10464 14630 W NetMonitor:  	(20949)DNS[1|63|epoch.cdo.oppomobile.com|1]
08-02 11:33:31.675 10464 14630 W NetMonitor:  	(20949)SOCKET[1|37|120.52.11.1:443|null]
08-02 11:33:31.675 10464 14630 W NetMonitor:  	(20949)TSL[1|148|TLSv1.2|49199|null]
08-02 11:33:31.677 10464 14630 W NetMonitor: [, , 0]:CokaIO-4|ConnAcquired seq: 20949 retry: 0 address: 120.52.11.1:443 hashcode: 111047666 proto: http/1.1 costtime: 274
08-02 11:33:31.685 10464 14641 W NetMonitor: [, , 0]:CokaIO-6|CallStart seq: 20951 retry: 0 method: POST url: https://api.cdo.oppomobile.com/configx/v1/net port: 443 originDn: api.cdo.oppomobile.com httpDnsIp: null
08-02 11:33:31.690 10464 14630 W NetMonitor: [, , 0]:CokaIO-4|SendReq seq: 20949 retry: 0 code: 1 contentLength: 364 msg: null
08-02 11:33:31.697 10464 14624 W NetMonitor: [, , 0]:CokaIO-3|ConnSucc seq: 20948 retry: 0 result: 1 costtime: 294 detail:
08-02 11:33:31.697 10464 14624 W NetMonitor:  	(20948)DNS[1|65|epoch.cdo.oppomobile.com|1]
08-02 11:33:31.697 10464 14624 W NetMonitor:  	(20948)SOCKET[1|37|120.52.11.1:443|null]
08-02 11:33:31.697 10464 14624 W NetMonitor:  	(20948)TSL[1|169|TLSv1.2|49199|null]
08-02 11:33:31.698 10464 14624 W NetMonitor: [, , 0]:CokaIO-3|ConnAcquired seq: 20948 retry: 0 address: 120.52.11.1:443 hashcode: 257677817 proto: http/1.1 costtime: 295
08-02 11:33:31.673  1882  5026 I chatty  : uid=1000(system) Binder:1882_1F identical 2 lines
08-02 11:33:31.683  1882  5026 D NetworkPolicy: uid 10067 is allowed on unmetered network
08-02 11:33:31.700  1882  2119 D NetworkPolicy: uid 10067 is allowed on unmetered network
08-02 11:33:31.701  1882  2119 I chatty  : uid=1000(system) Binder:1882_3 expire 11 lines
08-02 11:33:31.702 10464 14630 W NetMonitor: [, , 0]:CokaIO-4|RecvResp seq: 20949 retry: 0 code: 1 httpCode: 200 contentLength: -1 costtime: 13 msg: null
08-02 11:33:31.703 10464 14624 W NetMonitor: [, , 0]:CokaIO-3|SendReq seq: 20948 retry: 0 code: 1 contentLength: 346 msg: null
08-02 11:33:31.718 10464 14624 W NetMonitor: [, , 0]:CokaIO-3|RecvResp seq: 20948 retry: 0 code: 1 httpCode: 200 contentLength: -1 costtime: 14 msg: null
08-02 11:33:31.718 10464 14630 W NetMonitor: [, , 0]:CokaIO-4|CallStart seq: 20952 retry: 0 method: POST url: https://epoch.cdo.oppomobile.com/soporcollect/appevent/v1/event port: 443 originDn: epoch.cdo.oppomobile.com httpDnsIp: null
08-02 11:33:31.719 10464 14630 W NetMonitor: [, , 0]:CokaIO-4|ConnAcquired seq: 20952 retry: 0 address: 120.52.11.1:443 hashcode: 111047666 proto: http/1.1 costtime: 1
08-02 11:33:31.725 10464 14630 W NetMonitor: [, , 0]:CokaIO-4|SendReq seq: 20952 retry: 0 code: 1 contentLength: 396 msg: null
08-02 11:33:31.740 10464 14630 W NetMonitor: [, , 0]:CokaIO-4|RecvResp seq: 20952 retry: 0 code: 1 httpCode: 200 contentLength: -1 costtime: 15 msg: null
08-02 11:33:31.742 10464 14641 D libc-netbsd: [getaddrinfo]:  hostname=api.cdo.oppomobile.com;  servname=(null);  app_pid=10464;  app_uid=10067;  ai_flags=1024;  ai_family=0; ai_socktype=1 from prox result 0
08-02 11:33:31.860 10464 14641 W NetMonitor: [, , 0]:CokaIO-6|ConnSucc seq: 20951 retry: 0 result: 1 costtime: 175 detail:
08-02 11:33:31.860 10464 14641 W NetMonitor:  	(20951)DNS[1|57|api.cdo.oppomobile.com|1]
08-02 11:33:31.860 10464 14641 W NetMonitor:  	(20951)SOCKET[1|13|223.202.217.6:443|null]
08-02 11:33:31.860 10464 14641 W NetMonitor:  	(20951)TSL[1|103|TLSv1.2|49199|null]
08-02 11:33:31.862 10464 14641 W NetMonitor: [, , 0]:CokaIO-6|ConnAcquired seq: 20951 retry: 0 address: 223.202.217.6:443 hashcode: 252786331 proto: http/1.1 costtime: 176
08-02 11:33:31.868 10464 14641 W NetMonitor: [, , 0]:CokaIO-6|SendReq seq: 20951 retry: 0 code: 1 contentLength: 42 msg: null
08-02 11:33:31.887 10464 14641 W NetMonitor: [, , 0]:CokaIO-6|RecvResp seq: 20951 retry: 0 code: 1 httpCode: 200 contentLength: -1 costtime: 19 msg: null
08-02 11:33:31.902 10464 14641 I RemoteConfig: RemoteConfig updateRemoteConfig succ
08-02 11:33:31.903 10464 14641 I RemoteConfig: RemoteConfig updateRemoteConfig savedata: null
08-02 11:33:31.935 10464 14633 W NetMonitor: [, , 0]:CokaIO-5|CallStart seq: 20953 retry: 0 method: POST url: https://epoch.cdo.oppomobile.com/soporcollect/appevent/v1/event port: 443 originDn: epoch.cdo.oppomobile.com httpDnsIp: null
08-02 11:33:31.937 10464 14633 W NetMonitor: [, , 0]:CokaIO-5|ConnAcquired seq: 20953 retry: 0 address: 120.52.11.1:443 hashcode: 111047666 proto: http/1.1 costtime: 1
08-02 11:33:31.944 10464 14633 W NetMonitor: [, , 0]:CokaIO-5|SendReq seq: 20953 retry: 0 code: 1 contentLength: 400 msg: null
08-02 11:33:31.959 10464 14633 W NetMonitor: [, , 0]:CokaIO-5|RecvResp seq: 20953 retry: 0 code: 1 httpCode: 200 contentLength: -1 costtime: 15 msg: null
08-02 11:33:31.902  1882  2119 I chatty  : uid=1000(system) Binder:1882_3 identical 4 lines
08-02 11:33:31.940  1882  2119 D NetworkPolicy: uid 10067 is allowed on unmetered network
08-02 11:33:56.348  1882  2775 D NetworkPolicy: uid 10027 is allowed on unmetered network
08-02 11:33:57.466  1135 10803 D AudioFlinger: getActiveAudioPids pids = 
08-02 11:34:24.584 10464 14660 W upgrade : checkUpgrade type : 1 info : PhoneInfo:{product_code:58, version_code:2803, platform:27, system_type:0, rom_version:8.1.0, mobile_name:PBAM00, brand:oppo}
08-02 11:34:24.590 10464 14660 W upgrade : onCheckStart : PhoneInfo:{product_code:58, version_code:2803, platform:27, system_type:0, rom_version:8.1.0, mobile_name:PBAM00, brand:oppo}
08-02 11:34:25.314 10464 14661 D libc-netbsd: [getaddrinfo]:  hostname=iopen.cdo.oppomobile.com;  servname=(null);  app_pid=10464;  app_uid=10067;  ai_flags=1024;  ai_family=0; ai_socktype=1 from prox result 0
08-02 11:34:25.391 10464 10464 W upgrade : onCheckUpgradeComplete : false
08-02 11:34:33.024  1882 14668 I chatty  : uid=1000 system_server expire 1 line
08-02 11:34:33.029  1882 14669 I chatty  : uid=1000 system_server expire 1 line
08-02 11:34:33.031  1882 14670 I chatty  : uid=1000 system_server expire 1 line
08-02 11:35:26.349  1882  4778 D NetworkPolicy: uid 10027 is allowed on unmetered network
08-02 11:36:36.538  1882  4693 D NetworkPolicy: uid 10068 is allowed on unmetered network
08-02 11:36:56.350  1882  4509 D NetworkPolicy: uid 10027 is allowed on unmetered network
08-02 11:37:06.598  1882 14723 I chatty  : uid=1000 system_server expire 1 line
08-02 11:37:06.658  1882 14724 I chatty  : uid=1000 system_server expire 1 line
08-02 11:37:06.663  1882 14722 I chatty  : uid=1000 system_server expire 1 line
08-02 11:38:08.658  1882  2070 I chatty  : uid=1000(system) batterystats-wo expire 3 lines
08-02 11:38:08.703  1882  2070 E BatteryExternalStatsWorker: no controller energy info supplied for bluetooth
08-02 11:38:26.351  1882  4748 D NetworkPolicy: uid 10027 is allowed on unmetered network
08-02 11:38:45.860  1124  1149 D         : doReadCriticalData::CriticalLogServiceManager = 0x713002d0e0
08-02 11:38:45.861  1124  1149 D         : charger_monitor : RTC not feed_back yet
08-02 11:38:57.483  1135 10803 D AudioFlinger: getActiveAudioPids pids = 
08-02 11:39:03.190  1882 14771 I chatty  : uid=1000 system_server expire 1 line
08-02 11:39:03.195  1882 14770 I chatty  : uid=1000 system_server expire 1 line
08-02 11:39:03.196  1882 14772 I chatty  : uid=1000 system_server expire 1 line
08-02 11:39:56.351  1882  5026 D NetworkPolicy: uid 10027 is allowed on unmetered network
08-02 11:40:30.259  1882  2417 I PowerManagerService: Waking up from sleep (uid=1000 reason=android.policy:POWER)...
08-02 11:40:30.263  1882  2129 I DisplayPowerController: Blocking screen on until initial contents have been drawn.
08-02 11:40:30.264  1882  2129 D AutomaticBrightnessController: setLightSensorEnabled: enable=true, mLightSensorEnabled=false, mAmbientLuxValid=false, mResetAmbientLuxAfterWarmUpConfig=true
08-02 11:40:30.265   668   668 I QTI PowerHAL: Got set_interactive hint
08-02 11:40:30.265  1882 14793 I chatty  : uid=1000 system_server expire 4 lines
08-02 11:40:30.265   668   668 I QTI PowerHAL: Got set_interactive hint on= 1, count= 7
08-02 11:40:30.265   668   668 E QTI PowerHAL: Error opening /sys/kernel/hbtp/display_pwr: No such file or directory
08-02 11:40:30.266  1882  2093 I DisplayManagerService: Display device changed state: "", ON
08-02 11:40:30.266   697   697 I chatty  : uid=1000(system) /system/bin/surfaceflinger expire 3 lines
08-02 11:40:30.266   669  2390 I chatty  : uid=1000(system) HwBinder:669_1 expire 5 lines
08-02 11:40:30.267   664   664 I SDM     : DisplayBase::SetDisplayState: Set state = 1, display 0
08-02 11:40:30.268  1882  2775 I StatusBarManagerService: disable, what:19398656, pkg:com.android.systemui token:android.os.BinderProxy@7b75f98
08-02 11:40:30.281  3275  3275 I chatty  : uid=1000(system) com.android.systemui expire 21 lines
08-02 11:40:30.283  1882  1882 I BatteryService: action received : android.intent.action.SCREEN_ON
08-02 11:40:30.287  1882  2775 I chatty  : uid=1000(system) Binder:1882_4 expire 1 line
08-02 11:40:30.298  1882  1919 D NetworkPolicy: uid 10095 is allowed on unmetered network
08-02 11:40:30.314  1882  3062 V NetworkPolicy: updateNetworkEnabledNL()
08-02 11:40:30.315  1882  3062 V NetworkPolicy: updateNotificationsNL()
08-02 11:40:30.327  1882  2405 D DisplayPowerController: ScreenOnUnblocker, onScreenOn
08-02 11:40:30.327  1882  2129 I DisplayPowerController: Unblocked screen on after 64 ms
08-02 11:40:30.328  1882  3482 D NetworkPolicy: uid 10095 is allowed on unmetered network
08-02 11:40:30.329  1882  3482 I chatty  : uid=1000(system) Binder:1882_A expire 9 lines
08-02 11:40:30.330  1882  4778 D NetworkPolicy: uid 10095 is allowed on unmetered network
08-02 11:40:30.397  3215  3215 E wpa_supplicant: wpa_driver_nl80211_enable_filter: enable: 0, filter cnt: 12
08-02 11:40:30.409   669   835 I chatty  : uid=1000(system) android.hardwar expire 12 lines
08-02 11:40:30.428   669   931 I chatty  : uid=1000(system) android.hardwar expire 2 lines
08-02 11:40:30.428  3224  3261 I DCS-NetHelper: isOppoCtaUpdateServiceOn val:true
08-02 11:40:30.497   656  3088 D audio_hw_primary: adev_set_parameters: enter: screen_state=on
08-02 11:40:30.497   656  3088 D audio_engineer_test: init_acdb_calibration: already finish
08-02 11:40:30.497   656  3088 D audio_hw_extn: audio_extn_set_anc_parameters: anc_enabled:0
08-02 11:40:30.497   656  3088 D audio_hw_spkr_prot: audio_extn_fbsp_set_parameters: Speaker protection disabled
08-02 11:40:30.500  1882  3482 D NetworkPolicy: uid 10095 is allowed on unmetered network
08-02 11:40:30.513  1882  3373 I chatty  : uid=1000(system) HwBinder:1882_4 expire 5 lines
08-02 11:40:30.514  1882  2129 W PowerManagerService: Screen on took 262 ms
08-02 11:40:30.525  3393  3509 I QCNEJ/CndHalConnector: -> SND notifyScreenStateChanged(true)
08-02 11:40:30.527  3393  3509 I QCNEJ/CndHalConnector: -> SND notifyScreenStateChanged(false)
08-02 11:40:30.550  4408  4408 I chatty  : uid=1000(system) com.coloros.appmanager expire 10 lines
08-02 11:40:30.554  4408 14807 I chatty  : uid=1000(system) com.coloros.appmanager expire 5 lines
08-02 11:40:30.567   676   676 V LocSvc_HIDL_IzatSubscription: [screenStatusUpdate][575] [HS] <<<<= [HC]
08-02 11:40:30.568  1882  1919 D NetworkPolicy: uid 10095 is allowed on unmetered network
