08-02 10:38:08.927  1882  3455 I ActivityManager: Killing 10637:com.coloros.mcs:dcs/1000 (adj 906): empty #18
08-02 10:38:09.013  1882  4748 W ActivityManager: app.persistent false app.isolated false app.removed false app ProcessRecord{8984d38 9334:com.android.providers.downloads/u0a10}
08-02 10:38:09.018  1882  4397 W ActivityManager: app.persistent false app.isolated false app.removed false app ProcessRecord{191a178 10637:com.coloros.mcs:dcs/1000}
08-02 10:38:09.123  1882  4712 I ActivityManager: Process com.coloros.simsettings (pid 8473) has died: vis  IMPF
08-02 10:38:09.124  1882  4712 W ActivityManager: app.persistent false app.isolated false app.removed false app ProcessRecord{5048051 8473:com.coloros.simsettings/1000}
08-02 10:38:09.681  1882  3472 I ActivityManager: Start proc 11286:com.coloros.simsettings/1000 for service com.coloros.simsettings/.ColorAppServicesManagerClient
08-02 10:38:10.309  1882  3062 V NetworkPolicy: updateNetworkEnabledNL()
08-02 10:38:10.309  1882  3062 V NetworkPolicy: updateNotificationsNL()
08-02 10:38:15.690  1882  2391 I OppoBatteryService: new battery critical data : 311,266,488
08-02 10:38:38.914  1882  2027 D OppoService: getCurrentFlashLightState:6
08-02 10:39:10.736  1882  1882 D OppoEngineerService: onReceive intent = Intent { act=android.intent.action.BATTERY_CHANGED flg=0x60000010 (has extras) }
08-02 10:40:11.696  1882  1882 D OppoEngineerService: onReceive intent = Intent { act=android.intent.action.BATTERY_CHANGED flg=0x60000010 (has extras) }
08-02 10:41:26.732  1882  1882 I chatty  : uid=1000 system_server identical 4 lines
08-02 10:41:31.699  1882  1882 D OppoEngineerService: onReceive intent = Intent { act=android.intent.action.BATTERY_CHANGED flg=0x60000010 (has extras) }
08-02 10:41:35.489  1882  4094 D NetworkPolicy: uid 10068 is allowed on unmetered network
08-02 10:41:41.694  1882  1882 D OppoEngineerService: onReceive intent = Intent { act=android.intent.action.BATTERY_CHANGED flg=0x60000010 (has extras) }
08-02 10:41:54.015  1882  1919 D NetworkPolicy: uid 10068 is allowed on unmetered network
08-02 10:41:54.194  1882  1919 I chatty  : uid=1000(system) Binder:1882_1 identical 4 lines
08-02 10:41:54.197  1882  1919 D NetworkPolicy: uid 10068 is allowed on unmetered network
08-02 10:41:54.198  1882  3472 D NetworkPolicy: uid 10068 is allowed on unmetered network
08-02 10:41:54.321  1882  3472 I chatty  : uid=1000(system) Binder:1882_8 identical 4 lines
08-02 10:41:54.344  1882  3472 D NetworkPolicy: uid 10068 is allowed on unmetered network
08-02 10:42:00.079  1882  5018 I ActivityManager: Killing 4919:com.android.providers.calendar/u0a5 (adj 906): empty for 1817s
08-02 10:42:00.157  1882  2027 I ProcessStatsService: Pruning old procstats: /data/system/procstats/state-2019-07-31-04-45-25.bin
08-02 10:42:00.163  1882  4958 W ActivityManager: app.persistent false app.isolated false app.removed false app ProcessRecord{400f4d9 4919:com.android.providers.calendar/u0a5}
08-02 10:42:11.696  1882  1882 D OppoEngineerService: onReceive intent = Intent { act=android.intent.action.BATTERY_CHANGED flg=0x60000010 (has extras) }
08-02 10:42:21.690  1882  1882 I chatty  : uid=1000 system_server identical 1 line
08-02 10:42:26.741  1882  1882 D OppoEngineerService: onReceive intent = Intent { act=android.intent.action.BATTERY_CHANGED flg=0x60000010 (has extras) }
08-02 10:42:26.756  1882  4693 D NetworkPolicy: uid 10049 is allowed on unmetered network
08-02 10:42:26.788  1882  2070 E BatteryExternalStatsWorker: no controller energy info supplied for bluetooth
08-02 10:42:30.274  1882  4907 I ActivityManager: Process com.coloros.findmyphone (pid 9749) has died: svc  SVC 
08-02 10:42:30.278  1882  4907 W ActivityManager: app.persistent false app.isolated false app.removed false app ProcessRecord{7d88e9e 9749:com.coloros.findmyphone/u0a14}
08-02 10:42:31.322  1882  2028 I ActivityManager: Start proc 11451:com.coloros.findmyphone/u0a14 for service com.coloros.findmyphone/.service.HandlePushService
08-02 10:42:31.706  1882  1882 D OppoEngineerService: onReceive intent = Intent { act=android.intent.action.BATTERY_CHANGED flg=0x60000010 (has extras) }
08-02 10:42:38.911  1882  4397 D JobServiceContext: scheduleOpTimeOut set oppo job timeout to 2 hour
08-02 10:42:38.929  1882  4397 D NetworkPolicy: uid 10039 is allowed on unmetered network
08-02 10:42:38.930  1882  4397 D NetworkPolicy: uid 10039 is allowed on unmetered network
08-02 10:42:38.931  1882  4397 D JobServiceContext: scheduleOpTimeOut set oppo job timeout to 2 hour
08-02 10:42:38.935  1882  4397 D JobServiceContext: scheduleOpTimeOut set oppo job timeout to 2 hour
08-02 10:42:38.996  1882  4094 D JobServiceContext: scheduleOpTimeOut set oppo job timeout to 2 hour
08-02 10:42:39.135  1882  5027 I ActivityManager: START u0 {flg=0x10000000 cmp=io.liuliu.music/.login.splash.SplashActivity} from uid 1000 and from pid 4558
08-02 10:42:39.183  1882  5027 I ActivityManager: Start proc 11486:io.liuliu.music/u0a177 for activity io.liuliu.music/.login.splash.SplashActivity
08-02 10:42:39.288  1882  5027 D ActivityManager: TOP_APP is ProcessRecord{b28be03 11486:io.liuliu.music/u0a177} uid is 10177
08-02 10:42:39.563  1882  2028 D OppoUsageService: isSystemApp system app, uid =1000
08-02 10:42:39.812  1882  2028 W ActivityManager: Activity pause timeout for ActivityRecord{f626267 u0 io.liuliu.music/.login.splash.SplashActivity t1235}
08-02 10:42:42.105  1882 11516 D DropBoxManagerService: file :: /data/system/dropbox/data_app_wtf@1564713762100.txt  tag is data_app_wtf
08-02 10:42:42.251  1882  4778 D NetworkPolicy: uid 10177 is allowed on unmetered network
08-02 10:42:42.424  1882  3472 D NetworkPolicy: uid 10177 is allowed on unmetered network
08-02 10:42:42.426  1882  3472 I chatty  : uid=1000(system) Binder:1882_8 identical 1 line
08-02 10:42:42.538  1882  3472 D NetworkPolicy: uid 10177 is allowed on unmetered network
08-02 10:42:42.603  1882  4958 D NetworkPolicy: uid 10177 is allowed on unmetered network
08-02 10:42:42.702  1882  3481 D NetworkPolicy: uid 10177 is allowed on unmetered network
08-02 10:42:42.753  1882  3481 D NetworkPolicy: uid 10177 is allowed on unmetered network
08-02 10:42:42.769  1882  3481 D ConnectivityService: requestNetwork for uid/pid:10177/11486 NetworkRequest [ TRACK_DEFAULT id=17, [ Capabilities: INTERNET&NOT_RESTRICTED&TRUSTED&NOT_VPN] ]
08-02 10:42:42.790  1882  4094 D NetworkPolicy: uid 10177 is allowed on unmetered network
08-02 10:42:42.901  1882  4094 D NetworkPolicy: uid 10177 is allowed on unmetered network
08-02 10:42:42.929  1882  3481 D NetworkPolicy: uid 10177 is allowed on unmetered network
08-02 10:42:43.032  1882  4958 I ActivityManager: Start proc 11577:io.liuliu.music:socket/u0a177 for service io.liuliu.music/.socket._server.RemoteServer
08-02 10:42:43.152  1882  3063 V NetworkPolicy: setMeteredNetworkWhitelist 10177: true
08-02 10:42:43.188  1882  4958 D ColorNavigationBarUtil: isActivityNeedPalette mUpdateNavCount:4
08-02 10:42:43.210  1882  4958 D NetworkPolicy: uid 10177 is allowed on unmetered network
08-02 10:42:43.284  1882  4958 D NetworkPolicy: uid 10177 is allowed on unmetered network
08-02 10:42:43.601  1882  4094 D ColorNavigationBarUtil: getNavBarColorFromAdaptation mUpdateNavCount:5
08-02 10:42:44.013  1882  4094 D NetworkPolicy: uid 10177 is allowed on unmetered network
08-02 10:42:44.081  1882  4094 I chatty  : uid=1000(system) Binder:1882_B identical 1 line
08-02 10:42:44.118  1882  4094 D NetworkPolicy: uid 10177 is allowed on unmetered network
08-02 10:42:44.147  1882  3481 D NetworkPolicy: uid 10177 is allowed on unmetered network
08-02 10:42:44.152  1882  3481 D NetworkPolicy: uid 10177 is allowed on unmetered network
08-02 10:42:44.168  1882  2093 V WindowManager: Checking 0 opening apps (frozen=false timeout=true)...
08-02 10:42:44.185  1882  4094 D NetworkPolicy: uid 10177 is allowed on unmetered network
08-02 10:42:44.234  1882  4094 I chatty  : uid=1000(system) Binder:1882_B identical 1 line
08-02 10:42:44.246  1882  4094 D NetworkPolicy: uid 10177 is allowed on unmetered network
08-02 10:42:44.408  1882  4958 I ActivityManager: Start proc 11677:com.coloros.aiservice/u0a79 for service com.coloros.ocrservice/.service.OcrService
08-02 10:42:44.471  1882  4958 D NetworkPolicy: uid 10177 is allowed on unmetered network
08-02 10:42:44.504  1882  4778 D NetworkPolicy: uid 10177 is allowed on unmetered network
08-02 10:42:44.506  1882  4958 D NetworkPolicy: uid 10177 is allowed on unmetered network
08-02 10:42:44.540  1882  4958 I chatty  : uid=1000(system) Binder:1882_1C identical 1 line
08-02 10:42:44.575  1882  4958 D NetworkPolicy: uid 10177 is allowed on unmetered network
08-02 10:42:44.715  1882  4958 D OppoProcessManager: notifyHypnus float window disabled
08-02 10:42:44.718  1882  4958 D OppoProcessManager: notifyHypnus float window disabled
08-02 10:42:45.197  1882  4958 D NetworkPolicy: uid 10177 is allowed on unmetered network
08-02 10:42:45.203  1882  4958 I chatty  : uid=1000(system) Binder:1882_1C identical 3 lines
08-02 10:42:45.233  1882  4958 D NetworkPolicy: uid 10177 is allowed on unmetered network
08-02 10:42:45.294  1882  4958 I ActivityManager: Start proc 11718:com.google.android.webview:sandboxed_process0/u0i2 for webview_service io.liuliu.music/org.chromium.content.app.SandboxedProcessService0
08-02 10:42:45.351  1882  3481 D NetworkPolicy: uid 10177 is allowed on unmetered network
08-02 10:42:45.362  1882  3481 D NetworkPolicy: uid 10177 is allowed on unmetered network
08-02 10:42:45.367  1882  3063 D NetworkPolicy: no need to update restrict data rules for uid 99002
08-02 10:42:45.367  1882  3063 D NetworkPolicy: no need to update restrict power rules for uid 99002
08-02 10:42:45.369  1882  4778 D NetworkPolicy: uid 10177 is allowed on unmetered network
08-02 10:42:45.372  1882  4778 D NetworkPolicy: uid 10177 is allowed on unmetered network
08-02 10:42:46.125  1882 11770 D DropBoxManagerService: file :: /data/system/dropbox/data_app_wtf@1564713766073.txt  tag is data_app_wtf
08-02 10:42:46.171  1882  2028 E NotificationService: Suppressing notification from package by user request.
08-02 10:42:46.171  1882  2028 V ActivityManager: Attempted to start a foreground service (ComponentInfo{io.liuliu.music/io.liuliu.music.resource.ResourceService}) with a broken notification (no icon: Notification(channel=null pri=0 contentView=null vibrate=null sound=null defaults=0x0 flags=0x40 color=0x00000000 vis=PRIVATE))
08-02 10:42:46.296  1882  4778 D NetworkPolicy: uid 10177 is allowed on unmetered network
08-02 10:42:46.317  1882  4778 I chatty  : uid=1000(system) Binder:1882_18 identical 3 lines
08-02 10:42:46.396  1882  4778 D NetworkPolicy: uid 10177 is allowed on unmetered network
08-02 10:42:46.417  1882  3063 D NetworkPolicy: no need to update restrict data rules for uid 99002
08-02 10:42:46.417  1882  3063 D NetworkPolicy: no need to update restrict power rules for uid 99002
08-02 10:42:46.420  1882  4778 D NetworkPolicy: uid 10177 is allowed on unmetered network
08-02 10:42:46.636  1882  2028 V ActivityManager: Attempted to start a foreground service (ComponentInfo{io.liuliu.music/io.liuliu.music.socket._server.RemoteServer}) with a broken notification (no icon: Notification(channel=null pri=0 contentView=null vibrate=null sound=null defaults=0x0 flags=0x40 color=0x00000000 vis=PRIVATE))
08-02 10:42:46.667  1882  2028 V ActivityManager: Attempted to start a foreground service (ComponentInfo{io.liuliu.music/io.liuliu.music.socket._server.RemoteServer}) with a broken notification (no icon: Notification(channel=null pri=0 contentView=null vibrate=null sound=null defaults=0x0 flags=0x40 color=0x00000000 vis=PRIVATE))
08-02 10:42:47.011  1882  4958 D NetworkPolicy: uid 10177 is allowed on unmetered network
08-02 10:42:47.042  1882  4958 D NetworkPolicy: uid 10177 is allowed on unmetered network
08-02 10:42:47.130  1882  4786 D ActivityManager: TOP_APP is ProcessRecord{7255aa5 4442:com.oppo.launcher/u0a20} uid is 10020
08-02 10:42:47.251  1882  4747 D NetworkPolicy: uid 10177 is allowed on unmetered network
08-02 10:42:47.253  1882  4747 I chatty  : uid=1000(system) Binder:1882_16 identical 1 line
08-02 10:42:47.335  1882  4747 D NetworkPolicy: uid 10177 is allowed on unmetered network
08-02 10:42:47.731  1882  1882 D OppoProcessManager: notifyHypnus float window disabled
08-02 10:42:47.732  1882  1882 I chatty  : uid=1000 system_server identical 1 line
08-02 10:42:47.733  1882  1882 D OppoProcessManager: notifyHypnus float window disabled
08-02 10:42:47.741  1882  1882 W WindowManager: removeWindowToken: Attempted to remove non-existing token: android.os.Binder@382cf55
08-02 10:42:47.749  1882  4719 W WindowManager: Failed looking up window callers=com.android.server.wm.WindowManagerService.windowForClientLocked:7043 com.android.server.wm.WindowManagerService.removeWindow:2319 com.android.server.wm.Session.remove:225 
08-02 10:42:48.352  1882  4719 I ActivityManager: Force stopping com.coloros.gallery3d appid=10039 user=0: from pid 9252
08-02 10:42:48.353  1882  4719 I ActivityManager: Killing 9252:com.coloros.gallery3d/u0a39 (adj 900): stop com.coloros.gallery3d
08-02 10:42:48.359  1882  4719 W ActivityManager: app.persistent false app.isolated false app.removed true app ProcessRecord{4498dbb 9252:com.coloros.gallery3d/u0a39}
08-02 10:42:53.423  1882  5026 I ActivityManager: Start proc 11820:io.liuliu.music:channel/u0a177 for service io.liuliu.music/com.taobao.accs.ChannelService
08-02 10:42:53.967  1882  5019 D NetworkPolicy: uid 10177 is allowed on unmetered network
08-02 10:42:55.653  1882  5027 D NetworkPolicy: uid 10024 is allowed on unmetered network
08-02 10:42:55.663  1882  5026 D NetworkPolicy: uid 10024 is allowed on unmetered network
08-02 10:42:55.664  1882  5026 D NetworkPolicy: uid 10024 is allowed on unmetered network
08-02 10:42:55.668  1882  5018 D NetworkPolicy: uid 10024 is allowed on unmetered network
08-02 10:42:55.932  1882 11846 D DropBoxManagerService: file :: /data/system/dropbox/data_app_wtf@1564713775929.txt  tag is data_app_wtf
08-02 10:42:56.047  1882  5018 D NetworkPolicy: uid 10177 is allowed on unmetered network
08-02 10:42:56.202  1882  5018 D NetworkPolicy: uid 10177 is allowed on unmetered network
08-02 10:42:56.315  1882  5019 D NetworkPolicy: uid 10177 is allowed on unmetered network
08-02 10:42:56.319  1882  5019 I chatty  : uid=1000(system) Binder:1882_1E identical 1 line
08-02 10:42:56.331  1882  5019 D NetworkPolicy: uid 10177 is allowed on unmetered network
08-02 10:42:56.333  1882  5019 D ConnectivityService: requestNetwork for uid/pid:10177/11820 NetworkRequest [ TRACK_DEFAULT id=19, [ Capabilities: INTERNET&NOT_RESTRICTED&TRUSTED&NOT_VPN] ]
08-02 10:42:56.510  1882  5026 D NetworkPolicy: uid 10177 is allowed on unmetered network
08-02 10:42:56.544  1882  5026 I chatty  : uid=1000(system) Binder:1882_1F identical 1 line
08-02 10:42:56.768  1882  5026 D NetworkPolicy: uid 10177 is allowed on unmetered network
08-02 10:42:57.805  1882  5019 I ActivityManager: Force stopping io.liuliu.music appid=10177 user=0: from pid 4558
08-02 10:42:57.806  1882  5019 I ActivityManager: Killing 11486:io.liuliu.music/u0a177 (adj 700): stop io.liuliu.music
08-02 10:42:57.810  1882  5019 W ActivityManager: Service crashed 0 times, stopping: ServiceRecord{4898f86 u0 io.liuliu.music/com.taobao.accs.data.MsgDistributeService}this is not core appio.liuliu.music
08-02 10:42:57.810  1882  5019 W ActivityManager: Service crashed 0 times, stopping: ServiceRecord{1452df3 u0 io.liuliu.music/.oppo.OPushService}this is not core appio.liuliu.music
08-02 10:42:57.811  1882  5019 W ActivityManager: app.persistent false app.isolated false app.removed true app ProcessRecord{b28be03 11486:io.liuliu.music/u0a177}
08-02 10:42:57.816  1882  5019 I ActivityManager: Killing 11820:io.liuliu.music:channel/u0a177 (adj 200): stop io.liuliu.music
08-02 10:42:57.818  1882  5019 W ActivityManager: app.persistent false app.isolated false app.removed true app ProcessRecord{5dfd134 11820:io.liuliu.music:channel/u0a177}
08-02 10:42:57.822  1882  5019 I ActivityManager: Killing 11577:io.liuliu.music:socket/u0a177 (adj 200): stop io.liuliu.music
08-02 10:42:57.823  1882  5019 W ActivityManager: app.persistent false app.isolated false app.removed true app ProcessRecord{1770f17 11577:io.liuliu.music:socket/u0a177}
08-02 10:42:57.827  1882  5019 I ActivityManager: Killing 11718:com.google.android.webview:sandboxed_process0/u0a177i2 (adj 0): isolated not needed
08-02 10:42:57.831  1882  5019 I ActivityManager:   Force stopping service ServiceRecord{6da62e5 u0 io.liuliu.music/.socket._server.RemoteServer}
08-02 10:42:57.834  1882  3063 V NetworkPolicy: setMeteredNetworkWhitelist 10177: true
08-02 10:42:57.835  1882  4905 I ActivityManager: START u0 {flg=0x10000000 cmp=example.xuyulin.xiaosheng/.MainActivity} from uid 1000 and from pid 4558
08-02 10:42:57.873  1882  4905 I ActivityManager: Start proc 11892:example.xuyulin.xiaosheng/u0a174 for activity example.xuyulin.xiaosheng/.MainActivity
08-02 10:42:57.882  1882  4712 W ActivityManager: app.persistent false app.isolated true app.removed false app ProcessRecord{4e9b796 11718:com.google.android.webview:sandboxed_process0/u0a177i2}
08-02 10:42:57.896  1882  2070 D KernelUidCpuTimeReader: Removing uids 99002-99002
08-02 10:42:57.932  1882  5018 D ConnectivityService: ConnectivityService NetworkRequestInfo binderDied(NetworkRequest [ TRACK_DEFAULT id=19, [ Capabilities: INTERNET&NOT_RESTRICTED&TRUSTED&NOT_VPN] ], android.os.BinderProxy@7c2c1c9)
08-02 10:42:57.932  1882  3075 D ConnectivityService: releasing NetworkRequest [ TRACK_DEFAULT id=19, [ Capabilities: INTERNET&NOT_RESTRICTED&TRUSTED&NOT_VPN] ] (release request)
08-02 10:42:57.957  1882  4712 D ConnectivityService: ConnectivityService NetworkRequestInfo binderDied(NetworkRequest [ LISTEN id=18, [ Capabilities: INTERNET&NOT_RESTRICTED&TRUSTED] ], android.os.BinderProxy@f6df0ce)
08-02 10:42:57.958  1882  4905 D ConnectivityService: ConnectivityService NetworkRequestInfo binderDied(NetworkRequest [ TRACK_DEFAULT id=17, [ Capabilities: INTERNET&NOT_RESTRICTED&TRUSTED&NOT_VPN] ], android.os.BinderProxy@e827bef)
08-02 10:42:57.958  1882  3075 D ConnectivityService: releasing NetworkRequest [ TRACK_DEFAULT id=17, [ Capabilities: INTERNET&NOT_RESTRICTED&TRUSTED&NOT_VPN] ] (release request)
08-02 10:42:57.959  1882  2093 W ActivityManager: setHasOverlayUi called on unknown pid: 11486
08-02 10:42:58.006  1882  1920 D ActivityManager: TOP_APP is ProcessRecord{12cb185 11892:example.xuyulin.xiaosheng/u0a174} uid is 10174
08-02 10:42:58.156  1882  1920 D ColorNavigationBarUtil: isActivityNeedPalette mUpdateNavCount:6
08-02 10:42:58.199  1882  3482 D ColorNavigationBarUtil: getNavBarColorFromAdaptation mUpdateNavCount:7
08-02 10:42:58.259  1882  2028 D OppoUsageService: isSystemApp system app, uid =1000
08-02 10:42:58.520  1882  2028 W ActivityManager: Activity pause timeout for ActivityRecord{2f36e82 u0 example.xuyulin.xiaosheng/.MainActivity t1236}
08-02 10:42:59.316  1882  2038 I BootReceiver: Copying /data/tombstones/tombstone_02 to DropBox (SYSTEM_TOMBSTONE)
08-02 10:42:59.319  1882 11919 W ActivityManager:   Force finishing activity example.xuyulin.xiaosheng/.MainActivity
08-02 10:42:59.334  1882 11919 D ActivityManager: TOP_APP is ProcessRecord{7255aa5 4442:com.oppo.launcher/u0a20} uid is 10020
08-02 10:42:59.346  1882 11921 D DropBoxManagerService: file :: /data/system/dropbox/data_app_native_crash@1564713779344.txt.gz  tag is data_app_native_crash
08-02 10:42:59.353  1882  2038 W common_test: context is null!
08-02 10:42:59.387  1882  3482 I ActivityManager: Start proc 11922:com.oppo.qualityprotect/1000 for service com.oppo.qualityprotect/.QualityProtectService
08-02 10:42:59.419  1882  2038 D DropBoxManagerService: file :: /data/system/dropbox/2019@08@02@PBAM00_11.A.20_0200_201907012147@example.xuyulin.xiaosheng@app_tombstone@6820065181_1564713779344_1564713779417.txt.gz  tag is app_tombstone
08-02 10:42:59.432  1882  1920 I ActivityManager: Process example.xuyulin.xiaosheng (pid 11892) has died: cch  CEM 
08-02 10:42:59.433  1882  1920 W ActivityManager: app.persistent false app.isolated false app.removed false app ProcessRecord{12cb185 11892:example.xuyulin.xiaosheng/u0a174}
08-02 10:42:59.442  1882  1920 W ActivityManager: getTaskSnapshot: taskId=1236 not found
08-02 10:43:02.682  1882  5019 D NetworkPolicy: uid 10024 is allowed on unmetered network
08-02 10:43:16.560  1882  5027 I ActivityManager: Force stopping example.xuyulin.xiaosheng appid=10174 user=0: from pid 4558
08-02 10:43:16.574  1882  5018 D ColorPackageManager: removePkgFromNotLaunchedList com.sina.weibo
08-02 10:43:16.574  1882  5018 I ActivityManager: START u0 {flg=0x10000000 cmp=com.sina.weibo/.SplashActivity} from uid 1000 and from pid 4558
08-02 10:43:16.661  1882  5018 I ActivityManager: Start proc 11958:com.sina.weibo/u0a132 for activity com.sina.weibo/.SplashActivity
08-02 10:43:16.687  1882  5027 D ActivityManager: TOP_APP is ProcessRecord{703edf 11958:com.sina.weibo/u0a132} uid is 10132
08-02 10:43:17.047  1882  2028 D OppoUsageService: isSystemApp system app, uid =1000
08-02 10:43:17.204  1882  2028 W ActivityManager: Activity pause timeout for ActivityRecord{804d83 u0 com.sina.weibo/.SplashActivity t1237}
08-02 10:43:17.572  1882  5019 I ActivityManager: Start proc 11995:com.sina.weibo:remote/u0a132 for service com.sina.weibo/com.xiaomi.push.service.XMPushService
08-02 10:43:17.683  1882  5019 D NetworkPolicy: uid 10132 is allowed on unmetered network
08-02 10:43:17.685  1882  5019 D NetworkPolicy: uid 10132 is allowed on unmetered network
08-02 10:43:17.687  1882  1920 D NetworkPolicy: uid 10132 is allowed on unmetered network
08-02 10:43:17.696  1882  1920 D NetworkPolicy: uid 10132 is allowed on unmetered network
08-02 10:43:17.711  1882  5019 D ColorNavigationBarUtil: isActivityNeedPalette mUpdateNavCount:8
08-02 10:43:17.733  1882  5019 D ColorNavigationBarUtil: getNavBarColorFromAdaptation mUpdateNavCount:9
08-02 10:43:17.816  1882  5019 D NetworkPolicy: uid 10132 is allowed on unmetered network
08-02 10:43:17.818  1882  5019 D NetworkPolicy: uid 10132 is allowed on unmetered network
08-02 10:43:17.862  1882  1920 I ActivityManager: Start proc 12039:com.sina.weibo.image/u0a132 for service com.sina.weibo/.business.ImageViewerService
08-02 10:43:17.920  1882  4747 D NetworkPolicy: uid 10132 is allowed on unmetered network
08-02 10:43:17.990  1882  1920 D NetworkPolicy: uid 10132 is allowed on unmetered network
08-02 10:43:17.991  1882  1920 D NetworkPolicy: uid 10132 is allowed on unmetered network
08-02 10:43:17.996  1882  4907 D NetworkPolicy: uid 10132 is allowed on unmetered network
08-02 10:43:17.997  1882  4907 D NetworkPolicy: uid 10132 is allowed on unmetered network
08-02 10:43:18.001  1882  4747 D NetworkPolicy: uid 10132 is allowed on unmetered network
08-02 10:43:18.009  1882  4747 D NetworkPolicy: uid 10132 is allowed on unmetered network
08-02 10:43:18.015  1882  1920 D NetworkPolicy: uid 10132 is allowed on unmetered network
08-02 10:43:18.016  1882  5019 D NetworkPolicy: uid 10132 is allowed on unmetered network
08-02 10:43:18.017  1882  1920 D NetworkPolicy: uid 10132 is allowed on unmetered network
08-02 10:43:18.018  1882  5019 D NetworkPolicy: uid 10132 is allowed on unmetered network
08-02 10:43:18.019  1882  1920 D NetworkPolicy: uid 10132 is allowed on unmetered network
08-02 10:43:18.021  1882  5019 D NetworkPolicy: uid 10132 is allowed on unmetered network
08-02 10:43:18.023  1882  5019 I chatty  : uid=1000(system) Binder:1882_1E identical 2 lines
08-02 10:43:18.025  1882  5019 D NetworkPolicy: uid 10132 is allowed on unmetered network
08-02 10:43:18.046  1882  4747 I ActivityManager: START u0 {act=android.content.pm.action.REQUEST_PERMISSIONS pkg=com.android.packageinstaller cmp=com.android.packageinstaller/.permission.ui.GrantPermissionsActivity (has extras)} from uid 10132 and from pid 11958
08-02 10:43:18.065  1882  4907 D NetworkPolicy: uid 10132 is allowed on unmetered network
08-02 10:43:18.065  1882  5019 D NetworkPolicy: uid 10132 is allowed on unmetered network
08-02 10:43:18.079  1882  4747 I ActivityManager: Start proc 12084:com.android.packageinstaller/u0a27 for activity com.android.packageinstaller/.permission.ui.GrantPermissionsActivity
08-02 10:43:18.099  1882  4747 D ActivityManager: TOP_APP is ProcessRecord{c375a54 12084:com.android.packageinstaller/u0a27} uid is 10027
08-02 10:43:18.132  1882  4693 D NetworkPolicy: uid 10132 is allowed on unmetered network
08-02 10:43:18.138  1882  4719 D NetworkPolicy: uid 10132 is allowed on unmetered network
08-02 10:43:18.160  1882  4786 D NetworkPolicy: uid 10132 is allowed on unmetered network
08-02 10:43:18.161  1882  4907 D NetworkPolicy: uid 10132 is allowed on unmetered network
08-02 10:43:18.212  1882  4747 D NetworkPolicy: uid 10132 is allowed on unmetered network
08-02 10:43:18.216  1882  4719 D ColorNavigationBarUtil: isActivityNeedPalette mUpdateNavCount:10
08-02 10:43:18.253  1882  4693 D NetworkPolicy: uid 10132 is allowed on unmetered network
08-02 10:43:18.255  1882  4693 I chatty  : uid=1000(system) Binder:1882_11 identical 12 lines
08-02 10:43:18.255  1882  4693 D NetworkPolicy: uid 10132 is allowed on unmetered network
08-02 10:43:18.256  1882  5019 D NetworkPolicy: uid 10132 is allowed on unmetered network
08-02 10:43:18.257  1882  4693 D NetworkPolicy: uid 10132 is allowed on unmetered network
08-02 10:43:18.258  1882  4693 I chatty  : uid=1000(system) Binder:1882_11 identical 11 lines
08-02 10:43:18.258  1882  4693 D NetworkPolicy: uid 10132 is allowed on unmetered network
08-02 10:43:18.259  1882  5019 D NetworkPolicy: uid 10132 is allowed on unmetered network
08-02 10:43:18.264  1882  5019 I chatty  : uid=1000(system) Binder:1882_1E identical 15 lines
08-02 10:43:18.351  1882  5019 D NetworkPolicy: uid 10132 is allowed on unmetered network
08-02 10:43:18.379  1882  4747 D NetworkPolicy: uid 10132 is allowed on unmetered network
08-02 10:43:18.379  1882  5019 D NetworkPolicy: uid 10132 is allowed on unmetered network
08-02 10:43:18.407  1882  5019 D NetworkPolicy: uid 10132 is allowed on unmetered network
08-02 10:43:18.456  1882  4747 D ColorNavigationBarUtil: getNavBarColorFromAdaptation mUpdateNavCount:11
08-02 10:43:18.457  1882  5019 D NetworkPolicy: uid 10132 is allowed on unmetered network
08-02 10:43:18.458  1882  2028 D OppoUsageService: isSystemApp system app, uid =1000
08-02 10:43:18.533  1882  5019 D NetworkPolicy: uid 10132 is allowed on unmetered network
08-02 10:43:18.536  1882  5019 D NetworkPolicy: uid 10132 is allowed on unmetered network
08-02 10:43:18.553  1882  2387 I WindowManager: TopFullScreen status bar state changed, topIsFullscreen:false topWin:Window{873df89 u0 com.sina.weibo/com.sina.weibo.SplashActivity} topActivityIsFullscreen:true
08-02 10:43:18.554  1882  2387 I StatusBarManagerService:  topIsFullscreen fullscreen true
08-02 10:43:18.563  1882  4907 D NetworkPolicy: uid 10132 is allowed on unmetered network
08-02 10:43:18.618  1882  4907 I chatty  : uid=1000(system) Binder:1882_1B identical 3 lines
08-02 10:43:18.619  1882  4907 D NetworkPolicy: uid 10132 is allowed on unmetered network
08-02 10:43:18.619  1882  4719 D NetworkPolicy: uid 10132 is allowed on unmetered network
08-02 10:43:18.620  1882  4907 D NetworkPolicy: uid 10132 is allowed on unmetered network
08-02 10:43:18.621  1882  4719 D NetworkPolicy: uid 10132 is allowed on unmetered network
08-02 10:43:21.312  1882  4719 I chatty  : uid=1000(system) Binder:1882_13 identical 11 lines
08-02 10:43:21.363  1882  4719 D NetworkPolicy: uid 10132 is allowed on unmetered network
08-02 10:43:35.943  1882  5027 I ActivityManager: Force stopping com.sina.weibo appid=10132 user=0: from pid 4558
08-02 10:43:35.944  1882  5027 I ActivityManager: Killing 11995:com.sina.weibo:remote/u0a132 (adj 199): stop com.sina.weibo
08-02 10:43:35.947  1882  5027 W ActivityManager: app.persistent false app.isolated false app.removed true app ProcessRecord{b65d09d 11995:com.sina.weibo:remote/u0a132}
08-02 10:43:35.967  1882  5027 I ActivityManager: Killing 11958:com.sina.weibo/u0a132 (adj 199): stop com.sina.weibo
08-02 10:43:35.969  1882  5027 W ActivityManager: app.persistent false app.isolated false app.removed true app ProcessRecord{703edf 11958:com.sina.weibo/u0a132}
08-02 10:43:35.984  1882  5027 I ActivityManager: Killing 12039:com.sina.weibo.image/u0a132 (adj 500): stop com.sina.weibo
08-02 10:43:35.985  1882  5027 W ActivityManager: Service crashed 0 times, stopping: ServiceRecord{f81a2d5 u0 com.sina.weibo/.business.ImageViewerService}this is not core appcom.sina.weibo.image
08-02 10:43:35.985  1882  5027 W ActivityManager: app.persistent false app.isolated false app.removed true app ProcessRecord{555844c 12039:com.sina.weibo.image/u0a132}
08-02 10:43:36.006  1882  5027 I ActivityManager:   Force finishing activity ActivityRecord{804d83 u0 com.sina.weibo/.SplashActivity t1237}
08-02 10:43:36.013  1882  5027 I WindowManager: TopFullScreen status bar state changed, topIsFullscreen:false topWin:Window{fb6c1ce u0 com.oppo.launcher/com.oppo.launcher.Launcher} topActivityIsFullscreen:false
08-02 10:43:36.014  1882  5027 I StatusBarManagerService:  topIsFullscreen fullscreen false
08-02 10:43:36.034  1882  5027 I ActivityManager:   Force finishing activity ActivityRecord{4c72ba8 u0 com.android.packageinstaller/.permission.ui.GrantPermissionsActivity t1237}
08-02 10:43:36.038  1882  5027 V WindowManager: changing Window{fb6c1ce u0 com.oppo.launcher/com.oppo.launcher.Launcher} mLayer from 21010 to 21000
08-02 10:43:36.044  1882  5027 D ActivityManager: TOP_APP is ProcessRecord{7255aa5 4442:com.oppo.launcher/u0a20} uid is 10020
08-02 10:43:36.082  1882  4748 D ConnectivityService: ConnectivityService NetworkRequestInfo binderDied(NetworkRequest [ LISTEN id=20, [ Capabilities: INTERNET&NOT_RESTRICTED&TRUSTED] ], android.os.BinderProxy@657d912)
08-02 10:43:36.142  1882  5027 I ActivityManager:   Force finishing activity ActivityRecord{804d83 u0 com.sina.weibo/.SplashActivity t1237 f}
08-02 10:43:36.142  1882  5027 W ActivityManager: Duplicate finish request for ActivityRecord{804d83 u0 com.sina.weibo/.SplashActivity t1237 f}
08-02 10:43:36.142  1882  5027 I ActivityManager:   Force finishing activity ActivityRecord{4c72ba8 u0 com.android.packageinstaller/.permission.ui.GrantPermissionsActivity t1237 f}
08-02 10:43:36.142  1882  5027 W ActivityManager: Duplicate finish request for ActivityRecord{4c72ba8 u0 com.android.packageinstaller/.permission.ui.GrantPermissionsActivity t1237 f}
08-02 10:43:36.142  1882  5027 I ActivityManager:   Force stopping service ServiceRecord{95f9d73 u0 com.sina.weibo/com.xiaomi.push.service.XMPushService}
08-02 10:43:36.142  1882  5027 I ActivityManager:   Force stopping service ServiceRecord{20f3dfd u0 com.sina.weibo/com.sina.push.service.SinaPushNewService}
08-02 10:43:36.152  1882  4907 I WindowManager: WIN DEATH: Window{873df89 u0 com.sina.weibo/com.sina.weibo.SplashActivity}
08-02 10:43:36.200  1882  2029 W Looper  : Dispatch took 217ms on android.ui, h=Handler (com.android.server.am.ActivityManagerService$UiHandler) {8083b30} cb=null msg=53
08-02 10:43:36.207  1882  2093 W ActivityManager: setHasOverlayUi called on unknown pid: 11958
08-02 10:43:36.209  1882  5027 D ColorPackageManager: removePkgFromNotLaunchedList com.eg.android.AlipayGphone
08-02 10:43:36.210  1882  5027 I ActivityManager: START u0 {flg=0x10000000 cmp=com.eg.android.AlipayGphone/.AlipayLogin} from uid 1000 and from pid 4558
08-02 10:43:36.240  1882  5027 I ActivityManager: Start proc 12174:com.eg.android.AlipayGphone/u0a118 for activity com.eg.android.AlipayGphone/.AlipayLogin
08-02 10:43:36.252  1882  5027 W ActivityManager: getTaskSnapshot: taskId=1237 not found
08-02 10:43:36.260  1882  5027 D ActivityManager: TOP_APP is ProcessRecord{11cc15b 12174:com.eg.android.AlipayGphone/u0a118} uid is 10118
08-02 10:43:36.629  1882  2028 D OppoUsageService: isSystemApp system app, uid =1000
08-02 10:43:36.755  1882  5027 D NetworkPolicy: uid 10118 is allowed on unmetered network
08-02 10:43:36.775  1882  2028 W ActivityManager: Activity pause timeout for ActivityRecord{ff8603f u0 com.eg.android.AlipayGphone/.AlipayLogin t1238}
08-02 10:43:36.825  1882  5027 I ActivityManager: Start proc 12229:com.eg.android.AlipayGphone:tools/u0a118 for service com.eg.android.AlipayGphone/com.alipay.android.phone.mobilecommon.dynamicrelease.DynamicReleaseRequestService
08-02 10:43:36.864  1882  3246 I ActivityManager: Start proc 12247:com.eg.android.AlipayGphone:push/u0a118 for service com.eg.android.AlipayGphone/com.alipay.mobile.common.logging.process.LogServiceInPushProcess
08-02 10:43:37.011  1882  4721 D ColorNavigationBarUtil: isActivityNeedPalette mUpdateNavCount:12
08-02 10:43:37.054  1882  4693 D ColorNavigationBarUtil: getNavBarColorFromAdaptation mUpdateNavCount:13
08-02 10:43:37.112  1882  4693 D NetworkPolicy: uid 10118 is allowed on unmetered network
08-02 10:43:37.161  1882  4721 I ActivityManager: START u0 {flg=0x10020000 cmp=com.eg.android.AlipayGphone/com.alipay.mobile.permission.PermissionGateActivity} from uid 10118 and from pid 12174
08-02 10:43:37.188  1882  4712 D NetworkPolicy: uid 10118 is allowed on unmetered network
08-02 10:43:37.229  1882  4721 D ColorNavigationBarUtil: isActivityNeedPalette mUpdateNavCount:14
08-02 10:43:37.249  1882  4721 I ActivityManager: START u0 {act=android.content.pm.action.REQUEST_PERMISSIONS pkg=com.android.packageinstaller cmp=com.android.packageinstaller/.permission.ui.GrantPermissionsActivity (has extras)} from uid 10118 and from pid 12174
08-02 10:43:37.262  1882  3246 D ColorNavigationBarUtil: getNavBarColorFromAdaptation mUpdateNavCount:15
08-02 10:43:37.287  1882  5018 D ActivityManager: TOP_APP is ProcessRecord{c375a54 12084:com.android.packageinstaller/u0a27} uid is 10027
08-02 10:43:37.315  1882  3246 D ColorNavigationBarUtil: isActivityNeedPalette mUpdateNavCount:16
08-02 10:43:37.328  1882  4721 D NetworkPolicy: uid 10070 is allowed on unmetered network
08-02 10:43:37.354  1882  4509 D NetworkPolicy: uid 10070 is allowed on unmetered network
08-02 10:43:37.357  1882  4358 D NetworkPolicy: uid 10070 is allowed on unmetered network
08-02 10:43:37.360  1882  3246 D NetworkPolicy: uid 10070 is allowed on unmetered network
08-02 10:43:37.363  1882  5019 D NetworkPolicy: uid 10070 is allowed on unmetered network
08-02 10:43:37.381  1882  4358 D NetworkPolicy: uid 10070 is allowed on unmetered network
08-02 10:43:37.389  1882  4509 D NetworkPolicy: uid 10070 is allowed on unmetered network
08-02 10:43:37.448  1882  4719 D ColorNavigationBarUtil: getNavBarColorFromAdaptation mUpdateNavCount:17
08-02 10:43:37.467  1882  4905 D NetworkPolicy: uid 10118 is allowed on unmetered network
08-02 10:43:37.493  1882  3482 D NetworkPolicy: uid 10118 is allowed on unmetered network
08-02 10:43:37.495  1882  3482 D NetworkPolicy: uid 10118 is allowed on unmetered network
08-02 10:43:37.501  1882  4905 D NetworkPolicy: uid 10118 is allowed on unmetered network
08-02 10:43:37.520  1882  4905 D NetworkPolicy: uid 10070 is allowed on unmetered network
08-02 10:43:37.522  1882  4905 I chatty  : uid=1000(system) Binder:1882_1A identical 1 line
08-02 10:43:37.525  1882  4905 D NetworkPolicy: uid 10070 is allowed on unmetered network
08-02 10:43:37.528  1882  3482 D NetworkPolicy: uid 10118 is allowed on unmetered network
08-02 10:43:37.648  1882  3482 I chatty  : uid=1000(system) Binder:1882_A identical 6 lines
08-02 10:43:37.667  1882  3482 D NetworkPolicy: uid 10118 is allowed on unmetered network
08-02 10:43:37.687  1882  2028 D OppoUsageService: isSystemApp system app, uid =1000
08-02 10:43:37.891  1882  3482 D NetworkPolicy: uid 10118 is allowed on unmetered network
08-02 10:43:37.953  1882  3482 I chatty  : uid=1000(system) Binder:1882_A identical 7 lines
08-02 10:43:37.960  1882  3482 D NetworkPolicy: uid 10118 is allowed on unmetered network
08-02 10:43:37.968  1882  4358 D NetworkPolicy: uid 10118 is allowed on unmetered network
08-02 10:43:37.973  1882  4905 D NetworkPolicy: uid 10118 is allowed on unmetered network
08-02 10:43:38.052  1882  3482 D NetworkPolicy: uid 10118 is allowed on unmetered network
08-02 10:43:38.055  1882  3482 D NetworkPolicy: uid 10118 is allowed on unmetered network
08-02 10:43:38.164  1882  3482 I ActivityManager: Killing 10884:com.android.settings/1000 (adj 906): empty #17
08-02 10:43:38.235  1882  4358 W ActivityManager: app.persistent false app.isolated false app.removed false app ProcessRecord{553dd62 10884:com.android.settings/1000}
08-02 10:43:42.199  1882  5026 D NetworkPolicy: uid 10118 is allowed on unmetered network
08-02 10:43:42.325  1882  5026 I chatty  : uid=1000(system) Binder:1882_1F identical 3 lines
08-02 10:43:42.372  1882  5026 D NetworkPolicy: uid 10118 is allowed on unmetered network
08-02 10:43:51.360  1882  5019 D NetworkPolicy: uid 10118 is allowed on unmetered network
08-02 10:43:51.365  1882  5019 D NetworkPolicy: uid 10118 is allowed on unmetered network
08-02 10:43:51.451  1882  4905 D NetworkPolicy: uid 10118 is allowed on unmetered network
08-02 10:43:51.673  1882  4905 I chatty  : uid=1000(system) Binder:1882_1A identical 18 lines
08-02 10:43:51.676  1882  4905 D NetworkPolicy: uid 10118 is allowed on unmetered network
08-02 10:43:51.678  1882  5019 D NetworkPolicy: uid 10118 is allowed on unmetered network
08-02 10:43:51.709  1882  5019 I chatty  : uid=1000(system) Binder:1882_1E identical 11 lines
08-02 10:43:51.712  1882  5019 D NetworkPolicy: uid 10118 is allowed on unmetered network
08-02 10:43:52.787  1882  1919 D NetworkPolicy: uid 10118 is allowed on unmetered network
08-02 10:43:54.742  1882  1919 I ActivityManager: Force stopping com.eg.android.AlipayGphone appid=10118 user=0: from pid 4558
08-02 10:43:54.743  1882  1919 I ActivityManager: Killing 12229:com.eg.android.AlipayGphone:tools/u0a118 (adj 900): stop com.eg.android.AlipayGphone
08-02 10:43:54.744  1882  1919 W ActivityManager: app.persistent false app.isolated false app.removed true app ProcessRecord{78b222 12229:com.eg.android.AlipayGphone:tools/u0a118}
08-02 10:43:54.772  1882  1919 I ActivityManager: Killing 12247:com.eg.android.AlipayGphone:push/u0a118 (adj 500): stop com.eg.android.AlipayGphone
08-02 10:43:54.773  1882  1919 D ActivityManager: com.eg.android.AlipayGphone:push bA=true, iR=true
08-02 10:43:54.773  1882  1919 D ActivityManager: allow restart service in proc com.eg.android.AlipayGphone:push
08-02 10:43:54.774  1882  1919 W ActivityManager: app.persistent false app.isolated false app.removed true app ProcessRecord{73310d0 12247:com.eg.android.AlipayGphone:push/u0a118}
08-02 10:43:54.784  1882  1919 I ActivityManager: Killing 12174:com.eg.android.AlipayGphone/u0a118 (adj 199): stop com.eg.android.AlipayGphone
08-02 10:43:54.785  1882  1919 W ActivityManager: app.persistent false app.isolated false app.removed true app ProcessRecord{11cc15b 12174:com.eg.android.AlipayGphone/u0a118}
08-02 10:43:54.804  1882  1919 I ActivityManager:   Force finishing activity ActivityRecord{ff8603f u0 com.eg.android.AlipayGphone/.AlipayLogin t1238}
08-02 10:43:54.833  1882  1919 I ActivityManager:   Force finishing activity ActivityRecord{ed70296 u0 com.eg.android.AlipayGphone/com.alipay.mobile.permission.PermissionGateActivity t1238}
08-02 10:43:54.868  1882  1919 I ActivityManager:   Force finishing activity ActivityRecord{9c511e9 u0 com.android.packageinstaller/.permission.ui.GrantPermissionsActivity t1238}
08-02 10:43:54.873  1882  1919 V WindowManager: changing Window{fb6c1ce u0 com.oppo.launcher/com.oppo.launcher.Launcher} mLayer from 21015 to 21005
08-02 10:43:54.882  1882  1919 D ActivityManager: TOP_APP is ProcessRecord{7255aa5 4442:com.oppo.launcher/u0a20} uid is 10020
08-02 10:43:54.917  1882  1919 I ActivityManager:   Force finishing activity ActivityRecord{ff8603f u0 com.eg.android.AlipayGphone/.AlipayLogin t1238 f}
08-02 10:43:54.917  1882  1919 W ActivityManager: Duplicate finish request for ActivityRecord{ff8603f u0 com.eg.android.AlipayGphone/.AlipayLogin t1238 f}
08-02 10:43:54.917  1882  1919 I ActivityManager:   Force finishing activity ActivityRecord{ed70296 u0 com.eg.android.AlipayGphone/com.alipay.mobile.permission.PermissionGateActivity t1238 f}
08-02 10:43:54.917  1882  1919 W ActivityManager: Duplicate finish request for ActivityRecord{ed70296 u0 com.eg.android.AlipayGphone/com.alipay.mobile.permission.PermissionGateActivity t1238 f}
08-02 10:43:54.917  1882  1919 I ActivityManager:   Force finishing activity ActivityRecord{9c511e9 u0 com.android.packageinstaller/.permission.ui.GrantPermissionsActivity t1238 f}
08-02 10:43:54.917  1882  1919 W ActivityManager: Duplicate finish request for ActivityRecord{9c511e9 u0 com.android.packageinstaller/.permission.ui.GrantPermissionsActivity t1238 f}
08-02 10:43:54.917  1882  1919 I ActivityManager:   Force stopping service ServiceRecord{6aa9f2a u0 com.eg.android.AlipayGphone/com.alipay.pushsdk.push.NotificationService}
08-02 10:43:54.934  1882  3481 I WindowManager: WIN DEATH: Window{9115db1 u0 com.eg.android.AlipayGphone/com.eg.android.AlipayGphone.AlipayLogin}
08-02 10:43:54.954  1882  4721 I WindowManager: WIN DEATH: Window{9d3e3a5 u0 com.eg.android.AlipayGphone/com.alipay.mobile.permission.PermissionGateActivity}
08-02 10:43:54.996  1882  2029 W Looper  : Dispatch took 210ms on android.ui, h=Handler (com.android.server.am.ActivityManagerService$UiHandler) {8083b30} cb=null msg=53
08-02 10:43:55.019  1882  2775 I ActivityManager: START u0 {flg=0x10000000 cmp=com.coloros.onekeylockscreen/.OppoLockScreen} from uid 1000 and from pid 4558
08-02 10:43:55.053  1882  2775 I ActivityManager: Start proc 12487:com.coloros.onekeylockscreen/u0a106 for activity com.coloros.onekeylockscreen/.OppoLockScreen
08-02 10:43:55.077  1882  2093 W ActivityManager: setHasOverlayUi called on unknown pid: 12174
08-02 10:43:55.099  1882  4786 D ActivityManager: TOP_APP is ProcessRecord{709fc94 12487:com.coloros.onekeylockscreen/u0a106} uid is 10106
08-02 10:43:55.109  1882  2027 D NetworkPolicy: no need to update restrict power rules for uid 10106
08-02 10:43:55.161  1882  4786 D ColorNavigationBarUtil: isActivityNeedPalette mUpdateNavCount:18
08-02 10:43:55.178  1882  4786 D ColorNavigationBarUtil: getNavBarColorFromAdaptation mUpdateNavCount:19
08-02 10:43:55.204  1882  1919 D ActivityManager: TOP_APP is ProcessRecord{7255aa5 4442:com.oppo.launcher/u0a20} uid is 10020
08-02 10:43:55.438  1882  2028 D OppoUsageService: isSystemApp system app, uid =1000
08-02 10:44:13.856  1882  4748 I ActivityManager: Force stopping com.coloros.onekeylockscreen appid=10106 user=0: from pid 4558
08-02 10:44:13.857  1882  4748 I ActivityManager: Killing 12487:com.coloros.onekeylockscreen/u0a106 (adj 900): stop com.coloros.onekeylockscreen
08-02 10:44:13.858  1882  4748 W ActivityManager: app.persistent false app.isolated false app.removed true app ProcessRecord{709fc94 12487:com.coloros.onekeylockscreen/u0a106}
08-02 10:44:13.874  1882  4747 D ColorPackageManager: removePkgFromNotLaunchedList com.coloros.yoli
08-02 10:44:13.875  1882  4747 I ActivityManager: START u0 {flg=0x10000000 cmp=com.coloros.yoli/.icon_org} from uid 1000 and from pid 4558
08-02 10:44:13.931  1882  4747 I ActivityManager: Start proc 12519:com.coloros.yoli/u0a139 for activity com.coloros.yoli/.icon_org
08-02 10:44:13.954  1882  4722 D ActivityManager: TOP_APP is ProcessRecord{c20fa8a 12519:com.coloros.yoli/u0a139} uid is 10139
08-02 10:44:14.319  1882  2028 D OppoUsageService: isSystemApp system app, uid =1000
08-02 10:44:14.471  1882  2028 W ActivityManager: Activity pause timeout for ActivityRecord{adc147e u0 com.coloros.yoli/.icon_org t1240}
08-02 10:44:16.203  1882  4721 D OppoUsageService: isSystemApp system app, uid =1000
08-02 10:44:16.243  1882  4722 I ActivityManager: Start proc 12577:com.coloros.mcs:dcs/1000 for service com.coloros.mcs/.statistics.upload.UploadJobService
08-02 10:44:16.251  1882  4721 D ColorNavigationBarUtil: isActivityNeedPalette mUpdateNavCount:20
08-02 10:44:17.046  1882  2387 I WindowManager: TopFullScreen status bar state changed, topIsFullscreen:false topWin:Window{26127bf u0 com.coloros.yoli/com.coloros.yoli.icon_org} topActivityIsFullscreen:true
08-02 10:44:17.046  1882  2387 I StatusBarManagerService:  topIsFullscreen fullscreen true
08-02 10:44:26.735  1882  1882 D OppoEngineerService: onReceive intent = Intent { act=android.intent.action.BATTERY_CHANGED flg=0x60000010 (has extras) }
08-02 10:44:32.551  1882  5019 I ActivityManager: Force stopping com.coloros.yoli appid=10139 user=0: from pid 4558
08-02 10:44:32.552  1882  5019 I ActivityManager: Killing 12519:com.coloros.yoli/u0a139 (adj 0): stop com.coloros.yoli
08-02 10:44:32.554  1882  5019 W ActivityManager: app.persistent false app.isolated false app.removed true app ProcessRecord{c20fa8a 12519:com.coloros.yoli/u0a139}
08-02 10:44:32.591  1882  5019 I ActivityManager: Start proc 12634:com.coloros.yoli/u0a139 for activity com.coloros.yoli/.icon_org
08-02 10:44:32.617  1882  5019 I ActivityManager:   Force finishing activity ActivityRecord{adc147e u0 com.coloros.yoli/.icon_org t1240}
08-02 10:44:32.629  1882  5019 I WindowManager: TopFullScreen status bar state changed, topIsFullscreen:false topWin:Window{fb6c1ce u0 com.oppo.launcher/com.oppo.launcher.Launcher} topActivityIsFullscreen:false
08-02 10:44:32.629  1882  5019 I StatusBarManagerService:  topIsFullscreen fullscreen false
08-02 10:44:32.650  1882  5019 I ActivityManager:   Force finishing activity ActivityRecord{adc147e u0 com.coloros.yoli/.icon_org t1240 f}
08-02 10:44:32.651  1882  5019 W ActivityManager: Duplicate finish request for ActivityRecord{adc147e u0 com.coloros.yoli/.icon_org t1240 f}
08-02 10:44:32.651  1882  5019 I ActivityManager:   Force stopping service ServiceRecord{3244ae1 u0 com.coloros.yoli/.push.VideoPushService}
08-02 10:44:32.654  1882  2029 W Looper  : Dispatch took 102ms on android.ui, h=Handler (com.android.server.am.ActivityManagerService$UiHandler) {8083b30} cb=null msg=53
08-02 10:44:32.664  1882  4786 D ActivityManager: TOP_APP is ProcessRecord{7255aa5 4442:com.oppo.launcher/u0a20} uid is 10020
08-02 10:44:32.667  1882  4786 I ActivityManager: Killing 10866:com.android.calendar/u0a5 (adj 906): empty #17
08-02 10:44:32.716  1882  4722 I ActivityManager: Killing 12634:com.coloros.yoli/u0a139 (adj 900): remove task
08-02 10:44:32.725  1882  4722 D ColorPackageManager: removePkgFromNotLaunchedList com.coloros.wallet
08-02 10:44:32.726  1882  4722 I ActivityManager: START u0 {flg=0x10000000 cmp=com.coloros.wallet/.SplashActivity} from uid 1000 and from pid 4558
08-02 10:44:32.765  1882  4722 I ActivityManager: Start proc 12652:com.coloros.wallet/u0a140 for activity com.coloros.wallet/.SplashActivity
08-02 10:44:32.778  1882  4907 W ActivityManager: app.persistent false app.isolated false app.removed false app ProcessRecord{6ffe842 10866:com.android.calendar/u0a5}
08-02 10:44:32.783  1882  2093 W ActivityManager: setHasOverlayUi called on unknown pid: 12519
08-02 10:44:32.798  1882  4722 D ActivityManager: TOP_APP is ProcessRecord{24e0d90 12652:com.coloros.wallet/u0a140} uid is 10140
08-02 10:44:32.812  1882  4907 W ActivityManager: app.persistent false app.isolated false app.removed false app ProcessRecord{bdd689 12634:com.coloros.yoli/u0a139}
08-02 10:44:33.152  1882  2028 D OppoUsageService: isSystemApp system app, uid =1000
08-02 10:44:33.311  1882  2028 W ActivityManager: Activity pause timeout for ActivityRecord{a0116b6 u0 com.coloros.wallet/.SplashActivity t1241}
08-02 10:44:34.066  1882  4722 D NetworkPolicy: uid 10140 is allowed on unmetered network
08-02 10:44:34.068  1882  4722 D NetworkPolicy: uid 10140 is allowed on unmetered network
08-02 10:44:34.117  1882  5019 D OppoUsageService: isSystemApp system app, uid =1000
08-02 10:44:34.405  1882  5019 D NetworkPolicy: uid 10140 is allowed on unmetered network
08-02 10:44:34.542  1882  5018 D NetworkPolicy: uid 10140 is allowed on unmetered network
08-02 10:44:34.707  1882  5018 D NetworkPolicy: uid 10140 is allowed on unmetered network
08-02 10:44:34.778  1882  2387 I WindowManager: TopFullScreen status bar state changed, topIsFullscreen:false topWin:Window{b20afa2 u0 com.coloros.wallet/com.coloros.wallet.SplashActivity} topActivityIsFullscreen:true
08-02 10:44:34.778  1882  2387 I StatusBarManagerService:  topIsFullscreen fullscreen true
08-02 10:44:34.788  1882  5027 D NetworkPolicy: uid 10140 is allowed on unmetered network
08-02 10:44:34.942  1882  5018 D NetworkPolicy: uid 10140 is allowed on unmetered network
08-02 10:44:35.058  1882  5018 I chatty  : uid=1000(system) Binder:1882_1D identical 1 line
08-02 10:44:35.060  1882  5018 D NetworkPolicy: uid 10140 is allowed on unmetered network
08-02 10:44:35.237  1882  5027 D NetworkPolicy: uid 10140 is allowed on unmetered network
08-02 10:44:37.040  1882  5027 I chatty  : uid=1000(system) Binder:1882_20 identical 2 lines
08-02 10:44:37.121  1882  5027 D NetworkPolicy: uid 10140 is allowed on unmetered network
08-02 10:44:51.755  1882  4907 I ActivityManager: Force stopping com.coloros.wallet appid=10140 user=0: from pid 4558
08-02 10:44:51.756  1882  4907 I ActivityManager: Killing 12652:com.coloros.wallet/u0a140 (adj 0): stop com.coloros.wallet
08-02 10:44:51.758  1882  4907 W ActivityManager: app.persistent false app.isolated false app.removed true app ProcessRecord{24e0d90 12652:com.coloros.wallet/u0a140}
08-02 10:44:51.843  1882  4907 I ActivityManager: Start proc 12719:com.coloros.wallet/u0a140 for activity com.coloros.wallet/.SplashActivity
08-02 10:44:51.843  1882  4907 I ActivityManager: java.lang.Throwable
08-02 10:44:51.843  1882  4907 I ActivityManager: 	at com.android.server.am.ActivityManagerService.startProcessLocked(ActivityManagerService.java:4710)
