--------- beginning of system
08-02 03:32:59.824  1164  1164 E wificond: Failed to get wiphy indices
08-02 03:32:59.851  1882  1882 I chatty  : uid=1000 system_server expire 357 lines
08-02 03:33:00.736  1882  3095 I chatty  : uid=1000(system) FallingMonitorT expire 1 line
08-02 03:33:00.826  1882  3101 I chatty  : uid=1000(system) Thread-16 expire 1 line
08-02 03:33:00.954  1882  2028 I chatty  : uid=1000(system) ActivityManager expire 1 line
08-02 03:33:00.985  1882  1994 I chatty  : uid=1000 system_server expire 1 line
08-02 03:33:01.156   672   672 I android.hardware.wifi@1.0-service: Wifi HAL started
08-02 03:33:01.160  1882  3075 I chatty  : uid=1000(system) ConnectivitySer expire 1 line
08-02 03:33:01.179  1882  2029 I chatty  : uid=1000(system) android.ui expire 1 line
08-02 03:33:01.226  1882  2129 I chatty  : uid=1000(system) PowerManagerSer expire 2 lines
08-02 03:33:01.242  1882  3144 I chatty  : uid=1000(system) vorite.anteater expire 1 line
08-02 03:33:01.477  1882  2189 I chatty  : uid=1000(system) PackageManager expire 48 lines
08-02 03:33:01.571  1882  2400 I chatty  : uid=1000 system_server expire 1 line
08-02 03:33:01.573  1882  2408 I chatty  : uid=1000 system_server expire 8 lines
08-02 03:33:01.690  1882  1882 I chatty  : uid=1000 system_server expire 95 lines
08-02 03:33:01.705  1164  1164 I wificond: create scanner for interface with index: 22
08-02 03:33:01.705  1164  1164 I wificond: subscribe scan result for interface with index: 22
08-02 03:33:01.708  1164  1164 E wificond: No Offload Service available
08-02 03:33:01.708  1164  1164 I wificond: Offload HAL not supported 
08-02 03:33:01.775  1882  3223 I chatty  : uid=1000(system) pool-4-thread-1 expire 1 line
08-02 03:33:01.805  1882  3237 I chatty  : uid=1000 system_server expire 4 lines
08-02 03:33:01.822  1882  2030 I chatty  : uid=1000(system) BroadcastQueue expire 3 lines
08-02 03:33:01.824  1882  2093 I chatty  : uid=1000(system) android.display expire 2 lines
08-02 03:33:01.845  1882  3244 I chatty  : uid=1000 system_server expire 4 lines
08-02 03:33:02.037  1882  2420 I chatty  : uid=1000(system) StorageManagerS expire 3 lines
08-02 03:33:02.038   508   513 D vold    : e4crypt_unlock_user_key 0 serial=0 token_present=0
08-02 03:33:02.068  1882  2091 I chatty  : uid=1000(system) android.fg expire 1 line
08-02 03:33:02.086  1882  2028 I chatty  : uid=1000(system) ActivityManager expire 1 line
08-02 03:33:02.090   508   512 V vold    : Waiting for FUSE to spin up...
08-02 03:33:02.096  1882  3086 I chatty  : uid=1000(system) AudioService expire 1 line
08-02 03:33:02.101  1882  2376 I chatty  : uid=1000 system_server expire 3 lines
08-02 03:33:02.125  1882  3246 I chatty  : uid=1000(system) Binder:1882_5 expire 1 line
08-02 03:33:02.143  1882  3062 I chatty  : uid=1000(system) NetworkPolicy expire 453 lines
08-02 03:33:02.500  3275  3333 D ActivityThread: Loading provider com.oppo.systemui: com.oppo.systemui.provider.SystemBarProvider
08-02 03:33:02.540  1882  1882 I chatty  : uid=1000 system_server expire 69 lines
08-02 03:33:02.997  1882  2029 I chatty  : uid=1000(system) android.ui expire 1 line
08-02 03:33:03.009  1882  3481 I chatty  : uid=1000(system) Binder:1882_9 expire 2 lines
08-02 03:33:03.119  1882  2027 I chatty  : uid=1000(system) android.bg expire 152 lines
08-02 03:33:03.153  1882  3482 I chatty  : uid=1000(system) Binder:1882_A expire 8 lines
08-02 03:33:03.162  1882  2070 I chatty  : uid=1000(system) batterystats-wo expire 1 line
08-02 03:33:03.167  1882  3063 I chatty  : uid=1000(system) tworkPolicy.uid expire 4 lines
08-02 03:33:03.172  1882  3127 I chatty  : uid=1000(system) DeviceIdleHelpe expire 2 lines
08-02 03:33:03.197  1882  3455 I chatty  : uid=1000(system) Binder:1882_6 expire 5 lines
08-02 03:33:03.253  3483  3546 E ActivityThread: Failed to find provider info for cn.teddymobile.free.anteater.den.provider
08-02 03:33:03.327  1882  2028 I chatty  : uid=1000(system) ActivityManager expire 5 lines
08-02 03:33:03.963  3275  3649 E ActivityThread: Failed to find provider info for cn.teddymobile.free.anteater.den.provider
08-02 03:33:03.997  1882  2189 I chatty  : uid=1000(system) PackageManager expire 2 lines
08-02 03:33:04.011  1882  3072 I chatty  : uid=1000(system) WifiScanningSer expire 1 line
08-02 03:33:04.257  1882  1920 I chatty  : uid=1000(system) Binder:1882_2 expire 7 lines
08-02 03:33:04.335  3275  3632 E ActivityThread: Failed to find provider info for com.oppo.notification_center
08-02 03:33:04.583  1882  2104 I chatty  : uid=1000 system_server expire 1 line
08-02 03:33:04.837  3275  3632 E ActivityThread: Failed to find provider info for com.oppo.notification_center
08-02 03:33:05.007  1882  2093 I chatty  : uid=1000(system) android.display expire 1 line
08-02 03:33:05.106  3275  3341 E ActivityThread: Failed to find provider info for com.android.contacts
08-02 03:33:05.217  3275  3811 E ActivityThread: Failed to find provider info for com.coloros.gamespace.provider.InterfaceProvider
08-02 03:33:05.339  3275  3632 E ActivityThread: Failed to find provider info for com.oppo.notification_center
08-02 03:33:05.476  1882  3075 I chatty  : uid=1000(system) ConnectivitySer expire 8 lines
08-02 03:33:05.552  1164  1164 W wificond: Scan aborted
08-02 03:33:05.596   508   513 D VoldCryptCmdListener: cryptfs getpw
08-02 03:33:05.598   508   513 D VoldCryptCmdListener: cryptfs clearpw
08-02 03:33:05.603  1164  1164 W wificond: Scan is not started. Ignore abort request
08-02 03:33:05.721  1882  3094 I chatty  : uid=1000(system) OppoMultimediaW expire 1 line
08-02 03:33:05.723  3275  3639 E ActivityThread: Failed to find provider info for com.android.contacts
08-02 03:33:05.842  3275  3632 E ActivityThread: Failed to find provider info for com.oppo.notification_center
08-02 03:33:05.855  1882  3065 I chatty  : uid=1000(system) WifiStateMachin expire 1 line
08-02 03:33:06.121  3275  3603 E ActivityThread: Failed to find provider info for com.coloros.gamespace.provider.InterfaceProvider
08-02 03:33:06.123  3275  3603 E ActivityThread: Failed to find provider info for com.coloros.gamespace.provider.InterfaceProvider
08-02 03:33:06.344  3275  3632 E ActivityThread: Failed to find provider info for com.oppo.notification_center
08-02 03:33:06.405  3275  3878 E ActivityThread: Failed to find provider info for com.coloros.smartdrive.data.DataProvider
08-02 03:33:06.515  1882  2119 I chatty  : uid=1000(system) Binder:1882_3 expire 1 line
08-02 03:33:06.792  1882  3062 I chatty  : uid=1000(system) NetworkPolicy expire 4 lines
08-02 03:33:06.835  1161  1341 E NetlinkEvent: NetlinkEvent::FindParam(): Parameter 'INTERFACE' not found
08-02 03:33:06.835  1161  1341 E NetlinkEvent: NetlinkEvent::FindParam(): Parameter 'STATE' not found
08-02 03:33:06.835  1161  1341 E NetlinkEvent: NetlinkEvent::FindParam(): Parameter 'TIME_NS' not found
08-02 03:33:06.835  1161  1341 E NetlinkEvent: NetlinkEvent::FindParam(): Parameter 'UID' not found
08-02 03:33:06.852  1882  3089 I chatty  : uid=1000(system) ConnectivityThr expire 2 lines
08-02 03:33:06.864  1882  3075 I chatty  : uid=1000(system) ConnectivitySer expire 6 lines
08-02 03:33:06.865  3275  3632 E ActivityThread: Failed to find provider info for com.oppo.notification_center
08-02 03:33:06.882  1882  1882 I chatty  : uid=1000 system_server expire 20 lines
08-02 03:33:06.918  3525  3551 V FingerprintManager: FingerprintManagerService was null
08-02 03:33:06.939  3444  3444 I SystemConfig: scan feature file : /system/etc/permissions/com.oppo.features_allnet_common_18032.xml,ignore!!!
08-02 03:33:06.939  3444  3444 I SystemConfig: scan feature file : /system/etc/permissions/com.oppo.features_allnet_common_18033.xml,ignore!!!
08-02 03:33:06.954  3444  3444 I SystemConfig: scan feature file : /system/etc/permissions/com.oppo.rom.allnetcmccdeep.xml,ignore!!!
08-02 03:33:06.954  3444  3444 I SystemConfig: scan feature file : /system/etc/permissions/com.oppo.rom.allnetcmccmp.xml,ignore!!!
08-02 03:33:07.034  1882  3062 I chatty  : uid=1000(system) NetworkPolicy expire 7 lines
08-02 03:33:07.040  3708  3740 E ActivityThread: Failed to find provider info for com.android.contacts
08-02 03:33:08.878  3444  3444 W SystemConfig: No directory /system/etc/oppoOperatorFeatures, skipping
08-02 03:33:08.878  3444  3444 W SystemConfig: No directory /system/etc/oppoRegionMarkFeatures, skipping
08-02 03:33:08.878  3444  3444 W SystemConfig: No directory /system/etc/oppoEuexCountryFeatures, skipping
08-02 03:33:08.902  1882  2030 I chatty  : uid=1000(system) BroadcastQueue expire 16 lines
08-02 03:33:09.178  3946  3997 E ActivityThread: Failed to find provider info for com.oppo.usercenter.provider.open
08-02 03:33:09.187  3275  3632 E ActivityThread: Failed to find provider info for com.oppo.notification_center
08-02 03:33:09.217  1882  2028 I chatty  : uid=1000(system) ActivityManager expire 33 lines
08-02 03:33:09.219  3946  4019 E ActivityThread: Failed to find provider info for com.oppo.usercenter.provider.open
08-02 03:33:09.219  3444  4022 E ActivityThread: Failed to find provider info for com.android.contacts
08-02 03:33:09.228  1882  3482 I chatty  : uid=1000(system) Binder:1882_A expire 8 lines
08-02 03:33:09.255  3946  3946 E ActivityThread: Failed to find provider info for com.oppo.usercenter.provider.open
08-02 03:33:09.269  1882  3472 I chatty  : uid=1000(system) Binder:1882_8 expire 6 lines
08-02 03:33:09.271  3946  3946 E ActivityThread: Failed to find provider info for com.oppo.usercenter.provider.open
08-02 03:33:09.272  1882  2119 I chatty  : uid=1000(system) Binder:1882_3 expire 7 lines
08-02 03:33:09.297  3946  3946 E ActivityThread: Failed to find provider info for com.oppo.usercenter.provider.open
08-02 03:33:09.319  3946  4045 E ActivityThread: Failed to find provider info for media
08-02 03:33:09.387  3946  4045 I chatty  : uid=10049(com.coloros.cloud) identical 34 lines
08-02 03:33:09.397  3946  4045 E ActivityThread: Failed to find provider info for media
08-02 03:33:09.416  3946  4045 E ActivityThread: Failed to find provider info for media
08-02 03:33:09.421  3946  4045 E ActivityThread: Failed to find provider info for media
08-02 03:33:09.421  1882  2093 I chatty  : uid=1000(system) android.display expire 22 lines
08-02 03:33:09.427  3946  4045 E ActivityThread: Failed to find provider info for media
08-02 03:33:09.435  3946  4045 E ActivityThread: Failed to find provider info for media
08-02 03:33:09.615  1882  2775 I chatty  : uid=1000(system) Binder:1882_4 expire 4 lines
08-02 03:33:09.689  3275  3632 E ActivityThread: Failed to find provider info for com.oppo.notification_center
08-02 03:33:10.164  1882  2091 I chatty  : uid=1000(system) android.fg expire 2 lines
08-02 03:33:10.188  1882  2038 I chatty  : uid=1000(system) FileObserver expire 9 lines
08-02 03:33:10.193  3525  3551 I ActivityThread: Removing dead content provider:android.content.ContentProviderProxy@82a1ffb
08-02 03:33:10.216   508   513 D vold    : e4crypt_prepare_user_storage for volume null, user 0, serial 0, flags 2
08-02 03:33:10.216   508   513 D vold    : Preparing: /data/system_ce/0
08-02 03:33:10.217   508   513 D vold    : Preparing: /data/misc_ce/0
08-02 03:33:10.217   508   513 D vold    : Preparing: /data/media/0
08-02 03:33:10.217   508   513 D vold    : Preparing: /data/data
08-02 03:33:10.647  4176  4176 I imsrcsd : Uce Service HAL  is starting up...
08-02 03:33:12.146  1882  2129 I chatty  : uid=1000(system) PowerManagerSer expire 2 lines
08-02 03:33:12.232  1882  2092 I chatty  : uid=1000(system) android.io expire 1 line
08-02 03:33:12.233   508   512 D vold    : Linking /storage/emulated/0 to /mnt/user/0/primary
08-02 03:33:12.237  1882  2420 I chatty  : uid=1000(system) StorageManagerS expire 1 line
08-02 03:33:12.253  1882  1919 I chatty  : uid=1000(system) Binder:1882_1 expire 2 lines
08-02 03:33:12.265  1882  3246 I chatty  : uid=1000(system) Binder:1882_5 expire 3 lines
08-02 03:33:12.281  1882  4245 I chatty  : uid=1000 system_server expire 4 lines
08-02 03:33:12.297  1882  3471 I chatty  : uid=1000(system) Binder:1882_7 expire 6 lines
08-02 03:33:12.391  3275  3275 I WeChatEnvelopeFieldList: ACTION_LOCKED_BOOT_COMPLETED: register systembar provider
08-02 03:33:12.410  1882  4260 I chatty  : uid=1000(system) backup expire 3 lines
08-02 03:33:12.433  1882  4095 I chatty  : uid=1000(system) Binder:1882_C expire 6 lines
08-02 03:33:12.498  1882  2027 I chatty  : uid=1000(system) android.bg expire 2 lines
08-02 03:33:12.563  1882  3063 I chatty  : uid=1000(system) tworkPolicy.uid expire 20 lines
08-02 03:33:12.805  1882  1920 I chatty  : uid=1000(system) Binder:1882_2 expire 2 lines
08-02 03:33:12.825  1882  4358 I chatty  : uid=1000(system) Binder:1882_D expire 4 lines
08-02 03:33:12.897  1882  2029 I chatty  : uid=1000(system) android.ui expire 4 lines
08-02 03:33:12.958  1882  4397 I chatty  : uid=1000(system) Binder:1882_E expire 7 lines
08-02 03:33:13.703  1882  4509 I chatty  : uid=1000(system) Binder:1882_10 expire 1 line
08-02 03:33:13.801  1882  4094 I chatty  : uid=1000(system) Binder:1882_B expire 2 lines
08-02 03:33:13.863  1882  4693 I chatty  : uid=1000(system) Binder:1882_11 expire 3 lines
08-02 03:33:13.879  3483  3520 V FingerprintManager: FingerprintManagerService was null
08-02 03:33:14.038  1882  3455 I chatty  : uid=1000(system) Binder:1882_6 expire 2 lines
08-02 03:33:14.041  1882  4464 I chatty  : uid=1000(system) Binder:1882_F expire 2 lines
08-02 03:33:14.105  1882  4721 I chatty  : uid=1000(system) Binder:1882_14 expire 8 lines
08-02 03:33:14.112  1882  3481 I chatty  : uid=1000(system) Binder:1882_9 expire 4 lines
08-02 03:33:14.205  1882  4719 I chatty  : uid=1000(system) Binder:1882_13 expire 3 lines
08-02 03:33:14.297  1882  4712 I chatty  : uid=1000(system) Binder:1882_12 expire 5 lines
08-02 03:33:14.355  1882  4747 I chatty  : uid=1000(system) Binder:1882_16 expire 4 lines
08-02 03:33:14.402  1882  4786 I chatty  : uid=1000(system) Binder:1882_19 expire 3 lines
08-02 03:33:14.560  1882  4778 I chatty  : uid=1000(system) Binder:1882_18 expire 1 line
08-02 03:33:14.605  1882  4722 I chatty  : uid=1000(system) Binder:1882_15 expire 1 line
08-02 03:33:15.336  1882  4958 I chatty  : uid=1000(system) Binder:1882_1C expire 1 line
08-02 03:33:15.351  1882  4905 I chatty  : uid=1000(system) Binder:1882_1A expire 1 line
08-02 03:33:15.624  1882  5026 I chatty  : uid=1000(system) Binder:1882_1F expire 1 line
08-02 03:33:15.643  1882  5018 I chatty  : uid=1000(system) Binder:1882_1D expire 3 lines
08-02 03:33:15.647  4176  4176 I imsrcsd : RCS not supported
08-02 03:33:15.696  1882  4748 I chatty  : uid=1000(system) Binder:1882_17 expire 3 lines
08-02 03:33:15.738  1882  4907 I chatty  : uid=1000(system) Binder:1882_1B expire 6 lines
08-02 03:33:16.020  1882  2038 I chatty  : uid=1000(system) FileObserver expire 43 lines
08-02 03:33:16.022  1882  4747 I chatty  : uid=1000(system) Binder:1882_16 expire 23 lines
08-02 03:33:16.037  1882  4748 I chatty  : uid=1000(system) Binder:1882_17 expire 4 lines
08-02 03:33:16.065  1882  2030 I chatty  : uid=1000(system) BroadcastQueue expire 4 lines
08-02 03:33:16.068  1882  3482 I chatty  : uid=1000(system) Binder:1882_A expire 6 lines
08-02 03:33:16.082  1882  5018 I chatty  : uid=1000(system) Binder:1882_1D expire 2 lines
08-02 03:33:16.092  1882  4719 I chatty  : uid=1000(system) Binder:1882_13 expire 1 line
08-02 03:33:16.103  1882  2119 I chatty  : uid=1000(system) Binder:1882_3 expire 4 lines
08-02 03:33:16.111  1882  3481 I chatty  : uid=1000(system) Binder:1882_9 expire 4 lines
08-02 03:33:16.115  1882  4786 I chatty  : uid=1000(system) Binder:1882_19 expire 15 lines
08-02 03:33:16.120  1882  4358 I chatty  : uid=1000(system) Binder:1882_D expire 3 lines
08-02 03:33:16.175  1882  4397 I chatty  : uid=1000(system) Binder:1882_E expire 14 lines
08-02 03:33:16.177  1882  4509 I chatty  : uid=1000(system) Binder:1882_10 expire 4 lines
08-02 03:33:16.187  1882  3063 I chatty  : uid=1000(system) tworkPolicy.uid expire 15 lines
08-02 03:33:16.206  1882  4094 I chatty  : uid=1000(system) Binder:1882_B expire 9 lines
08-02 03:33:16.267  1882  4721 I chatty  : uid=1000(system) Binder:1882_14 expire 10 lines
08-02 03:33:16.278  1882  2029 I chatty  : uid=1000(system) android.ui expire 2 lines
08-02 03:33:16.406  1882  4712 I chatty  : uid=1000(system) Binder:1882_12 expire 11 lines
08-02 03:33:16.422  1882  3062 I chatty  : uid=1000(system) NetworkPolicy expire 2 lines
08-02 03:33:16.503  1882  1919 I chatty  : uid=1000(system) Binder:1882_1 expire 7 lines
08-02 03:33:16.728  1882  4464 I chatty  : uid=1000(system) Binder:1882_F expire 1 line
08-02 03:33:16.862  3444  3926 D MccTable: updateMccMncConfiguration mccmnc='' fromServiceState=false
08-02 03:33:16.898  1882  3455 I chatty  : uid=1000(system) Binder:1882_6 expire 8 lines
08-02 03:33:17.137  1882  2391 I chatty  : uid=1000(system) OppoBatteryServ expire 1 line
08-02 03:33:19.088  1882  2028 I chatty  : uid=1000(system) ActivityManager expire 2 lines
08-02 03:33:19.843  1882  2093 I chatty  : uid=1000(system) android.display expire 3 lines
08-02 03:33:20.121  1882  5383 I chatty  : uid=1000 system_server expire 1 line
08-02 03:33:20.646  1882  1882 I chatty  : uid=1000 system_server expire 7 lines
08-02 03:33:20.684  1882  5459 I chatty  : uid=1000 system_server expire 21 lines
08-02 03:33:21.030  1882  2101 I chatty  : uid=1000(system) BpmThread expire 1 line
08-02 03:33:21.086  1882  5019 I chatty  : uid=1000(system) Binder:1882_1E expire 3 lines
08-02 03:33:21.226  5505  5540 I SVI     : DisplayPostproc hal service started vendor.display.postproc@1.0::IDisplayPostproc default
08-02 03:33:22.840  1882  2129 I chatty  : uid=1000(system) PowerManagerSer expire 11 lines
08-02 03:33:22.842  1882  3108 I chatty  : uid=1000(system) aceService.Main expire 1 line
08-02 03:33:23.010  1882  5027 I chatty  : uid=1000(system) Binder:1882_20 expire 2 lines
08-02 03:33:23.264  1882  5026 I chatty  : uid=1000(system) Binder:1882_1F expire 1 line
08-02 03:33:23.448  1882  4958 I chatty  : uid=1000(system) Binder:1882_1C expire 2 lines
08-02 03:33:23.578  1882  2775 I chatty  : uid=1000(system) Binder:1882_4 expire 5 lines
08-02 03:33:23.603  3525  3525 I ActivityThread: Removing dead content provider:android.content.ContentProviderProxy@9d81856
08-02 03:33:24.006  1882  2027 I chatty  : uid=1000(system) android.bg expire 4 lines
08-02 03:33:24.205  1882  4663 I chatty  : uid=1000(system) IzatProvider expire 1 line
08-02 03:33:24.614  1882  2070 I chatty  : uid=1000(system) batterystats-wo expire 2 lines
08-02 03:33:24.983  1882  5459 I chatty  : uid=1000 system_server expire 2 lines
08-02 03:33:24.987  1882  2119 I chatty  : uid=1000(system) Binder:1882_3 expire 1 line
08-02 03:33:25.021  1882  5027 I chatty  : uid=1000(system) Binder:1882_20 expire 10 lines
08-02 03:33:25.029  1882  2775 I chatty  : uid=1000(system) Binder:1882_4 expire 3 lines
08-02 03:33:25.040  1882  4721 I chatty  : uid=1000(system) Binder:1882_14 expire 11 lines
08-02 03:33:25.237  1882  1882 I chatty  : uid=1000 system_server expire 10 lines
08-02 03:33:26.362  1882  4719 I chatty  : uid=1000(system) Binder:1882_13 expire 12 lines
08-02 03:33:26.601  1882  4748 I chatty  : uid=1000(system) Binder:1882_17 expire 18 lines
08-02 03:33:27.178  1882  3471 I chatty  : uid=1000(system) Binder:1882_7 expire 15 lines
08-02 03:33:27.242  1882  4778 I chatty  : uid=1000(system) Binder:1882_18 expire 10 lines
08-02 03:33:27.320  1882  5026 I chatty  : uid=1000(system) Binder:1882_1F expire 4 lines
08-02 03:33:27.380  1882  4693 I chatty  : uid=1000(system) Binder:1882_11 expire 10 lines
08-02 03:33:27.435  1882  4095 I chatty  : uid=1000(system) Binder:1882_C expire 3 lines
08-02 03:33:28.732  1882  2030 I chatty  : uid=1000(system) BroadcastQueue expire 14 lines
08-02 03:33:39.043  1882  2028 I chatty  : uid=1000(system) ActivityManager expire 5 lines
08-02 03:33:39.676  6161  6225 W ActivityThread: ClassLoader.loadClass: The class loader returned by Thread.getContextClassLoader() may fail for processes that host multiple applications. You should explicitly specify a context class loader. For example: Thread.setContextClassLoader(getClass().getClassLoader());
08-02 03:33:39.899  1882  4786 I chatty  : uid=1000(system) Binder:1882_19 expire 25 lines
08-02 03:33:39.918  1882  5019 I chatty  : uid=1000(system) Binder:1882_1E expire 11 lines
08-02 03:33:40.355  1882  3063 I chatty  : uid=1000(system) tworkPolicy.uid expire 20 lines
08-02 03:33:50.158  1882  4907 I chatty  : uid=1000(system) Binder:1882_1B expire 5 lines
08-02 03:33:50.771  1882  6575 I chatty  : uid=1000 system_server expire 1 line
08-02 03:33:50.772  1882  6576 I chatty  : uid=1000 system_server expire 1 line
08-02 03:33:50.919  1882  4958 I chatty  : uid=1000(system) Binder:1882_1C expire 4 lines
08-02 03:33:51.176  1882  5018 I chatty  : uid=1000(system) Binder:1882_1D expire 2 lines
08-02 03:33:51.214  1882  4722 I chatty  : uid=1000(system) Binder:1882_15 expire 4 lines
08-02 03:33:51.328  1882  4712 I chatty  : uid=1000(system) Binder:1882_12 expire 4 lines
08-02 03:33:51.376  1882  3246 I chatty  : uid=1000(system) Binder:1882_5 expire 3 lines
08-02 03:33:51.464  1882  4905 I chatty  : uid=1000(system) Binder:1882_1A expire 1 line
08-02 03:33:51.720  1882  4748 I chatty  : uid=1000(system) Binder:1882_17 expire 25 lines
08-02 03:33:52.206  1882  1919 I chatty  : uid=1000(system) Binder:1882_1 expire 28 lines
08-02 03:33:52.216  1882  4747 I chatty  : uid=1000(system) Binder:1882_16 expire 2 lines
08-02 03:33:52.535  1882  4397 I chatty  : uid=1000(system) Binder:1882_E expire 1 line
08-02 03:33:52.541  1882  4509 I chatty  : uid=1000(system) Binder:1882_10 expire 6 lines
08-02 03:33:52.990  1882  2038 I chatty  : uid=1000(system) FileObserver expire 1 line
08-02 03:33:53.424  1882  3481 I chatty  : uid=1000(system) Binder:1882_9 expire 7 lines
08-02 03:33:53.478  1882  4464 I chatty  : uid=1000(system) Binder:1882_F expire 19 lines
08-02 03:33:53.551  1882  4358 I chatty  : uid=1000(system) Binder:1882_D expire 18 lines
08-02 03:33:53.666  6901  6938 W PackageParser: No actions in intent filter at /data/app/com.nearme.play-Wl2h_lGmYTtePWxkZrzw3Q==/base.apk Binary XML file line #66
08-02 03:33:54.002  6901  6938 W PackageParser: No actions in intent filter at /data/app/sogou.mobile.explorer-dpwckD0aY5YmWP3kDwnZmA==/base.apk Binary XML file line #167
08-02 03:33:54.003  6901  6938 W PackageParser: No actions in intent filter at /data/app/sogou.mobile.explorer-dpwckD0aY5YmWP3kDwnZmA==/base.apk Binary XML file line #174
08-02 03:33:54.021  6901  6938 W PackageParser: No actions in intent filter at /data/app/sogou.mobile.explorer-dpwckD0aY5YmWP3kDwnZmA==/base.apk Binary XML file line #385
08-02 03:33:54.028  6901  6938 W PackageParser: No actions in intent filter at /data/app/sogou.mobile.explorer-dpwckD0aY5YmWP3kDwnZmA==/base.apk Binary XML file line #543
08-02 03:33:54.029  6901  6938 W PackageParser: No actions in intent filter at /data/app/sogou.mobile.explorer-dpwckD0aY5YmWP3kDwnZmA==/base.apk Binary XML file line #565
08-02 03:33:54.042  6901  6938 W PackageParser: No actions in intent filter at /data/app/sogou.mobile.explorer-dpwckD0aY5YmWP3kDwnZmA==/base.apk Binary XML file line #991
08-02 03:33:54.050  1882  4721 I chatty  : uid=1000(system) Binder:1882_14 expire 8 lines
08-02 03:33:54.211  1882  3062 I chatty  : uid=1000(system) NetworkPolicy expire 2 lines
08-02 03:33:54.349  6901  6938 W PackageParser: Unknown element under <manifest>: user-permission at /data/app/com.baidu.searchbox-di2MgcAj_X9LYRzsbp2WtA==/base.apk Binary XML file line #186
08-02 03:33:54.431  1882  2391 I chatty  : uid=1000(system) OppoBatteryServ expire 1 line
08-02 03:33:54.769  1882  4693 I chatty  : uid=1000(system) Binder:1882_11 expire 1 line
08-02 03:33:54.772  6901  6938 W PackageParser: No actions in intent filter at /data/app/com.wuba-8YmyVGPomPmHxD7rFZZYrg==/base.apk Binary XML file line #74
08-02 03:33:54.773  6901  6938 W PackageParser: No actions in intent filter at /data/app/com.wuba-8YmyVGPomPmHxD7rFZZYrg==/base.apk Binary XML file line #117
08-02 03:33:54.774  6901  6938 W PackageParser: No actions in intent filter at /data/app/com.wuba-8YmyVGPomPmHxD7rFZZYrg==/base.apk Binary XML file line #167
08-02 03:33:54.774  6901  6938 W PackageParser: No actions in intent filter at /data/app/com.wuba-8YmyVGPomPmHxD7rFZZYrg==/base.apk Binary XML file line #170
08-02 03:33:54.775  6901  6938 W PackageParser: No actions in intent filter at /data/app/com.wuba-8YmyVGPomPmHxD7rFZZYrg==/base.apk Binary XML file line #173
08-02 03:33:54.786  6901  6938 W PackageParser: No actions in intent filter at /data/app/com.wuba-8YmyVGPomPmHxD7rFZZYrg==/base.apk Binary XML file line #176
08-02 03:33:55.056  1882  3063 I chatty  : uid=1000(system) tworkPolicy.uid expire 2 lines
08-02 03:33:55.063  1882  4748 I chatty  : uid=1000(system) Binder:1882_17 expire 10 lines
08-02 03:33:55.086  1882  3481 I chatty  : uid=1000(system) Binder:1882_9 expire 34 lines
08-02 03:33:55.100  6901  6938 W PackageParser: No actions in intent filter at /data/app/com.tencent.qqlive-uMajgEul0kEfhIdssg_bKQ==/base.apk Binary XML file line #741
08-02 03:33:55.751  1882  3101 I chatty  : uid=1000(system) Thread-16 expire 1 line
08-02 03:33:55.752  1882  7370 I chatty  : uid=1000 system_server expire 1 line
08-02 03:33:55.755  1882  7371 I chatty  : uid=1000 system_server expire 6 lines
08-02 03:33:55.842  1882  4778 I chatty  : uid=1000(system) Binder:1882_18 expire 19 lines
08-02 03:33:55.866  1882  2028 I chatty  : uid=1000(system) ActivityManager expire 1 line
08-02 03:33:55.888  1882  1919 I chatty  : uid=1000(system) Binder:1882_1 expire 9 lines
08-02 03:33:56.253  6901  6938 W PackageParser: No actions in intent filter at /data/app/sogou.mobile.explorer-dpwckD0aY5YmWP3kDwnZmA==/base.apk Binary XML file line #167
08-02 03:33:56.254  6901  6938 W PackageParser: No actions in intent filter at /data/app/sogou.mobile.explorer-dpwckD0aY5YmWP3kDwnZmA==/base.apk Binary XML file line #174
08-02 03:33:56.262  6901  6938 W PackageParser: No actions in intent filter at /data/app/sogou.mobile.explorer-dpwckD0aY5YmWP3kDwnZmA==/base.apk Binary XML file line #385
08-02 03:33:56.271  6901  6938 W PackageParser: No actions in intent filter at /data/app/sogou.mobile.explorer-dpwckD0aY5YmWP3kDwnZmA==/base.apk Binary XML file line #543
08-02 03:33:56.272  6901  6938 W PackageParser: No actions in intent filter at /data/app/sogou.mobile.explorer-dpwckD0aY5YmWP3kDwnZmA==/base.apk Binary XML file line #565
08-02 03:33:56.281  6901  6938 W PackageParser: No actions in intent filter at /data/app/sogou.mobile.explorer-dpwckD0aY5YmWP3kDwnZmA==/base.apk Binary XML file line #991
08-02 03:33:56.448  1882  4693 I chatty  : uid=1000(system) Binder:1882_11 expire 23 lines
08-02 03:33:56.448  3525  3525 I ActivityThread: Removing dead content provider:android.content.ContentProviderProxy@737f44a
08-02 03:33:56.513  1882  4464 I chatty  : uid=1000(system) Binder:1882_F expire 26 lines
08-02 03:33:57.137  1882  4721 I chatty  : uid=1000(system) Binder:1882_14 expire 3 lines
08-02 03:33:57.152  1882  2119 I chatty  : uid=1000(system) Binder:1882_3 expire 18 lines
08-02 03:33:57.220  1882  4719 I chatty  : uid=1000(system) Binder:1882_13 expire 11 lines
08-02 03:33:57.248  3525  3525 I ActivityThread: Removing dead content provider:android.content.ContentProviderProxy@5786420
08-02 03:33:59.871  3525  3525 I ActivityThread: Removing dead content provider:android.content.ContentProviderProxy@fa37295
08-02 03:34:00.246  3525  3525 I ActivityThread: Removing dead content provider:android.content.ContentProviderProxy@b95a311
08-02 03:34:00.442  3525  3525 I ActivityThread: Removing dead content provider:android.content.ContentProviderProxy@addeee4
08-02 03:34:00.507  1882  4958 I chatty  : uid=1000(system) Binder:1882_1C expire 11 lines
08-02 03:34:00.633  3525  3525 I ActivityThread: Removing dead content provider:android.content.ContentProviderProxy@7a05f4d
08-02 03:34:00.671  1882  5019 I chatty  : uid=1000(system) Binder:1882_1E expire 9 lines
08-02 03:34:00.679  1882  3455 I chatty  : uid=1000(system) Binder:1882_6 expire 11 lines
08-02 03:34:00.817  6610  6648 V FingerprintManager: FingerprintManagerService was null
08-02 03:34:00.927  1882  4722 I chatty  : uid=1000(system) Binder:1882_15 expire 7 lines
08-02 03:34:00.964  1882  2775 I chatty  : uid=1000(system) Binder:1882_4 expire 11 lines
08-02 03:34:01.299  1882  4094 I chatty  : uid=1000(system) Binder:1882_B expire 13 lines
08-02 03:34:01.477  1882  1882 I chatty  : uid=1000 system_server expire 5 lines
08-02 03:34:01.788  1882  4712 I chatty  : uid=1000(system) Binder:1882_12 expire 2 lines
08-02 03:34:18.497  1882  3062 I chatty  : uid=1000(system) NetworkPolicy expire 2 lines
08-02 03:34:20.250  1882  5027 I chatty  : uid=1000(system) Binder:1882_20 expire 5 lines
08-02 03:34:20.264  4408  4408 I ActivityThread: Removing dead content provider:android.content.ContentProviderProxy@c48d22a
08-02 03:35:20.517  1882  2030 I chatty  : uid=1000(system) BroadcastQueue expire 1 line
08-02 03:37:09.303  1882  2391 I chatty  : uid=1000(system) OppoBatteryServ expire 1 line
08-02 03:37:09.502  1882  4907 I chatty  : uid=1000(system) Binder:1882_1B expire 2 lines
08-02 03:38:25.518  1882  2027 I chatty  : uid=1000(system) android.bg expire 148 lines
08-02 03:38:25.547  1882  3062 I chatty  : uid=1000(system) NetworkPolicy expire 12 lines
08-02 03:38:26.399  1882  2391 I chatty  : uid=1000(system) OppoBatteryServ expire 4 lines
08-02 03:39:11.097  1882  3455 I chatty  : uid=1000(system) Binder:1882_6 expire 43 lines
08-02 03:39:20.302  1882  2028 I chatty  : uid=1000(system) ActivityManager expire 1 line
08-02 03:39:21.025  1882  1882 I chatty  : uid=1000 system_server expire 2 lines
08-02 03:39:21.046  1882  2070 I chatty  : uid=1000(system) batterystats-wo expire 1 line
08-02 03:39:56.408  3946  3946 E ActivityThread: Failed to find provider info for com.oppo.usercenter.provider.open
08-02 03:42:17.247  1882  4464 I chatty  : uid=1000(system) Binder:1882_F expire 2 lines
08-02 03:43:23.962  1882  5027 I chatty  : uid=1000(system) Binder:1882_20 expire 11 lines
08-02 03:43:23.975  1882  5026 I chatty  : uid=1000(system) Binder:1882_1F expire 1 line
08-02 03:43:24.019  1882  5019 I chatty  : uid=1000(system) Binder:1882_1E expire 8 lines
08-02 03:43:24.041  1882  4778 I chatty  : uid=1000(system) Binder:1882_18 expire 7 lines
08-02 03:43:24.042  1882  4958 I chatty  : uid=1000(system) Binder:1882_1C expire 12 lines
08-02 03:43:24.560  1882  2027 I chatty  : uid=1000(system) android.bg expire 149 lines
08-02 03:43:25.786  1882  4397 I chatty  : uid=1000(system) Binder:1882_E expire 5 lines
08-02 03:43:26.364  1882  5018 I chatty  : uid=1000(system) Binder:1882_1D expire 44 lines
08-02 03:43:26.530  1882  4778 I chatty  : uid=1000(system) Binder:1882_18 expire 29 lines
08-02 03:43:26.541  1882  4958 I chatty  : uid=1000(system) Binder:1882_1C expire 21 lines
08-02 03:43:26.605  1882  5027 I chatty  : uid=1000(system) Binder:1882_20 expire 14 lines
08-02 03:43:26.794  1882  5019 I chatty  : uid=1000(system) Binder:1882_1E expire 18 lines
08-02 03:43:26.854  1882  4464 I chatty  : uid=1000(system) Binder:1882_F expire 23 lines
08-02 03:43:26.889  1882  4397 I chatty  : uid=1000(system) Binder:1882_E expire 13 lines
08-02 03:43:27.526  1882  4905 I chatty  : uid=1000(system) Binder:1882_1A expire 36 lines
08-02 03:43:28.796  1882  5026 I chatty  : uid=1000(system) Binder:1882_1F expire 2 lines
08-02 03:43:29.047  1882  4748 I chatty  : uid=1000(system) Binder:1882_17 expire 14 lines
08-02 03:43:29.196  1882  4719 I chatty  : uid=1000(system) Binder:1882_13 expire 12 lines
08-02 03:43:29.264  1882  4747 I chatty  : uid=1000(system) Binder:1882_16 expire 15 lines
08-02 03:43:29.847  1882  4786 I chatty  : uid=1000(system) Binder:1882_19 expire 17 lines
08-02 03:43:30.750  1882  4722 I chatty  : uid=1000(system) Binder:1882_15 expire 2 lines
08-02 03:43:32.775  1882  4719 I chatty  : uid=1000(system) Binder:1882_13 expire 8 lines
08-02 03:43:32.776  1882  4958 I chatty  : uid=1000(system) Binder:1882_1C expire 8 lines
08-02 03:43:32.781  1882  4748 I chatty  : uid=1000(system) Binder:1882_17 expire 11 lines
08-02 03:43:32.855  1882  4786 I chatty  : uid=1000(system) Binder:1882_19 expire 2 lines
08-02 03:43:32.912  1882  4747 I chatty  : uid=1000(system) Binder:1882_16 expire 23 lines
08-02 03:43:33.053  1882  4905 I chatty  : uid=1000(system) Binder:1882_1A expire 4 lines
08-02 03:43:33.295  1882  5019 I chatty  : uid=1000(system) Binder:1882_1E expire 11 lines
08-02 03:43:33.304  1882  4778 I chatty  : uid=1000(system) Binder:1882_18 expire 5 lines
08-02 03:43:33.415  1882  4095 I chatty  : uid=1000(system) Binder:1882_C expire 2 lines
08-02 03:43:33.514  1882  5018 I chatty  : uid=1000(system) Binder:1882_1D expire 29 lines
08-02 03:43:33.707  1882  3062 I chatty  : uid=1000(system) NetworkPolicy expire 6 lines
08-02 03:43:33.935  1882  4397 I chatty  : uid=1000(system) Binder:1882_E expire 13 lines
08-02 03:43:33.939  1882  3472 I chatty  : uid=1000(system) Binder:1882_8 expire 7 lines
08-02 03:43:34.014  1882  4712 I chatty  : uid=1000(system) Binder:1882_12 expire 18 lines
08-02 03:43:34.227  1882  4358 I chatty  : uid=1000(system) Binder:1882_D expire 22 lines
08-02 03:43:34.232  1882  4509 I chatty  : uid=1000(system) Binder:1882_10 expire 21 lines
08-02 03:43:34.266  1882  5026 I chatty  : uid=1000(system) Binder:1882_1F expire 22 lines
08-02 03:43:34.269  1882  4907 I chatty  : uid=1000(system) Binder:1882_1B expire 16 lines
08-02 03:43:34.659  1882  4693 I chatty  : uid=1000(system) Binder:1882_11 expire 38 lines
08-02 03:43:37.715  1882  4509 I chatty  : uid=1000(system) Binder:1882_10 expire 6 lines
08-02 03:43:37.726  1882  5018 I chatty  : uid=1000(system) Binder:1882_1D expire 22 lines
08-02 03:43:37.775  1882  5026 I chatty  : uid=1000(system) Binder:1882_1F expire 18 lines
08-02 03:43:37.805  1882  4747 I chatty  : uid=1000(system) Binder:1882_16 expire 20 lines
08-02 03:43:37.851  1882  4397 I chatty  : uid=1000(system) Binder:1882_E expire 3 lines
08-02 03:43:37.852  1882  4907 I chatty  : uid=1000(system) Binder:1882_1B expire 8 lines
08-02 03:43:37.988  1882  4358 I chatty  : uid=1000(system) Binder:1882_D expire 9 lines
08-02 03:43:38.004  1882  3472 I chatty  : uid=1000(system) Binder:1882_8 expire 2 lines
08-02 03:43:38.097  1882  4748 I chatty  : uid=1000(system) Binder:1882_17 expire 2 lines
08-02 03:43:38.098  1882  5019 I chatty  : uid=1000(system) Binder:1882_1E expire 5 lines
08-02 03:43:38.529  1882  3062 I chatty  : uid=1000(system) NetworkPolicy expire 4 lines
08-02 03:43:38.588  1882  4712 I chatty  : uid=1000(system) Binder:1882_12 expire 16 lines
08-02 03:43:38.999  1882  4905 I chatty  : uid=1000(system) Binder:1882_1A expire 18 lines
08-02 03:43:39.163  1882  4094 I chatty  : uid=1000(system) Binder:1882_B expire 17 lines
08-02 03:43:39.173  1882  4958 I chatty  : uid=1000(system) Binder:1882_1C expire 16 lines
08-02 03:43:39.517  1882  3481 I chatty  : uid=1000(system) Binder:1882_9 expire 13 lines
08-02 03:43:39.520  1882  3482 I chatty  : uid=1000(system) Binder:1882_A expire 8 lines
08-02 03:43:40.112  1882  2028 I chatty  : uid=1000(system) ActivityManager expire 1 line
08-02 03:43:40.608  1882  3471 I chatty  : uid=1000(system) Binder:1882_7 expire 10 lines
08-02 03:43:41.295  1882  2027 I chatty  : uid=1000(system) android.bg expire 238 lines
08-02 03:43:41.340  1882  4958 I chatty  : uid=1000(system) Binder:1882_1C expire 19 lines
08-02 03:43:41.340  1882  3062 I chatty  : uid=1000(system) NetworkPolicy expire 16 lines
08-02 03:43:41.340  1882  4747 I chatty  : uid=1000(system) Binder:1882_16 expire 4 lines
08-02 03:43:41.348  1882  3471 I chatty  : uid=1000(system) Binder:1882_7 expire 12 lines
08-02 03:43:41.367  1882  4907 I chatty  : uid=1000(system) Binder:1882_1B expire 8 lines
08-02 03:43:41.384  1882  4094 I chatty  : uid=1000(system) Binder:1882_B expire 10 lines
08-02 03:43:41.405  1882  3481 I chatty  : uid=1000(system) Binder:1882_9 expire 13 lines
08-02 03:43:41.409  1882  5018 I chatty  : uid=1000(system) Binder:1882_1D expire 9 lines
08-02 03:43:41.525  1882  4905 I chatty  : uid=1000(system) Binder:1882_1A expire 5 lines
08-02 03:43:41.858  1882  5026 I chatty  : uid=1000(system) Binder:1882_1F expire 7 lines
08-02 03:46:57.085  1882  2391 I chatty  : uid=1000(system) OppoBatteryServ expire 3 lines
08-02 03:47:59.167  1882  1882 I chatty  : uid=1000 system_server expire 2 lines
08-02 03:48:25.469  1882  4778 I chatty  : uid=1000(system) Binder:1882_18 expire 3 lines
08-02 03:48:25.715  1882  4748 I chatty  : uid=1000(system) Binder:1882_17 expire 1 line
08-02 03:53:41.294  1882  2027 I chatty  : uid=1000(system) android.bg expire 206 lines
08-02 03:53:41.309  1882  3062 I chatty  : uid=1000(system) NetworkPolicy expire 14 lines
08-02 03:53:41.334  1882  1882 I chatty  : uid=1000 system_server expire 12 lines
08-02 03:53:41.466  1882  1919 I chatty  : uid=1000(system) Binder:1882_1 expire 1 line
08-02 03:53:41.473  1882  4719 I chatty  : uid=1000(system) Binder:1882_13 expire 2 lines
08-02 03:53:41.575  1882  4509 I chatty  : uid=1000(system) Binder:1882_10 expire 2 lines
08-02 03:53:41.583  1882  5027 I chatty  : uid=1000(system) Binder:1882_20 expire 2 lines
08-02 03:58:18.747  1882  2391 I chatty  : uid=1000(system) OppoBatteryServ expire 6 lines
08-02 04:03:29.197  1882  2030 I chatty  : uid=1000(system) BroadcastQueue expire 1 line
08-02 04:03:30.823  1882  4712 I chatty  : uid=1000(system) Binder:1882_12 expire 19 lines
08-02 04:03:30.885  1882  4693 I chatty  : uid=1000(system) Binder:1882_11 expire 4 lines
08-02 04:03:30.903  8370  8398 W ActivityThread: ClassLoader.loadClass: The class loader returned by Thread.getContextClassLoader() may fail for processes that host multiple applications. You should explicitly specify a context class loader. For example: Thread.setContextClassLoader(getClass().getClassLoader());
08-02 04:04:00.422  1882  3062 I chatty  : uid=1000(system) NetworkPolicy expire 4 lines
08-02 04:04:00.753  1882  4358 I chatty  : uid=1000(system) Binder:1882_D expire 3 lines
08-02 04:04:00.801  1882  3481 I chatty  : uid=1000(system) Binder:1882_9 expire 10 lines
08-02 04:04:00.879  1882  4095 I chatty  : uid=1000(system) Binder:1882_C expire 4 lines
08-02 04:04:00.931  1882  5019 I chatty  : uid=1000(system) Binder:1882_1E expire 2 lines
08-02 04:04:01.115  1882  4464 I chatty  : uid=1000(system) Binder:1882_F expire 4 lines
08-02 04:13:33.481  1882  5026 I chatty  : uid=1000(system) Binder:1882_1F expire 4 lines
08-02 04:13:33.584  1882  2029 I chatty  : uid=1000(system) android.ui expire 1 line
08-02 04:42:17.004  1882  3127 D DeviceIdleHelper: ACTION_ROM_UPDATE_CONFIG_SUCCES
08-02 04:42:20.463  1882  2030 I ActivityManager: Start proc 8619:com.android.bluetooth/1002 for broadcast com.android.bluetooth/com.oppo.bluetooth.btromupdate.BtIotRomUpdateHelper
08-02 04:42:20.498  1882  3063 V NetworkPolicy: setMeteredNetworkWhitelist 10092: true
08-02 04:42:20.521  1882  2030 I ActivityManager: Start proc 8636:com.android.carrierconfig/u0a6 for broadcast com.android.carrierconfig/.DefaultCarrierConfigReceiver
08-02 04:42:20.537  1882  3127 D DeviceIdleHelper: getDataFromSystem: no need
08-02 04:42:20.537  1882  3127 D DeviceIdleHelper: operator=unkown
08-02 04:42:20.575  1882  2030 I ActivityManager: Start proc 8661:com.android.packageinstaller/u0a27 for broadcast com.android.packageinstaller/.romupdate.OppoRomUpdateReceiver
08-02 04:42:47.186  1882  2030 I ActivityManager: Start proc 8688:com.android.settings/1000 for broadcast com.android.settings/com.oppo.settings.romupdate.RomUpdateReceiver
08-02 04:42:47.187  1882  2029 W Looper  : Dispatch took 523ms on android.ui, h=Handler (com.android.server.am.ActivityManagerService$UiHandler) {8083b30} cb=null msg=53
08-02 04:42:47.259  1882  2030 I ActivityManager: Start proc 8708:com.coloros.blacklist/u0a2 for broadcast com.coloros.blacklist/.RomupdateWhiteListReceiver
08-02 04:42:47.263  1882  1882 D CompatibilityHelper: eventType = 4, text = 20190717
08-02 04:42:47.263  1882  1882 D CompatibilityHelper: upateToLowerVersion, newVersion = 20190717, mVersion = 20190717
08-02 04:42:47.265  1882  1882 D CompatibilityHelper: 133620977 updateConfigVersion, type = filter-conf, value = 
08-02 04:42:47.265  1882  1882 D CompatibilityHelper:     
08-02 04:42:47.265  1882  1882 D CompatibilityHelper:     
08-02 04:42:47.265  1882  1882 D CompatibilityHelper: 133620977 updateConfigVersion, type = version, value = 20190717
08-02 04:42:47.265  1882  1882 D CompatibilityHelper: 133620977 updateConfigVersion, type = isOpen, value = 1
08-02 04:42:47.265  1882  1882 D CompatibilityHelper: 133620977 updateConfigVersion, type = filter-name, value = compatibility_whitelist_values
08-02 04:42:47.308  1882  2030 I ActivityManager: Start proc 8723:com.coloros.colordirectservice/1000 for broadcast com.coloros.colordirectservice/.romupdate.UpdateReceiver
08-02 04:42:47.328  1882  4905 I ActivityManager: Start proc 8734:com.android.settings:index/1000 for service com.android.settings/com.oppo.settings.search.IndexService
08-02 04:42:47.355  1882  2030 I ActivityManager: Start proc 8752:com.coloros.directui/u0a53 for broadcast com.coloros.directui/.romupdate.UpdateReceiver
08-02 04:43:18.225  1882  2029 W Looper  : Dispatch took 489ms on android.ui, h=Handler (com.android.server.am.ActivityManagerService$UiHandler) {8083b30} cb=null msg=53
08-02 04:43:18.302  1882  2030 I ActivityManager: Start proc 8786:com.coloros.healthcheck/u0a64 for broadcast com.coloros.healthcheck/.receiver.RomUpdateReceiver
08-02 04:43:18.314  1882  2038 I ColorPackageManager: onEvent: focusPath = OPPO_CRASH_CLEAR_CONFIG_PATH
08-02 04:43:18.315  1882  2038 D ColorPackageManager: TAG_OPPO_DEFAULT_APP : com.oppo.launcher
08-02 04:43:18.315  1882  2038 D ColorPackageManager: TAG_OPPO_DEFAULT_APP : com.android.contacts
08-02 04:43:18.315  1882  2038 D ColorPackageManager: TAG_OPPO_DEFAULT_APP : com.android.browser
08-02 04:43:18.315  1882  2038 D ColorPackageManager: TAG_OPPO_DEFAULT_APP : com.coloros.browser
08-02 04:43:18.315  1882  2038 D ColorPackageManager: TAG_OPPO_DEFAULT_APP : com.oppo.camera
08-02 04:43:18.315  1882  2038 D ColorPackageManager: TAG_OPPO_DEFAULT_APP : com.oppo.gallery3d
08-02 04:43:18.315  1882  2038 D ColorPackageManager: TAG_OPPO_DEFAULT_APP : com.oppo.music
08-02 04:43:18.315  1882  2038 D ColorPackageManager: TAG_OPPO_DEFAULT_APP : com.oppo.wirelesssettings
08-02 04:43:18.315  1882  2038 D ColorPackageManager: TAG_OPPO_DEFAULT_APP : com.coloros.wirelesssettings
08-02 04:43:18.315  1882  2038 D ColorPackageManager: TAG_OPPO_DEFAULT_APP : com.coloros.gallery3d
08-02 04:43:18.315  1882  2038 D ColorPackageManager: TAG_OPPO_DEFAULT_APP : com.android.packageinstaller
08-02 04:43:18.315  1882  2038 D ColorPackageManager: TAG_OPPO_DEFAULT_APP : com.oppo.market
08-02 04:43:18.315  1882  2038 D ColorPackageManager: TAG_OPPO_FORCE_APP : com.oppo.wirelesssettings
08-02 04:43:18.315  1882  2038 D ColorPackageManager: TAG_OPPO_FORCE_APP : com.coloros.wirelesssettings
08-02 04:43:18.315  1882  2038 D ColorPackageManager: TAG_OPPO_FORCE_APP : com.android.packageinstaller
08-02 04:43:18.315  1882  2038 D ColorPackageManager: TAG_OPPO_FORCE_APP : com.oppo.launcher
08-02 04:43:18.315  1882  2038 D ColorPackageManager: TAG_OPPO_FORCE_APP : com.oppo.market
08-02 04:43:18.315  1882  2038 D ColorPackageManager: TAG_OPPO_CTS_APP : com.google.android.features.gts
08-02 04:43:18.315  1882  2038 D ColorPackageManager: TAG_OPPO_CTS_APP : com.google.android.media.gts
08-02 04:43:18.315  1882  2038 D ColorPackageManager: TAG_OPPO_CTS_APP : com.google.android.os.gts
08-02 04:43:18.315  1882  2038 D ColorPackageManager: TAG_OPPO_CTS_APP : com.google.android.placement.gts
08-02 04:43:18.315  1882  2038 D ColorPackageManager: TAG_OPPO_CTS_APP : com.google.android.playautoinstall.gts
08-02 04:43:18.315  1882  2038 D ColorPackageManager: TAG_OPPO_CTS_APP : com.google.android.rlz.gts
08-02 04:43:18.315  1882  2038 D ColorPackageManager: TAG_OPPO_CTS_APP : com.google.android.tvbugreport.gts
08-02 04:43:18.315  1882  2038 D ColorPackageManager: TAG_OPPO_CTS_APP : com.google.android.youtube.gts
08-02 04:43:18.315  1882  2038 D ColorPackageManager: TAG_OPPO_CTS_APP : com.google.android.media.gts
08-02 04:43:18.315  1882  2038 D ColorPackageManager: TAG_OPPO_CTS_APP : com.google.android.exoplayer.gts
08-02 04:43:18.316  1882  2038 D ColorPackageManager: TAG_OPPO_HIDE_APP : com.oppo.webview
08-02 04:43:18.316  1882  2038 D ColorPackageManager: TAG_OPPO_HIDE_APP : com.iflytek.speechcloud
08-02 04:43:18.316  1882  2038 D ColorPackageManager: TAG_OPPO_HIDE_APP : com.tencent.tvoem
08-02 04:43:18.316  1882  2038 D ColorPackageManager: TAG_OPPO_HIDE_APP : com.oppo.book
08-02 04:43:18.316  1882  2038 D ColorPackageManager: TAG_OPPO_HIDE_APP : com.nearme.note
08-02 04:43:18.316  1882  2038 D ColorPackageManager: TAG_OPPO_HIDE_APP : com.oppo.community
08-02 04:43:18.316  1882  2038 D ColorPackageManager: TAG_OPPO_HIDE_APP : com.oppo.news
08-02 04:43:18.316  1882  2038 D ColorPackageManager: TAG_OPPO_HIDE_APP : com.android.email
08-02 04:43:18.316  1882  2038 D ColorPackageManager: TAG_OPPO_HIDE_APP : com.coloros.findphone.client
08-02 04:43:18.316  1882  2038 D ColorPackageManager: TAG_OPPO_HIDE_APP : com.oppo.reader
08-02 04:43:18.316  1882  2038 D ColorPackageManager: TAG_OPPO_HIDE_APP : com.coloros.weather
08-02 04:43:18.316  1882  2038 D ColorPackageManager: TAG_OPPO_HIDE_APP : com.nearme.gamecenter
08-02 04:43:18.316  1882  2038 D ColorPackageManager: TAG_OPPO_HIDE_APP : com.coloros.compass
08-02 04:43:18.316  1882  2038 D ColorPackageManager: TAG_OPPO_HIDE_APP : com.android.calculator2
08-02 04:43:18.316  1882  2038 D ColorPackageManager: TAG_OPPO_HIDE_APP : com.coloros.sauhelper
08-02 04:43:18.316  1882  2038 D ColorPackageManager: TAG_OPPO_HIDE_APP : com.coloros.apprecover
08-02 04:43:18.316  1882  2038 D ColorPackageManager: TAG_SPECIAL_SECURE_APP : com.eg.android.AlipayGphone
08-02 04:43:18.316  1882  2038 D ColorPackageManager: TAG_SPECIAL_SECURE_APP : com.tencent.mm
08-02 04:43:18.316  1882  2038 D ColorPackageManager: TAG_SPECIAL_SECURE_APP : cmb.pb
08-02 04:43:18.317  1882  3063 V NetworkPolicy: setMeteredNetworkWhitelist 10092: true
08-02 04:43:18.365  1882  2038 I OppoGameSpaceManager: mFocusPath OPPO_GAME_SPACE_CONFIG_FILE_PATH!
08-02 04:43:18.366  1882  2038 I ColorDisplayOptimizationUtils: focusPath COLOR_DISPLAY_OPTIMIZATION_CONFIG_FILE_PATH!
08-02 04:43:18.367  1882  2038 I OppoInterceptWindow: onEvent: focusPath = OPPO_INTERCEPT_CONFIG
08-02 04:43:18.381  1882  2030 I ActivityManager: Start proc 8801:com.coloros.oppomultiapp/1000 for broadcast com.coloros.oppomultiapp/.OppoMultiAppReceiver
08-02 04:43:18.399  1882  3063 V NetworkPolicy: setMeteredNetworkWhitelist 10092: true
08-02 04:43:18.433  1882  2030 I ActivityManager: Start proc 8815:com.coloros.phonemanager/1000 for broadcast com.coloros.phonemanager/.clear.OppoUpdateReceiver
08-02 04:43:18.446  1882  3063 V NetworkPolicy: setMeteredNetworkWhitelist 10092: true
08-02 04:43:24.084  1882  2030 I ActivityManager: Start proc 8831:com.coloros.phonenoareainquire/u0a85 for broadcast com.coloros.phonenoareainquire/.UpdateDatabaseReceiver
08-02 04:43:24.087  1882  3063 V NetworkPolicy: setMeteredNetworkWhitelist 10092: true
08-02 04:43:24.106  1882  3063 I chatty  : uid=1000(system) tworkPolicy.uid identical 1 line
08-02 04:43:24.127  1882  3063 V NetworkPolicy: setMeteredNetworkWhitelist 10092: true
08-02 04:43:24.169  1882  2030 I ActivityManager: Start proc 8846:com.coloros.providers.fileinfo/u0a59 for broadcast com.coloros.providers.fileinfo/.receiver.DataUpdaterReceiver
08-02 04:43:24.198  1882  3063 V NetworkPolicy: setMeteredNetworkWhitelist 10092: true
08-02 04:43:24.236  1882  3063 V NetworkPolicy: setMeteredNetworkWhitelist 10092: true
08-02 04:43:24.276  1882  4747 D ActivityManager: bringUpService for proc:com.coloros.safecenter, isolated:false
08-02 04:43:49.253  1882  2038 V OppoAutostartManager: update broadcast action [qualcomm.intent.action.WIFI_DISPLAY_AUDIO, android.provider.Telephony.WAP_PUSH_DELIVER, android.provider.Telephony.SMS_DELIVER, android.content.cts.ContextWrapperTest.STICKY_BROADCAST_RESULT, android.intent.action.ANALOG_AUDIO_DOCK_PLUG, android.media.AUDIO_BECOMING_NOISY, android.media.VOLUME_CHANGED_ACTION]
08-02 04:43:49.275  1882  2030 I ActivityManager: Start proc 8898:com.coloros.securepay/1000 for broadcast com.coloros.securepay/.SecurePayReceiver
08-02 04:43:49.291  1882  2038 I OppoGameSpaceManager: mFocusPath OPPO_GAME_SPACE_FILE_PATH!
08-02 04:43:49.336  1882  2030 I ActivityManager: Start proc 8916:com.coloros.smartdrive/u0a29 for broadcast com.coloros.smartdrive/.Receiver
08-02 04:43:49.365  1882  1882 D OppoEngineerService: onReceive intent = Intent { act=android.intent.action.BATTERY_CHANGED flg=0x60000010 (has extras) }
08-02 04:43:49.381  1882  3063 V NetworkPolicy: setMeteredNetworkWhitelist 10092: true
08-02 04:43:49.442  1882  2030 I ActivityManager: Start proc 8935:com.coloros.wifisecuredetect/u0a87 for broadcast com.coloros.wifisecuredetect/com.coloros.wificonnect.romUpdate.RomUpdateReceiver
08-02 04:43:49.443  1882  3063 V NetworkPolicy: setMeteredNetworkWhitelist 10092: true
08-02 04:43:49.463  1882  3063 V NetworkPolicy: setMeteredNetworkWhitelist 10092: true
08-02 04:43:49.478  1882  4747 I ActivityManager: Killing 6797:com.coloros.assistantscreen/u0a47 (adj 906): empty #17
08-02 04:44:20.287  1882  2030 I ActivityManager: Start proc 8952:com.coloros.wirelesssettings/1000 for broadcast com.coloros.wirelesssettings/.wifi.assistant.WlanAssistantReceiver
