08-02 10:58:05.644  1882  1882 D OppoUsageService: install pkg
08-02 10:58:05.644  1882  1882 D OppoUsageService: install pkg, name:example.xuyulin.xiaosheng
08-02 10:58:05.668  4231  4231 I DataReceiver: onReceive intent= Intent { act=android.intent.action.PACKAGE_REMOVED dat=package:example.xuyulin.xiaosheng flg=0x4000010 cmp=com.coloros.notificationmanager/.receiver.DataReceiver (has extras) }
08-02 10:58:05.669  4231  4285 I DataReceiver: isreplace = true
08-02 10:58:05.678  1882  1882 D OppoUsageService: isSystemApp system app, uid =1000
08-02 10:58:05.678  1882  1882 D OppoUsageService: recordApkInstallEvent:example.xuyulin.xiaosheng/installer
08-02 10:58:05.679  1882  1882 D OppoUsageService: saveApkInstallEvent, saveRes:true
08-02 10:58:05.688  1882  2030 I ActivityManager: Start proc 13580:com.coloros.oppomultiapp/1000 for broadcast com.coloros.oppomultiapp/.OppoMultiAppReceiver
08-02 10:58:05.694  1882  5018 D ActivityManager: TOP_APP is ProcessRecord{798f515 13562:example.xuyulin.xiaosheng/u0a174} uid is 10174
08-02 10:58:05.704  1882  5018 V WindowManager: Changing focus from Window{eed0be0 u0 com.android.packageinstaller/com.android.packageinstaller.InstallAppProgress} to null
08-02 10:58:05.712   669   835 E qti_sensors_hal: processReportInd:accel X: -0.147095 Y: 0.169785 Z: 9.967224 , timestamp = 881474452
08-02 10:58:05.718   697   796 W SurfaceFlinger: processName=system_server, line=5435, capwithRCLayer=1
08-02 10:58:05.753  1882  2189 D ColorPackageManager: sIconCacheMaxNum:200,sIconCacheMinMemory:0.0
08-02 10:58:05.757   669   835 E qti_sensors_hal: processReportInd:accel X: -0.049026 Y: 0.169785 Z: 10.084915 , timestamp = 881475867
08-02 10:58:05.755  1882  2189 I chatty  : uid=1000(system) PackageManager identical 2 lines
08-02 10:58:05.756  1882  2189 D ColorPackageManager: sIconCacheMaxNum:200,sIconCacheMinMemory:0.0
08-02 10:58:05.787  1882  2030 I ActivityManager: Start proc 13593:com.coloros.providers.fileinfo/u0a59 for broadcast com.coloros.providers.fileinfo/.receiver.DataUpdaterReceiver
08-02 10:58:05.794  1882  3063 D NetworkPolicy: no need to update restrict data rules for uid 10174
08-02 10:58:05.796  1882  3063 D NetworkPolicy: no need to update restrict power rules for uid 10174
08-02 10:58:05.796   669   835 E qti_sensors_hal: processReportInd:accel X: -0.068649 Y: 0.150177 Z: 10.045685 , timestamp = 881477185
08-02 10:58:05.812 13580 13580 I zygote64: The ClassLoaderContext is a special shared library.
08-02 10:58:05.815 13580 13580 I zygote64: The ClassLoaderContext is a special shared library.
08-02 10:58:05.822  3224  3251 W zygote64: Checksum mismatch for dex OppoDCS.apk
08-02 10:58:05.822  3224  3251 W zygote64: Checksum mismatch for dex OppoDCS.apk
08-02 10:58:05.829  5481  5481 W asset   : Asset path /data/app/example.xuyulin.xiaosheng-tLzw_OApRVoacISwoN0wyA==/base.apk is neither a directory nor file (type=1).
08-02 10:58:05.829  5481  5481 E ResourcesManager: failed to add asset path /data/app/example.xuyulin.xiaosheng-tLzw_OApRVoacISwoN0wyA==/base.apk
08-02 10:58:05.830  5481  5481 W PackageManager: Failure retrieving text 0x7f0b0027 in package example.xuyulin.xiaosheng
08-02 10:58:05.830  5481  5481 W PackageManager: java.lang.NullPointerException: Attempt to invoke virtual method 'java.lang.CharSequence android.content.res.Resources.getText(int)' on a null object reference
08-02 10:58:05.830  5481  5481 W PackageManager: 	at android.app.ApplicationPackageManager.getText(ApplicationPackageManager.java:1886)
08-02 10:58:05.830  5481  5481 W PackageManager: 	at android.content.pm.PackageItemInfo.loadLabel(PackageItemInfo.java:138)
08-02 10:58:05.830  5481  5481 W PackageManager: 	at com.coloros.recents.a.l.z(Unknown Source:14)
08-02 10:58:05.830  5481  5481 W PackageManager: 	at com.coloros.recents.model.RecentsTaskLoader.getAndUpdateContentDescription(Unknown Source:24)
08-02 10:58:05.830  5481  5481 W PackageManager: 	at com.coloros.recents.model.RecentsTaskLoadPlan.preloadPlan(Unknown Source:156)
08-02 10:58:05.830  5481  5481 W PackageManager: 	at com.coloros.recents.model.RecentsTaskLoader.preloadTasks(Unknown Source:7)
08-02 10:58:05.830  5481  5481 W PackageManager: 	at com.coloros.recents.aj.f(Unknown Source:32)
08-02 10:58:05.830  5481  5481 W PackageManager: 	at com.coloros.recents.a.n.handleMessage(Unknown Source:33)
08-02 10:58:05.830  5481  5481 W PackageManager: 	at android.os.Handler.dispatchMessage(Handler.java:106)
08-02 10:58:05.830  5481  5481 W PackageManager: 	at android.os.Looper.loop(Looper.java:198)
08-02 10:58:05.830  5481  5481 W PackageManager: 	at android.app.ActivityThread.main(ActivityThread.java:7038)
08-02 10:58:05.830  5481  5481 W PackageManager: 	at java.lang.reflect.Method.invoke(Native Method)
08-02 10:58:05.830  5481  5481 W PackageManager: 	at com.android.internal.os.RuntimeInit$MethodAndArgsCaller.run(RuntimeInit.java:523)
08-02 10:58:05.830  5481  5481 W PackageManager: 	at com.android.internal.os.ZygoteInit.main(ZygoteInit.java:836)
08-02 10:58:05.831  1882  4748 I ActivityManager: Killing 10897:com.coloros.blacklist/u0a2 (adj 906): empty #17
08-02 10:58:05.833  1882  2031 I chatty  : uid=1000(system) ActivityManager expire 69 lines
08-02 10:58:05.891  1882  4958 D ActivityManager: bringUpService for proc:com.coloros.safecenter, isolated:false
08-02 10:58:05.911  1882  2027 I ColorDisplayCompatUtils: loadInstalledImeAppList time cost =0
08-02 10:58:05.913  1882  2027 W VoiceInteractionManagerService: no available voice recognition services found for user 0
08-02 10:58:05.914 11132 11132 D SecurePay.SecurePayService: onDestroy
08-02 10:58:05.917  1882  2030 W BroadcastQueue: Background execution not allowed: receiving Intent { act=android.intent.action.PACKAGE_REMOVED dat=package:example.xuyulin.xiaosheng flg=0x4000010 (has extras) } to com.oppo.market/a.a.a.yh
08-02 10:58:05.918  4442  4442 D Launcher.PackageUpdateHandler: onPackageChanged packageName = example.xuyulin.xiaosheng, user = UserHandle{0}
08-02 10:58:05.920  1882  2030 W BroadcastQueue: Background execution not allowed: receiving Intent { act=android.intent.action.PACKAGE_REMOVED dat=package:example.xuyulin.xiaosheng flg=0x4000010 (has extras) } to com.oppo.quicksearchbox/.app_search.receiver.PackageChangeReceiver
08-02 10:58:05.924 13593 13593 I zygote64: The ClassLoaderContext is a special shared library.
08-02 10:58:05.937  4442  4442 D Launcher.BubbleTextView: finishProgressAnimation, onAnimationEnd, mCanceled = false
08-02 10:58:05.948  1882  4905 I ActivityManager: Killing 11007:com.coloros.floatassistant:float/1000 (adj 906): empty #17
08-02 10:58:05.975  1882  2030 I ActivityManager: Start proc 13618:com.oppo.quicksearchbox/u0a34 for broadcast com.oppo.quicksearchbox/.app_search.receiver.PackageChangeReceiver
08-02 10:58:05.982  1882  3472 W ActivityManager: app.persistent false app.isolated false app.removed false app ProcessRecord{cbdfbc4 10897:com.coloros.blacklist/u0a2}
08-02 10:58:05.991 13593 13593 I LogMsg  : false mtk 
08-02 10:58:05.999  1882  2028 D OppoUsageService: isSystemApp system app, uid =1000
08-02 10:58:06.045 10058 13634 I chatty  : uid=1000(system) com.coloros.phonemanager expire 1 line
08-02 10:58:06.046 10058 13635 I chatty  : uid=1000(system) com.coloros.phonemanager expire 1 line
08-02 10:58:06.051  1882  4358 I chatty  : uid=1000(system) Binder:1882_D expire 1 line
08-02 10:58:06.054  4231  4231 I DataReceiver: onReceive intent= Intent { act=android.intent.action.PACKAGE_ADDED dat=package:example.xuyulin.xiaosheng flg=0x4000010 cmp=com.coloros.notificationmanager/.receiver.DataReceiver (has extras) }
08-02 10:58:06.054  4231  4285 I DataReceiver: isreplace = true
08-02 10:58:06.076  1882  4786 I ActivityManager: Start proc 13636:com.coloros.safesdkproxy/u0a97 for service com.coloros.safesdkproxy/.virus.qihoo.QihooVirusScanService
08-02 10:58:06.078 13618 13618 I zygote  : The ClassLoaderContext is a special shared library.
08-02 10:58:06.078  1882  3472 W ActivityManager: app.persistent false app.isolated false app.removed false app ProcessRecord{46243eb 11007:com.coloros.floatassistant:float/1000}
08-02 10:58:06.092  3444  3444 D CarrierSvcBindHelper: No carrier app for: 0
08-02 10:58:06.093  3444  3444 D CarrierSvcBindHelper: No carrier app for: 1
08-02 10:58:06.094  3444  3444 D CarrierSvcBindHelper: No carrier app for: 0
08-02 10:58:06.097  3444  3444 D CarrierSvcBindHelper: No carrier app for: 1
08-02 10:58:06.116  3444  3444 D ImsResolver: maybeAddedImsService, packageName: example.xuyulin.xiaosheng
08-02 10:58:06.117  3444  3444 D CarrierConfigLoader: mHandler: 9 phoneId: 0
08-02 10:58:06.180  1882  2030 W BroadcastQueue: Background execution not allowed: receiving Intent { act=android.intent.action.PACKAGE_ADDED dat=package:example.xuyulin.xiaosheng flg=0x4000010 (has extras) } to com.oppo.market/a.a.a.yh
08-02 10:58:06.181  1882  3471 I chatty  : uid=1000(system) Binder:1882_7 expire 6 lines
08-02 10:58:06.196 11132 11132 D SecurePay.SecurePayService: onDestroy
08-02 10:58:06.197  1882  2030 W BroadcastQueue: Background execution not allowed: receiving Intent { act=android.intent.action.PACKAGE_ADDED dat=package:example.xuyulin.xiaosheng flg=0x4000010 (has extras) } to com.oppo.quicksearchbox/.app_search.receiver.PackageChangeReceiver
08-02 10:58:06.198  1882  2030 W BroadcastQueue: Background execution not allowed: receiving Intent { act=android.intent.action.PACKAGE_ADDED dat=package:example.xuyulin.xiaosheng flg=0x4000010 (has extras) } to com.svox.pico/.VoiceDataInstallerReceiver
08-02 10:58:06.198  1882  3063 V NetworkPolicy: setMeteredNetworkWhitelist 10097: true
08-02 10:58:06.198 13636 13636 I zygote64: The ClassLoaderContext is a special shared library.
08-02 10:58:06.200 13636 13636 I zygote64: The ClassLoaderContext is a special shared library.
--------- beginning of crash
08-02 10:58:06.203 13562 13562 F libc    : Fatal signal 11 (SIGSEGV), code 2, fault addr 0x7b5d36eb77 in tid 13562 (yulin.xiaosheng), pid 13562 (yulin.xiaosheng)
08-02 10:58:06.204 13636 13636 I zygote64: The ClassLoaderContext is a special shared library.
08-02 10:58:06.237 13636 13636 I SafeSdkProxy: OppoLog, isQELogOn = false, isQELogOnMTK = false, sDebugTagOn = false
08-02 10:58:06.250  4128 13661 D PermissionUtils: PACKAGE_ADDED, pkgInfo.requestedPermissions == null.
08-02 10:58:06.259  4231  4231 I DataReceiver: onReceive intent= Intent { act=android.intent.action.PACKAGE_REPLACED dat=package:example.xuyulin.xiaosheng flg=0x4000010 cmp=com.coloros.notificationmanager/.receiver.DataReceiver (has extras) }
08-02 10:58:06.277 13662 13662 I chatty  : uid=10174(example.xuyulin.xiaosheng) expire 2 lines
08-02 10:58:06.278  1217  1217 I /system/bin/tombstoned: received crash request for pid 13562
08-02 10:58:06.283 13662 13662 F DEBUG   : *** *** *** *** *** *** *** *** *** *** *** *** *** *** *** ***
08-02 10:58:06.283 13662 13662 F DEBUG   : Build fingerprint: 'OPPO/PBAM00/PBAM00:8.1.0/OPM1.171019.026/1559217846:user/release-keys'
08-02 10:58:06.283 13662 13662 F DEBUG   : Revision: '0'
08-02 10:58:06.283 13662 13662 F DEBUG   : ABI: 'arm64'
08-02 10:58:06.283 13662 13662 F DEBUG   : pid: 13562, tid: 13562, name: yulin.xiaosheng  >>> example.xuyulin.xiaosheng <<<
08-02 10:58:06.283 13662 13662 F DEBUG   : signal 11 (SIGSEGV), code 2 (SEGV_ACCERR), fault addr 0x7b5d36eb77
08-02 10:58:06.283 13662 13662 F DEBUG   :     x0   0000007b77ffd9d0  x1   0000007fc97b5390  x2   0000000000000000  x3   0000007b75ed32a7
08-02 10:58:06.283 13662 13662 F DEBUG   :     x4   0000007fc97b5370  x5   0000000000003800  x6   0000007b77e0d620  x7   000000000000001a
08-02 10:58:06.283 13662 13662 F DEBUG   :     x8   0000007b5d36eb78  x9   0000007b5d36eb77  x10  0000007b77ffd9d0  x11  0000000000000078
08-02 10:58:06.283 13662 13662 F DEBUG   :     x12  0000000000000005  x13  00000000ffffffff  x14  00000000000000e4  x15  0000000000000010
08-02 10:58:06.283 13662 13662 F DEBUG   :     x16  0000000000000010  x17  0000007bfbcb9614  x18  000000000000000d  x19  0000007b77ec2a00
08-02 10:58:06.283 13662 13662 F DEBUG   :     x20  0000007b75ea74a0  x21  0000007b77ec2a00  x22  0000007fc97b577c  x23  0000007b5d6af504
08-02 10:58:06.283 13662 13662 F DEBUG   :     x24  0000000000000008  x25  0000007bfd142a40  x26  0000007b77ec2aa0  x27  0000000000000002
08-02 10:58:06.283 13662 13662 F DEBUG   :     x28  0000000000000002  x29  0000007fc97b54b0  x30  0000007b5d352e4c
08-02 10:58:06.283 13662 13662 F DEBUG   :     sp   0000007fc97b5470  pc   0000007b5d352ec0  pstate 0000000020000000
08-02 10:58:06.292 13662 13662 F DEBUG   : 
08-02 10:58:06.292 13662 13662 F DEBUG   : backtrace:
08-02 10:58:06.292 13662 13662 F DEBUG   :     #00 pc 000000000000fec0  /data/app/example.xuyulin.xiaosheng-ALn5YdAP5b7SPDeL83sg1Q==/lib/arm64/libxiaosheng-lib.so (Java_example_xuyulin_xiaosheng_MainActivity_getCritical+180)
08-02 10:58:06.292 13662 13662 F DEBUG   :     #01 pc 00000000000090b8  /data/app/example.xuyulin.xiaosheng-ALn5YdAP5b7SPDeL83sg1Q==/oat/arm64/base.odex (offset 0x9000)
08-02 10:58:06.299  1882  2030 W BroadcastQueue: Background execution not allowed: receiving Intent { act=android.intent.action.PACKAGE_REPLACED dat=package:example.xuyulin.xiaosheng flg=0x4000010 (has extras) } to com.nearme.themespace/.receiver.ThemeOppoReceiver
08-02 10:58:06.300  1882  2030 W BroadcastQueue: Background execution not allowed: receiving Intent { act=android.intent.action.PACKAGE_REPLACED dat=package:example.xuyulin.xiaosheng flg=0x4000010 (has extras) } to com.oppo.market/a.a.a.yh
08-02 10:58:06.300  1882  2030 W BroadcastQueue: Background execution not allowed: receiving Intent { act=android.intent.action.PACKAGE_REPLACED dat=package:example.xuyulin.xiaosheng flg=0x4000010 (has extras) } to com.oppo.quicksearchbox/.app_search.receiver.PackageChangeReceiver
08-02 10:58:06.314  1882  4905 I chatty  : uid=1000(system) Binder:1882_1A expire 8 lines
08-02 10:58:06.323 13636 13653 I SafeSdkProxy.QihooVirusScan: initScanner() mServiceBind = false
08-02 10:58:06.323 13636 13653 I SafeSdkProxy.QihooVirusScan: initScanner() mLatch.await bindQihooService()...
08-02 10:58:06.323 13636 13636 I SafeSdkProxy.QihooVirusScan: message.what = 10001, mDeepScan = null
08-02 10:58:06.323 13636 13636 I SafeSdkProxy.QihooVirusScan: bindQihooService()
08-02 10:58:06.338 13636 13636 I SafeSdkProxy.QihooVirusScan: [Qihoo] com.coloros.safesdkproxy/com.qihoo.security.services.DeepScanService connected!
08-02 10:58:06.339 13636 13653 I SafeSdkProxy.QihooVirusScan: initScanner() mLatchOnReady.await onReady()...
08-02 10:58:06.339 13636 13636 I SafeSdkProxy.QihooVirusScan: message.what = 10003, mDeepScan = com.qihoo.security.services.IDeepScan$Stub$a@e57b21e
08-02 10:58:06.343  9641 13666 W cdo_md5 : refreshAllAppMd5: start
08-02 10:58:06.390  9641 13666 E Parcel  : Reading a NULL string not supported here.
08-02 10:58:06.412  9641 13666 I chatty  : uid=10070(com.oppo.market) identical 3 lines
08-02 10:58:06.417  9641 13666 E Parcel  : Reading a NULL string not supported here.
08-02 10:58:06.419  1882  4464 I chatty  : uid=1000(system) Binder:1882_F expire 1 line
08-02 10:58:06.438  9641 13666 E Parcel  : Reading a NULL string not supported here.
08-02 10:58:06.471  9641 13660 E route   : try findMethod[gamecenter://PackageReceiverRouter/Void_onReceive_Context_Intent], result = null!!
08-02 10:58:06.472 13636 13636 I SafeSdkProxy.QihooVirusScan: onReady()
08-02 10:58:06.472 13636 13636 I SafeSdkProxy.QihooVirusScan: init() after mInitRet = 0
08-02 10:58:06.480 13636 13636 I SafeSdkProxy.QihooVirusScan: message.what = 10013, mDeepScan = com.qihoo.security.services.IDeepScan$Stub$a@e57b21e
08-02 10:58:06.513  9641 13666 W cdo_md5 : refreshAllAppMd5: cost: 170 ,installed count: 262 ,white app count: 55 ,update count: 1 ,delete count: 0 ,checkUpgradeAfterMd5: false
08-02 10:58:06.517  9641 13672 W market_check_upgrade: startCheckUpgrade: part app: [example.xuyulin.xiaosheng] ,isCtaPass: true
08-02 10:58:06.535  9641 13660 I zygote  : Deoptimizing java.util.Map a.a.a.yj.(java.util.Map) due to JIT inline cache
08-02 10:58:06.537  9641 13660 W market_check_upgrade: type: 3 , checkUpgrade : old no ignore: 0
08-02 10:58:06.548  1882  4747 D NetworkPolicy: uid 10097 is allowed on unmetered network
08-02 10:58:06.551  9641 13660 W market_check_upgrade: type: 3 , createRequest: installed count: 1 ,white count: 1 ,request md5 count: 1 ,no md5 count: 0 ,cost: 11
08-02 10:58:06.551  1882  4747 I chatty  : uid=1000(system) Binder:1882_16 identical 11 lines
08-02 10:58:06.551  1882  4747 D NetworkPolicy: uid 10097 is allowed on unmetered network
08-02 10:58:06.553  1882  5019 D NetworkPolicy: uid 10097 is allowed on unmetered network
08-02 10:58:06.556  1882  4747 D NetworkPolicy: uid 10070 is allowed on unmetered network
08-02 10:58:06.573  1882  3471 D NetworkPolicy: uid 10097 is allowed on unmetered network
08-02 10:58:06.573  1220  1299 I chatty  : uid=1000(system) HwBinder:1220_1 expire 27 lines
08-02 10:58:06.582 10104 13675 D libc-netbsd: [getaddrinfo]:  hostname=corp.msch.f.360.cn;  servname=(null);  app_pid=10104;  app_uid=10097;  ai_flags=1024;  ai_family=0; ai_socktype=1 from prox result 0
08-02 10:58:06.603  3186 13677 E PrivacyPasswordUtils: getPrivcyIno end
08-02 10:58:06.632 13618 13618 D NetworkSecurityConfig: No Network Security Config specified, using platform default
08-02 10:58:06.647 13618 13618 D PackageChangeReceiver: onReceive: action = oppo.intent.action.PACKAGE_REMOVED, pkg = example.xuyulin.xiaosheng
08-02 10:58:06.654 13618 13618 D PackageChangeReceiver: onReceive: action = oppo.intent.action.PACKAGE_ADDED, pkg = example.xuyulin.xiaosheng
08-02 10:58:06.718  1882  5019 D NetworkPolicy: uid 10070 is allowed on unmetered network
08-02 10:58:06.722  1882  3471 D NetworkPolicy: uid 10070 is allowed on unmetered network
08-02 10:58:06.728  9641 13660 W market_check_upgrade: type: 3 ,request: cost: 177
08-02 10:58:06.734  9641 13660 W market_check_upgrade: type: 3 ,dealWithResponce: 0 ,insert: 0 ,update: 0 ,filter: 0 ,invalid: 0 ,delList: 0 ,patchType: {} ,cost: 4
08-02 10:58:06.734  9641 13660 W market_check_upgrade: type: 3 ,checkUpgrade: cost: 199
08-02 10:58:06.780  1882  3471 I ActivityManager: Start proc 13691:com.oppo.market:dcs/u0a70 for service com.oppo.market/com.oppo.statistics.upload.UploadService
08-02 10:58:06.812  1882  1919 D NetworkPolicy: uid 10070 is allowed on unmetered network
08-02 10:58:06.823  1882  4747 D NetworkPolicy: uid 10070 is allowed on unmetered network
08-02 10:58:06.825  1882  1919 D NetworkPolicy: uid 10070 is allowed on unmetered network
08-02 10:58:06.828  1882  4747 D NetworkPolicy: uid 10070 is allowed on unmetered network
08-02 10:58:06.830  1882  1919 D NetworkPolicy: uid 10070 is allowed on unmetered network
08-02 10:58:06.844  1882  4747 D NetworkPolicy: uid 10070 is allowed on unmetered network
08-02 10:58:06.848  1882  4747 D NetworkPolicy: uid 10070 is allowed on unmetered network
08-02 10:58:06.872  1882  3062 V NetworkPolicy: updateNetworkEnabledNL()
08-02 10:58:06.872  1882  3062 V NetworkPolicy: updateNotificationsNL()
08-02 10:58:06.893  1882  4747 I chatty  : uid=1000(system) Binder:1882_16 expire 3 lines
08-02 10:58:06.902  9641 13704 D libc-netbsd: [getaddrinfo]:  hostname=kv.stat.nearme.com.cn;  servname=(null);  app_pid=9641;  app_uid=10070;  ai_flags=1024;  ai_family=0; ai_socktype=1 from prox result 0
08-02 10:58:06.907 11286 11301 W zygote64: Checksum mismatch for dex OppoSimSettings.apk
08-02 10:58:06.907 11286 11301 W zygote64: Checksum mismatch for dex OppoSimSettings.apk
08-02 10:58:06.910  1882  1919 I chatty  : uid=1000(system) Binder:1882_1 expire 5 lines
08-02 10:58:06.912 13636 13653 I SafeSdkProxy.QihooVirusScan: onFinished(): pendingSize = 0, hasMore = false
08-02 10:58:06.913 13636 13636 I SafeSdkProxy.QihooVirusScan: message.what = 10004, mDeepScan = com.qihoo.security.services.IDeepScan$Stub$a@e57b21e
08-02 10:58:06.919 13636 13636 I SafeSdkProxy.QihooVirusScan: [Qihoo] reset() r = 0
08-02 10:58:06.941  1882  5019 D NetworkPolicy: uid 10070 is allowed on unmetered network
08-02 10:58:06.944  1882  4719 D NetworkPolicy: uid 10070 is allowed on unmetered network
08-02 10:58:07.047  3186 13676 E PrivacyPasswordUtils: getPrivcyIno end
08-02 10:58:07.294  1882  3286 I chatty  : uid=1000(system) Thread-20 expire 4 lines
08-02 10:58:07.296  1217  1217 E /system/bin/tombstoned: Tombstone written to: /data/tombstones/tombstone_03
08-02 10:58:06.947  1882  4719 D NetworkPolicy: uid 10070 is allowed on unmetered network
08-02 10:58:07.300  1882  2038 I BootReceiver: Copying /data/tombstones/tombstone_03 to DropBox (SYSTEM_TOMBSTONE)
08-02 10:58:07.318  1882 13707 W ActivityManager:   Force finishing activity example.xuyulin.xiaosheng/.MainActivity
08-02 10:58:07.324  1882 13707 W ActivityManager:   Force finishing activity 2 com.android.packageinstaller/.InstallAppProgress
08-02 10:58:07.325  1882 13707 W ActivityManager: Next up task set to return home TaskRecord{c7f1ad8 #1244 A=example.xuyulin.xiaosheng U=0 StackId=1 sz=1}
08-02 10:58:07.330  1882  2038 I chatty  : uid=1000(system) FileObserver expire 16 lines
08-02 10:58:07.331  1882 13707 D ActivityManager: TOP_APP is ProcessRecord{7255aa5 4442:com.oppo.launcher/u0a20} uid is 10020
08-02 10:58:07.344  1882 13709 D DropBoxManagerService: file :: /data/system/dropbox/data_app_native_crash@1564714687342.txt  tag is data_app_native_crash
08-02 10:58:07.357  1882 13707 I ActivityManager: Killing 10814:com.ted.number/u0a24 (adj 906): empty #17
08-02 10:58:07.359  1882 13707 I chatty  : uid=1000 system_server expire 2 lines
08-02 10:58:07.382  1882  2038 W common_test: context is null!
08-02 10:58:07.391  1882  3063 V NetworkPolicy: setMeteredNetworkWhitelist 10027: true
08-02 10:58:07.392  1882  1919 W ActivityManager: Finishing task with all activities already finished
08-02 10:58:07.392  1882  1919 W ActivityManager: Duplicate finish request for ActivityRecord{b4df24f u0 com.android.packageinstaller/.InstallAppProgress t1243 f}
08-02 10:58:07.402 11922 11922 D RUtils  : isRUtilsEnable oppo.service.rutils.enable = 0!
08-02 10:58:07.402 11922 11922 D RUtils  : setRutilsEnable times == 0
08-02 10:58:07.402 11922 11922 D RUtils  : mActivitymanager != null setRutilsEnable!
08-02 10:58:07.410 11132 11132 D SecurePay.QueryProtectedAppService: onUnbind
08-02 10:58:07.410 11132 11132 D SecurePay.QueryProtectedAppService: onDestroy
08-02 10:58:07.444  1882  4719 I ActivityManager: Process example.xuyulin.xiaosheng (pid 13562) has died: vis  +99TOP 
08-02 10:58:07.444  1171  1171 I Zygote  : Process 13562 exited due to signal (11)
08-02 10:58:07.445  1882  4719 W ActivityManager: app.persistent false app.isolated false app.removed false app ProcessRecord{798f515 13562:example.xuyulin.xiaosheng/u0a174}
08-02 10:58:07.453 13711 13711 I rutils  : BpServiceManager->addService
08-02 10:58:07.453 13711 13711 I rutils  : ServiceManager:0x7a0883f200
08-02 10:58:07.453 13711 13711 I rutils  : RUtils init
08-02 10:58:07.454 13711 13711 D rutils  : nR = 0
08-02 10:58:07.454  1882  4719 I chatty  : uid=1000(system) Binder:1882_13 expire 2 lines
08-02 10:58:07.460 13711 13713 D rutils  : workthread procMonitor begin to run, processName = rutilsdaemon!
08-02 10:58:07.462 11922 11922 D RUtils  : isRUtilsEnable oppo.service.rutils.enable = 1!
08-02 10:58:07.462 11922 11922 D RUtils  : waitForRUtilsEnable OK!
08-02 10:58:07.463 11922 11922 E         : android_rutils_RUtils :: bArrSize = 51 
08-02 10:58:07.466  1882  4719 I ActivityManager: Killing 11677:com.coloros.aiservice/u0a79 (adj 906): empty #17
08-02 10:58:07.474  1882  2038 D DropBoxManagerService: file :: /data/system/dropbox/2019@08@02@PBAM00_11.A.20_0200_201907012147@example.xuyulin.xiaosheng@app_tombstone@3183053942_1564714687330_1564714687472.txt.gz  tag is app_tombstone
08-02 10:58:07.481  1882  1882 I chatty  : uid=1000 system_server expire 14 lines
08-02 10:58:07.493  4834  4841 I zygote64: Do partial code cache collection, code=126KB, data=92KB
08-02 10:58:07.494  4834  4841 I zygote64: After code cache collection, code=126KB, data=92KB
08-02 10:58:07.494  4834  4841 I zygote64: Increasing code cache capacity to 512KB
08-02 10:58:07.494  1882  3471 W ActivityManager: app.persistent false app.isolated false app.removed false app ProcessRecord{2cece80 10814:com.ted.number/u0a24}
08-02 10:58:07.506  1882  3063 D NetworkPolicy: no need to update restrict data rules for uid 10174
08-02 10:58:07.506  1882  3063 D NetworkPolicy: no need to update restrict power rules for uid 10174
08-02 10:58:07.511  4442  4442 D Launcher.Launcher:  onResume restoring = false, loading = false :ScreenState, visible = false, pause = true, screenOn = true, kgdLocked = false
08-02 10:58:07.513 11922 11922 D RUtils  : isRUtilsEnable oppo.service.rutils.enable = 1!
08-02 10:58:07.513  5481  5481 I OppoConvertIcon: maskBitmap -- sIconBackground == null
08-02 10:58:07.513 11922 11922 D RUtils  : waitForRUtilsEnable OK!
08-02 10:58:07.513 11922 11922 E         : android_rutils_RUtils :: bArrSize = 64 
08-02 10:58:07.514  1882  4722 W ActivityManager: getTaskSnapshot: taskId=1244 not found
08-02 10:58:07.515  4442  4442 D Launcher.Workspace: onResume -- mCurrentPage = 2
08-02 10:58:07.516  4442  4442 D Launcher.Launcher: onResume end, this = com.oppo.launcher.Launcher@1407659
08-02 10:58:07.515   680   725 E ANDR-PERF-RESOURCEQS: Failed to reset optimization [3, 0]
08-02 10:58:07.526  1882  3471 I ActivityManager: Force stopping example.xuyulin.xiaosheng appid=10174 user=0: from pid 4558
08-02 10:58:07.536  1882  3455 V WindowManager: Changing focus from null to Window{fb6c1ce u0 com.oppo.launcher/com.oppo.launcher.Launcher}
08-02 10:58:07.538  3444  3444 D CarrierSvcBindHelper: No carrier app for: 0
08-02 10:58:07.540 11922 11922 D RUtils  : isRUtilsEnable oppo.service.rutils.enable = 1!
08-02 10:58:07.540 11922 11922 D RUtils  : waitForRUtilsEnable OK!
08-02 10:58:07.541 11922 11922 E         : android_rutils_RUtils :: bArrSize = 49 
08-02 10:58:07.541  3444  3444 D CarrierSvcBindHelper: No carrier app for: 1
08-02 10:58:07.586 11922 13723 I QualityProtectService: EAP_LOG:eap_log_crash
08-02 10:58:07.586 11922 13723 I QualityProtectService: keep service alive
08-02 10:58:07.587  3275  3324 I chatty  : uid=1000(system) Profile Saver expire 12 lines
08-02 10:58:07.643  4558  5326 I System.out: Not need to boost!
08-02 10:58:07.650  4558  5326 D libc-netbsd: [getaddrinfo]:  hostname=api.open.oppomobile.com;  servname=(null);  app_pid=4558;  app_uid=1000;  ai_flags=1024;  ai_family=0; ai_socktype=1 from prox result 0
08-02 10:58:07.664  3186 13677 E PrivacyPasswordUtils: getPrivcyIno end
08-02 10:58:07.682  1882  4722 W ActivityManager: app.persistent false app.isolated false app.removed false app ProcessRecord{248a1d3 11677:com.coloros.aiservice/u0a79}
08-02 10:58:08.006  1882  1891 I chatty  : uid=1000(system) HeapTaskDaemon expire 6 lines
08-02 10:58:08.177  1882  4260 I BackupManagerService: FullBackupJob.schedule canceled from scheduleNextFullBackupJob Method
08-02 10:58:08.191 13691 13691 W SelfCure_CureLoader: tryLoadPatchFiles:patch dir not exist:/data/user/0/com.oppo.market/tinker
08-02 10:58:08.225 13691 13691 D Tinker.DefaultAppLike: onBaseContextAttached:
08-02 10:58:08.235 13691 13691 I MultiDex: VM with version 2.1.0 has multidex support
08-02 10:58:08.235 13691 13691 I MultiDex: Installing application
08-02 10:58:08.235 13691 13691 I MultiDex: VM has multidex support, MultiDex support library is disabled.
08-02 10:58:08.240 13691 13691 I Tinker.ComponentHotplug: method install() is not invoked, ignore ensuring operations.
08-02 10:58:08.241 13691 13691 D Tinker.DefaultAppLike: onCreate
08-02 10:58:08.469  1882  2029 I chatty  : uid=1000(system) android.ui expire 8 lines
08-02 10:58:08.494  3224  3230 I zygote64: Do partial code cache collection, code=59KB, data=54KB
08-02 10:58:08.494  3224  3230 I zygote64: After code cache collection, code=59KB, data=54KB
08-02 10:58:08.494  3224  3230 I zygote64: Increasing code cache capacity to 256KB
08-02 10:58:08.494  3224  3230 I zygote64: Compiler allocated 4MB to compile void com.nearme.statistics.rom.a.c.e.a(android.content.Context, java.lang.String, java.lang.String, boolean, boolean)
08-02 10:58:08.525  3224  3261 I DCS-NetHelper: isOppoCtaUpdateServiceOn val:true
08-02 10:58:08.964  3224  3261 I DCS-NetHelper: isOppoCtaUpdateServiceOn val:true
08-02 10:58:10.453 13618 13683 D WordDictionary: main dict load finished, time elapsed 3711 ms
08-02 10:58:10.724 13618 13683 I System.out: model load finished, time elapsed 267 ms.
08-02 10:58:10.732 13618 13683 D AppNameSegmenter: process: app Name = Xiaosheng, SegMode.INDEX, tokenList = [[xiao, 0, 4], [sheng, 4, 9]], cost time = 3
08-02 10:58:10.897 13618 13623 I zygote  : Do partial code cache collection, code=29KB, data=20KB
08-02 10:58:10.898 13618 13623 I zygote  : After code cache collection, code=19KB, data=15KB
08-02 10:58:10.898 13618 13623 I zygote  : Increasing code cache capacity to 128KB
08-02 10:58:10.916 13618 13683 D PinyinUtils: getPinyin: str = xiao, full = xiao, cap = xiao, cost time = 1
08-02 10:58:10.916 13618 13683 D PinyinUtils: getPinyin: str = sheng, full = sheng, cap = sheng, cost time = 0
08-02 10:58:10.917 13618 13683 D AppNameInfo: buildAppNameSegs: appName = Xiaosheng, costTime = 4181
08-02 10:58:10.918 13618 13683 D PinyinUtils: getPinyin: str = Xiaosheng, full = Xiaosheng, cap = Xiaosheng, cost time = 1
08-02 10:58:12.717  1882  5018 I ActivityManager: Killing 12577:com.coloros.mcs:dcs/1000 (adj 906): empty #17
08-02 10:58:12.773  1882  5018 W ActivityManager: app.persistent false app.isolated false app.removed false app ProcessRecord{9389eb4 12577:com.coloros.mcs:dcs/1000}
08-02 10:58:13.368 13250 13264 W zygote64: Checksum mismatch for dex Settings.apk
08-02 10:58:18.745  1882  1882 D OppoEngineerService: onReceive intent = Intent { act=android.intent.action.BATTERY_CHANGED flg=0x60000010 (has extras) }
08-02 10:58:13.368 13250 13264 W zygote64: Checksum mismatch for dex Settings.apk
08-02 10:58:18.748  3444  3444 D QtiCarrierConfigHelper: WARNING, no carrier configs on phone Id: 0
08-02 10:58:35.426  1882  2027 I ActivityManager: Killing 13100:com.coloros.gallery3d/u0a39 (adj 906): empty #17
08-02 10:58:35.430  1882  2031 I chatty  : uid=1000(system) ActivityManager expire 10 lines
08-02 10:58:35.493  1882  2027 D NetworkPolicy: no need to update restrict power rules for uid 1000
08-02 10:58:35.508  1882  4907 W ActivityManager: app.persistent false app.isolated false app.removed false app ProcessRecord{9f83d0 13100:com.coloros.gallery3d/u0a39}
08-02 10:58:37.462 13711 13713 E rutils  : releaseProcess gCount = 0
08-02 10:58:37.474   463   463 I ServiceManager: service 'oppo.com.IRUtils' died
08-02 10:58:43.984  1882 10862 I chatty  : uid=1000(system) OkHttp Connecti expire 10 lines
08-02 10:58:44.268   669   835 E qti_sensors_hal: processReportInd: light = 337.000000, prox data = 15.000000, timestamp = 882737850
08-02 10:58:46.417  1882 13751 I chatty  : uid=1000 system_server expire 1 line
08-02 10:58:46.419  1882 13750 I chatty  : uid=1000 system_server expire 1 line
08-02 10:58:46.419  1882 13752 I chatty  : uid=1000 system_server expire 1 line
08-02 10:58:51.284  4442  4488 W zygote64: Checksum mismatch for dex OppoSmallWeatherWidget.apk
08-02 10:58:51.284  4442  4488 W zygote64: Checksum mismatch for dex OppoSmallWeatherWidget.apk
08-02 10:58:51.286  4442  4488 W zygote64: Checksum mismatch for dex OppoLauncher.apk
08-02 10:58:53.440  1882  5026 I ActivityManager: START u0 {act=android.intent.action.MAIN cat=[android.intent.category.LAUNCHER] flg=0x10200000 cmp=example.xuyulin.xiaosheng/.MainActivity bnds=[527,1009][695,1191]} from uid 10020 and from pid 4442
08-02 10:58:51.286  4442  4488 W zygote64: Checksum mismatch for dex OppoLauncher.apk
08-02 10:58:53.443   680   725 E ANDR-PERF-MPCTL: Invalid profile no. 0, total profiles 0 only
08-02 10:58:53.443   680   725 E ANDR-PERF-OPTSHANDLER: Perflock resource /proc/sys/kernel/sched_spill_nr_run not supported
08-02 10:58:53.443   680   725 E ANDR-PERF-RESOURCEQS: Failed to apply optimization [3, 11]
08-02 10:58:53.443   680   725 E ANDR-PERF-OPTSHANDLER: Perflock resource /proc/sys/kernel/sched_restrict_cluster_spill not supported
08-02 10:58:53.443   680   725 E ANDR-PERF-RESOURCEQS: Failed to apply optimization [3, 13]
08-02 10:58:53.445   465   465 W /system/bin/hwservicemanager: getTransport: Cannot find entry vendor.qti.hardware.iop@2.0::IIop/default in either framework or device manifest.
08-02 10:58:53.445  1882  5026 I chatty  : uid=1000(system) Binder:1882_1F expire 16 lines
08-02 10:58:53.447   680   725 E ANDR-PERF-OPTSHANDLER: Perflock resource /proc/sys/kernel/sched_spill_nr_run not supported
08-02 10:58:53.447   680   725 E ANDR-PERF-RESOURCEQS: Failed to apply optimization [3, 11]
08-02 10:58:53.447   680   725 E ANDR-PERF-OPTSHANDLER: Perflock resource /proc/sys/kernel/sched_restrict_cluster_spill not supported
08-02 10:58:53.447   680   725 E ANDR-PERF-RESOURCEQS: Failed to apply optimization [3, 13]
08-02 10:58:53.464  1882  4721 I chatty  : uid=1000(system) Binder:1882_14 expire 2 lines
08-02 10:58:53.482  1882  4721 I ActivityManager: Start proc 13762:example.xuyulin.xiaosheng/u0a174 for activity example.xuyulin.xiaosheng/.MainActivity
08-02 10:58:53.484   669   669 E qti_sensors_hal: batch:sensor(android.sensor.accelerometer) handle:1 enabled:0 flags:0x0 period_ns 66667000
08-02 10:58:53.484   669   669 E qti_sensors_hal: batch:sensor(android.sensor.accelerometer) sample_rate=14.999925Hz report_rate_f=10.000000Hz curr sample rate:14.999925 cur rpt rate:655360 max:200.000000 min:1.000000
08-02 10:58:53.486 13762 13762 I chatty  : uid=10174(example.xuyulin.xiaosheng) expire 199 lines
08-02 10:58:53.493  4442  4442 D Launcher.Workspace: updateApps -- updated from open group = false
08-02 10:58:53.507  4442  4442 D Launcher.CellLayout: updateAppInfo -- success! app = App{T=Xiaosheng U=true UN=0 CN=ComponentInfo{example.xuyulin.xiaosheng/example.xuyulin.xiaosheng.MainActivity} IS=-1 DP = 0 TP = 0 S=1001 C=-100 cell=3/5 span=1/1 rank=0}
08-02 10:58:53.507  4442  4442 D Launcher.Workspace: updateApps -- updated from page = true
08-02 10:58:53.509  1882  4786 I chatty  : uid=1000(system) Binder:1882_19 expire 5 lines
08-02 10:58:53.558  1882  5026 D NetworkPolicy: uid 10070 is allowed on unmetered network
08-02 10:58:53.585  1882  5026 I chatty  : uid=1000(system) Binder:1882_1F identical 6 lines
08-02 10:58:53.587  1882  5026 D NetworkPolicy: uid 10070 is allowed on unmetered network
08-02 10:58:53.602  1882  5027 D ActivityManager: TOP_APP is ProcessRecord{b5f2350 13762:example.xuyulin.xiaosheng/u0a174} uid is 10174
08-02 10:58:53.610  1882  5027 V WindowManager: Changing focus from Window{fb6c1ce u0 com.oppo.launcher/com.oppo.launcher.Launcher} to null
08-02 10:58:53.624  1882  3063 D NetworkPolicy: no need to update restrict data rules for uid 10174
08-02 10:58:53.624  1882  3063 D NetworkPolicy: no need to update restrict power rules for uid 10174
08-02 10:58:53.629   669   835 E qti_sensors_hal: processReportInd:accel X: -0.323624 Y: 5.563446 Z: 8.123581 , timestamp = 883044590
08-02 10:58:53.652  1882  5027 I chatty  : uid=1000(system) Binder:1882_20 expire 13 lines
08-02 10:58:53.671   669   835 E qti_sensors_hal: processReportInd:accel X: -0.637436 Y: 5.543823 Z: 8.594299 , timestamp = 883046002
08-02 10:58:53.712   669   835 E qti_sensors_hal: processReportInd:accel X: -0.441299 Y: 5.484985 Z: 8.437393 , timestamp = 883047330
08-02 10:58:53.865  1882  2028 D OppoUsageService: isSystemApp system app, uid =1000
08-02 10:58:53.876 13762 13762 F libc    : Fatal signal 11 (SIGSEGV), code 2, fault addr 0x7b5d36db77 in tid 13762 (yulin.xiaosheng), pid 13762 (yulin.xiaosheng)
08-02 10:58:53.928 13785 13785 I chatty  : uid=10174(example.xuyulin.xiaosheng) expire 2 lines
08-02 10:58:53.928  1217  1217 I /system/bin/tombstoned: received crash request for pid 13762
08-02 10:58:53.930 13785 13785 F DEBUG   : *** *** *** *** *** *** *** *** *** *** *** *** *** *** *** ***
08-02 10:58:53.930 13785 13785 F DEBUG   : Build fingerprint: 'OPPO/PBAM00/PBAM00:8.1.0/OPM1.171019.026/1559217846:user/release-keys'
08-02 10:58:53.930 13785 13785 F DEBUG   : Revision: '0'
08-02 10:58:53.930 13785 13785 F DEBUG   : ABI: 'arm64'
08-02 10:58:53.930 13785 13785 F DEBUG   : pid: 13762, tid: 13762, name: yulin.xiaosheng  >>> example.xuyulin.xiaosheng <<<
08-02 10:58:53.930 13785 13785 F DEBUG   : signal 11 (SIGSEGV), code 2 (SEGV_ACCERR), fault addr 0x7b5d36db77
08-02 10:58:53.930 13785 13785 F DEBUG   :     x0   0000007b77ffd9d0  x1   0000007fc97b5390  x2   0000000000000000  x3   0000007b75ed32a7
08-02 10:58:53.930 13785 13785 F DEBUG   :     x4   0000007fc97b5370  x5   0000000000003800  x6   0000007b77e0d630  x7   000000000000002f
08-02 10:58:53.930 13785 13785 F DEBUG   :     x8   0000007b5d36db78  x9   0000007b5d36db77  x10  0000007b77ffd9d0  x11  0000000000000078
08-02 10:58:53.930 13785 13785 F DEBUG   :     x12  0000000000000003  x13  00000000ffffffff  x14  00000000000000e4  x15  0000000000000031
08-02 10:58:53.930 13785 13785 F DEBUG   :     x16  0000000000000031  x17  0000007bfbcb9614  x18  000000000000000d  x19  0000007b77ec2a00
08-02 10:58:53.930 13785 13785 F DEBUG   :     x20  0000007b75ea74a0  x21  0000007b77ec2a00  x22  0000007fc97b577c  x23  0000007b5d6af504
08-02 10:58:53.930 13785 13785 F DEBUG   :     x24  0000000000000008  x25  0000007bfd142a40  x26  0000007b77ec2aa0  x27  0000000000000002
08-02 10:58:53.930 13785 13785 F DEBUG   :     x28  0000000000000002  x29  0000007fc97b54b0  x30  0000007b5d351e4c
08-02 10:58:53.930 13785 13785 F DEBUG   :     sp   0000007fc97b5470  pc   0000007b5d351ec0  pstate 0000000020000000
08-02 10:58:53.931 13785 13785 F DEBUG   : 
08-02 10:58:53.931 13785 13785 F DEBUG   : backtrace:
08-02 10:58:53.931 13785 13785 F DEBUG   :     #00 pc 000000000000fec0  /data/app/example.xuyulin.xiaosheng-ALn5YdAP5b7SPDeL83sg1Q==/lib/arm64/libxiaosheng-lib.so (Java_example_xuyulin_xiaosheng_MainActivity_getCritical+180)
08-02 10:58:53.931 13785 13785 F DEBUG   :     #01 pc 00000000000090b8  /data/app/example.xuyulin.xiaosheng-ALn5YdAP5b7SPDeL83sg1Q==/oat/arm64/base.odex (offset 0x9000)
08-02 10:58:54.696  1217  1217 E /system/bin/tombstoned: Tombstone written to: /data/tombstones/tombstone_04
08-02 10:58:54.700  1882 13786 W ActivityManager:   Force finishing activity example.xuyulin.xiaosheng/.MainActivity
08-02 10:58:54.701  1882  2038 I BootReceiver: Copying /data/tombstones/tombstone_04 to DropBox (SYSTEM_TOMBSTONE)
08-02 10:58:54.723  1882 13788 D DropBoxManagerService: file :: /data/system/dropbox/data_app_native_crash@1564714734716.txt  tag is data_app_native_crash
08-02 10:58:54.732  1882  5026 D ActivityManager: TOP_APP is ProcessRecord{7255aa5 4442:com.oppo.launcher/u0a20} uid is 10020
08-02 10:58:54.737  1882  2038 W common_test: context is null!
08-02 10:58:54.750 11922 11922 D RUtils  : isRUtilsEnable oppo.service.rutils.enable = 0!
08-02 10:58:54.750 11922 11922 D RUtils  : setRutilsEnable times == 0
08-02 10:58:54.750 11922 11922 D RUtils  : mActivitymanager != null setRutilsEnable!
08-02 10:58:54.777 13789 13789 I rutils  : BpServiceManager->addService
08-02 10:58:54.777 13789 13789 I rutils  : ServiceManager:0x7d9fc3f200
08-02 10:58:54.778 13789 13789 I rutils  : RUtils init
08-02 10:58:54.778 13789 13790 D rutils  : workthread procMonitor begin to run, processName = rutilsdaemon!
08-02 10:58:54.778 13789 13789 D rutils  : nR = 0
08-02 10:58:54.797  1882  2038 D DropBoxManagerService: file :: /data/system/dropbox/2019@08@02@PBAM00_11.A.20_0200_201907012147@example.xuyulin.xiaosheng@app_tombstone@4716765117_1564714734734_1564714734795.txt.gz  tag is app_tombstone
08-02 10:58:54.801 11922 11922 D RUtils  : isRUtilsEnable oppo.service.rutils.enable = 1!
08-02 10:58:54.801 11922 11922 D RUtils  : waitForRUtilsEnable OK!
08-02 10:58:54.801 11922 11922 E         : android_rutils_RUtils :: bArrSize = 51 
08-02 10:58:54.822 11922 11922 D RUtils  : isRUtilsEnable oppo.service.rutils.enable = 1!
08-02 10:58:54.823 11922 11922 D RUtils  : waitForRUtilsEnable OK!
08-02 10:58:54.823 11922 11922 E         : android_rutils_RUtils :: bArrSize = 64 
08-02 10:58:54.832  1882  5027 I ActivityManager: Process example.xuyulin.xiaosheng (pid 13762) has died: vis  +99TOP 
08-02 10:58:54.833  1882  5027 W ActivityManager: app.persistent false app.isolated false app.removed false app ProcessRecord{b5f2350 13762:example.xuyulin.xiaosheng/u0a174}
08-02 10:58:54.833  1882  2031 I chatty  : uid=1000(system) ActivityManager expire 16 lines
08-02 10:58:54.835  1171  1171 I Zygote  : Process 13762 exited due to signal (11)
08-02 10:58:54.841  1882  2387 W WindowManager: Failed looking up window callers=com.android.server.wm.WindowManagerService.windowForClientLocked:7043 com.android.server.wm.WindowManagerService.removeWindow:2319 com.android.server.wm.Session.remove:225 
08-02 10:58:54.863 11922 11922 D RUtils  : isRUtilsEnable oppo.service.rutils.enable = 1!
08-02 10:58:54.863  1882  5026 V WindowManager: Changing focus from null to Window{fb6c1ce u0 com.oppo.launcher/com.oppo.launcher.Launcher}
08-02 10:58:54.863 11922 11922 D RUtils  : waitForRUtilsEnable OK!
08-02 10:58:54.864 11922 11922 E         : android_rutils_RUtils :: bArrSize = 49 
08-02 10:58:54.867  3275  3275 I chatty  : uid=1000(system) com.android.systemui expire 15 lines
08-02 10:58:54.873  4442  4442 D Launcher.Launcher:  onResume restoring = false, loading = false :ScreenState, visible = true, pause = true, screenOn = true, kgdLocked = false
08-02 10:58:54.878  4442  4442 D Launcher.Workspace: onResume -- mCurrentPage = 1
08-02 10:58:54.879  1882  3063 D NetworkPolicy: no need to update restrict data rules for uid 10174
08-02 10:58:54.879  1882  3063 D NetworkPolicy: no need to update restrict power rules for uid 10174
08-02 10:58:54.879  4442  4442 D Launcher.Launcher: onResume end, this = com.oppo.launcher.Launcher@1407659
08-02 10:58:54.887 11922 13798 I QualityProtectService: EAP_LOG:eap_log_crash
08-02 10:58:54.887 11922 13798 I QualityProtectService: keep service alive
08-02 10:58:55.447   680   725 E ANDR-PERF-RESOURCEQS: Failed to reset optimization [3, 0]
08-02 10:58:55.487  4558  5326 W Bundle  : Key code expected Integer but value was a java.lang.Long.  The default value 0 was returned.
08-02 10:58:55.487  4558  5326 W Bundle  : Attempt to cast generated internal exception:
08-02 10:58:55.487  4558  5326 W Bundle  : java.lang.ClassCastException: java.lang.Long cannot be cast to java.lang.Integer
08-02 10:58:55.487  4558  5326 W Bundle  : 	at android.os.BaseBundle.getInt(BaseBundle.java:999)
08-02 10:58:55.487  4558  5326 W Bundle  : 	at android.os.BaseBundle.getInt(BaseBundle.java:981)
08-02 10:58:55.487  4558  5326 W Bundle  : 	at com.coloros.abnormalmanager.AbnormalManagerService.f(Unknown Source:44)
08-02 10:58:55.487  4558  5326 W Bundle  : 	at com.coloros.abnormalmanager.AbnormalManagerService.au(Unknown Source:0)
08-02 10:58:55.487  4558  5326 W Bundle  : 	at com.coloros.abnormalmanager.g.handleMessage(Unknown Source:67)
08-02 10:58:55.487  4558  5326 W Bundle  : 	at android.os.Handler.dispatchMessage(Handler.java:106)
08-02 10:58:55.487  4558  5326 W Bundle  : 	at android.os.Looper.loop(Looper.java:198)
08-02 10:58:55.487  4558  5326 W Bundle  : 	at android.os.HandlerThread.run(HandlerThread.java:65)
08-02 10:58:56.330  1882  2417 I chatty  : uid=1000(system) InputReader expire 17 lines
08-02 10:58:56.330  1882  2417 I PowerManagerService: Going to sleep due to power button (uid 1000)...
08-02 10:58:56.331  1882  2417 D PowerManagerService: wakelock list dump: mLocks.size=2:
08-02 10:58:56.331  1882  2417 D PowerManagerService: No.0: PARTIAL_WAKE_LOCK              '*job*/com.oppo.logkit/.service.UploadJobSchedulerService'activated(flags=1, uid=1000, pid=1882) total=94915ms)
08-02 10:58:56.331  1882  2417 D PowerManagerService: No.1: PARTIAL_WAKE_LOCK              'PhoneWindowManager.mPowerKeyWakeLock'activated(flags=1, uid=1000, pid=1882) total=123ms)
08-02 10:58:56.332  1882  3108 I chatty  : uid=1000(system) aceService.Main expire 4 lines
08-02 10:58:56.332  1882  3108 D KeyguardServiceWrapper: onWakeUp
08-02 10:58:56.339  3275 10790 I chatty  : uid=1000(system) Binder:3275_B expire 3 lines
08-02 10:58:56.340  1135 10803 I AudioPolicyManagerCustom: FLAG None hence request for a primary output
08-02 10:58:56.341  1135 10803 I AudioPolicyManagerCustom: FLAG None hence request for a primary output
08-02 10:58:56.341  3275  3585 I chatty  : uid=1000(system) pool-1-thread-1 expire 11 lines
08-02 10:58:56.342  1135 10803 D voice_scence_discern: add name:sample_rate,  value:44100
08-02 10:58:56.342  1135 10803 V voice_scence_discern: add name:sample_rate value:44100 list:0xec7a2390
08-02 10:58:56.342  1135 10803 D voice_scence_discern: add name:channels,  value:1
08-02 10:58:56.342  1135 10803 V voice_scence_discern: add name:channels value:1 list:0xec7a2390
08-02 10:58:56.342  1135 10803 D voice_scence_discern: get scence process pid:3275, name:com.android.systemui
08-02 10:58:56.342  1135 10803 V voice_scence_discern: this process not in init apk. apk_list:0xeca5e180
08-02 10:58:56.343   656  1360 D compress_voip: voice_extn_compress_voip_out_get_parameters: enter
08-02 10:58:56.345  1882  2129 I chatty  : uid=1000(system) PowerManagerSer expire 19 lines
08-02 10:58:56.346   697  2424 W SurfaceFlinger: processName=system_server, line=5435, capwithRCLayer=1
08-02 10:58:56.347   656  1360 D audio_hw_spkr_prot: audio_extn_fbsp_get_parameters: Speaker protection disabled
08-02 10:58:56.347   656  1360 D audio_hw_extn: audio_extn_get_parameters: returns 
08-02 10:58:56.348  1135  1366 D APM_AudioPolicyManager: startOutput() output 13, stream 1, session 41
08-02 10:58:56.349  1135  1366 D AudioPolicyManagerCustom: startSource output 13 first active
08-02 10:58:56.349  1135  1366 D APM_AudioPolicyManager: setOutputDevice() output 13 device 0002 force 0 delayMs 0
08-02 10:58:56.350   697   697 E SurfaceFlinger: display[0]did not cap the ColorOSEdgeFloatBar#0
08-02 10:58:56.351   656  7049 D audio_hw_primary: start_output_stream: enter: stream(0xea794000)usecase(1: low-latency-playback) devices(0x2)
08-02 10:58:56.352   656  7049 D audio_hw_primary: start_output_stream: out->scence:0
08-02 10:58:56.352   656  7049 D audio_hw_primary: select_devices for use case (low-latency-playback)
08-02 10:58:56.352   656  7049 D OPPO_AUDIO_SCENCE: handle:13, scence:0, out->usecase:1
08-02 10:58:56.352   656  7049 D OPPO_AUDIO_SCENCE: get_output_snd_device_common: is_tmgp_foreground 1
08-02 10:58:56.352   656  7049 D audio_hw_primary: select_devices: out_snd_device(2: speaker) in_snd_device(0: )
08-02 10:58:56.352   656  7049 I msm8916_platform: platform_check_and_set_codec_backend_cfg:becf: afe: bitwidth 16, samplerate 48000 channels 1, backend_idx 0 usecase = 1 device (speaker)
08-02 10:58:56.352   656  7049 D msm8916_platform: platform_split_snd_device: snd_device(2) num devices(1) new_snd_devices(0)
08-02 10:58:56.352   656  7049 I msm8916_platform: platform_check_and_set_codec_backend_cfg: becf: new_snd_devices[0] is speaker
08-02 10:58:56.352   656  7049 I msm8916_platform: platform_check_codec_backend_cfg:becf: afe: Codec selected backend: 0 current bit width: 16 sample rate: 48000 channels: 1 usecase 1 device (speaker)
08-02 10:58:56.352   656  7049 D msm8916_platform: platform_check_codec_backend_cfg:becf: afe: playback on codec device not supporting native playback set default Sample Rate(48k)
08-02 10:58:56.352   656  7049 D msm8916_platform: platform_check_codec_backend_cfg:becf: afe: only 48KHZ sample rate is supported Configure afe to default Sample Rate(48k)
08-02 10:58:56.352   656  7049 I msm8916_platform: platform_check_codec_backend_cfg:becf: afe: Codec selected backend: 0 updated bit width: 16 sample rate: 48000 channels: 1
08-02 10:58:56.352   656  7049 D audio_hw_primary: check_usecases_codec_backend:becf: force routing 0
08-02 10:58:56.352   656  7049 E msm8916_platform: platform_check_backends_match: Invalid snd_device = 
08-02 10:58:56.352   656  7049 D audio_hw_primary: check_usecases_codec_backend:becf: (63) check_usecases curr device: speaker, usecase device: backends match 0
08-02 10:58:56.352   656  7049 D audio_hw_primary: check_usecases_codec_backend:becf: check_usecases num.of Usecases to switch 0
08-02 10:58:56.353   656  7049 D hardware_info: hw_info_append_hw_type : device_name = speaker
08-02 10:58:56.353   656  7049 D msm8916_platform: platform_split_snd_device: snd_device(2) num devices(0) new_snd_devices(0)
08-02 10:58:56.353   656  7049 D audio_hw_primary: enable_snd_device: snd_device(2: speaker)
08-02 10:58:56.353   656  7049 D audio_route: Apply path: speaker
08-02 10:58:56.353   680   725 E ANDR-PERF-MPCTL: Invalid profile no. 0, total profiles 0 only
08-02 10:58:56.363   656  7049 E soundtrigger: audio_extn_sound_trigger_update_stream_status: invalid input device 0x0, for event 3
08-02 10:58:56.363   656  7049 D soundtrigger: audio_extn_sound_trigger_update_stream_status: uc_info->id 1 of type 0 for Event 3, with Raise=0
08-02 10:58:56.363   656  7049 D audio_hw_utils: audio_extn_utils_send_app_type_cfg: usecase->out_snd_device speaker
08-02 10:58:56.363   656  7049 D msm8916_platform: platform_split_snd_device: snd_device(2) num devices(0) new_snd_devices(0)
08-02 10:58:56.364   656  7049 D audio_hw_utils: audio_extn_btsco_get_sample_rate:Not a BT SCO device, need not update sampling rate
08-02 10:58:56.364   656  7049 I audio_hw_utils: send_app_type_cfg_for_device PLAYBACK app_type 69937, acdb_dev_id 15, sample_rate 48000, snd_device_be_idx 43
08-02 10:58:56.364   656  7049 D msm8916_platform: platform_split_snd_device: snd_device(2) num devices(1) new_snd_devices(0)
